stm32l4xx_hal_dma2d.c:238:19:HAL_DMA2D_Init	16	static
stm32l4xx_hal_dma2d.c:327:19:HAL_DMA2D_DeInit	16	static
stm32l4xx_hal_dma2d.c:417:13:HAL_DMA2D_MspInit	16	static
stm32l4xx_hal_dma2d.c:433:13:HAL_DMA2D_MspDeInit	16	static
stm32l4xx_hal_dma2d.c:689:19:HAL_DMA2D_Start	32	static
stm32l4xx_hal_dma2d.c:725:19:HAL_DMA2D_Start_IT	32	static
stm32l4xx_hal_dma2d.c:762:19:HAL_DMA2D_BlendingStart	32	static
stm32l4xx_hal_dma2d.c:825:19:HAL_DMA2D_BlendingStart_IT	32	static
stm32l4xx_hal_dma2d.c:884:19:HAL_DMA2D_Abort	24	static
stm32l4xx_hal_dma2d.c:933:19:HAL_DMA2D_Suspend	24	static
stm32l4xx_hal_dma2d.c:982:19:HAL_DMA2D_Resume	16	static
stm32l4xx_hal_dma2d.c:1010:19:HAL_DMA2D_EnableCLUT	16	static
stm32l4xx_hal_dma2d.c:1046:19:HAL_DMA2D_CLUTStartLoad	24	static
stm32l4xx_hal_dma2d.c:1100:19:HAL_DMA2D_CLUTStartLoad_IT	24	static
stm32l4xx_hal_dma2d.c:1164:19:HAL_DMA2D_CLUTLoad	24	static
stm32l4xx_hal_dma2d.c:1221:19:HAL_DMA2D_CLUTLoad_IT	24	static
stm32l4xx_hal_dma2d.c:1279:19:HAL_DMA2D_CLUTLoading_Abort	24	static
stm32l4xx_hal_dma2d.c:1336:19:HAL_DMA2D_CLUTLoading_Suspend	32	static
stm32l4xx_hal_dma2d.c:1401:19:HAL_DMA2D_CLUTLoading_Resume	16	static
stm32l4xx_hal_dma2d.c:1444:19:HAL_DMA2D_PollForTransfer	32	static
stm32l4xx_hal_dma2d.c:1572:6:HAL_DMA2D_IRQHandler	24	static
stm32l4xx_hal_dma2d.c:1742:13:HAL_DMA2D_LineEventCallback	16	static
stm32l4xx_hal_dma2d.c:1758:13:HAL_DMA2D_CLUTLoadingCpltCallback	16	static
stm32l4xx_hal_dma2d.c:1801:19:HAL_DMA2D_ConfigLayer	32	static
stm32l4xx_hal_dma2d.c:1901:19:HAL_DMA2D_ConfigCLUT	24	static
stm32l4xx_hal_dma2d.c:1955:19:HAL_DMA2D_ProgramLineEvent	16	static
stm32l4xx_hal_dma2d.c:1991:19:HAL_DMA2D_EnableDeadTime	16	static
stm32l4xx_hal_dma2d.c:2014:19:HAL_DMA2D_DisableDeadTime	16	static
stm32l4xx_hal_dma2d.c:2040:19:HAL_DMA2D_ConfigDeadTime	16	static
stm32l4xx_hal_dma2d.c:2085:24:HAL_DMA2D_GetState	16	static
stm32l4xx_hal_dma2d.c:2096:10:HAL_DMA2D_GetError	16	static
stm32l4xx_hal_dma2d.c:2124:13:DMA2D_SetConfig	48	static
