stm32l4xx_hal_dcmi.c:237:19:HAL_DCMI_Init	16	static
stm32l4xx_hal_dcmi.c:345:19:HAL_DCMI_DeInit	16	static
stm32l4xx_hal_dcmi.c:391:13:HAL_DCMI_MspInit	16	static
stm32l4xx_hal_dcmi.c:407:13:HAL_DCMI_MspDeInit	16	static
stm32l4xx_hal_dcmi.c:467:19:HAL_DCMI_Start_DMA	32	static
stm32l4xx_hal_dcmi.c:589:19:HAL_DCMI_Stop	24	static
stm32l4xx_hal_dcmi.c:644:19:HAL_DCMI_Suspend	24	static
stm32l4xx_hal_dcmi.c:694:19:HAL_DCMI_Resume	16	static
stm32l4xx_hal_dcmi.c:720:6:HAL_DCMI_IRQHandler	24	static
stm32l4xx_hal_dcmi.c:819:13:HAL_DCMI_ErrorCallback	16	static
stm32l4xx_hal_dcmi.c:835:13:HAL_DCMI_LineEventCallback	16	static
stm32l4xx_hal_dcmi.c:851:13:HAL_DCMI_VsyncEventCallback	16	static
stm32l4xx_hal_dcmi.c:867:13:HAL_DCMI_FrameEventCallback	16	static
stm32l4xx_hal_dcmi.c:911:19:HAL_DCMI_ConfigCrop	24	static
stm32l4xx_hal_dcmi.c:944:19:HAL_DCMI_DisableCrop	16	static
stm32l4xx_hal_dcmi.c:970:19:HAL_DCMI_EnableCrop	16	static
stm32l4xx_hal_dcmi.c:998:20:HAL_DCMI_ConfigSyncUnmask	16	static
stm32l4xx_hal_dcmi.c:1050:23:HAL_DCMI_GetState	16	static
stm32l4xx_hal_dcmi.c:1061:10:HAL_DCMI_GetError	16	static
stm32l4xx_hal_dcmi.c:1078:19:HAL_DCMI_RegisterCallback	32	static
stm32l4xx_hal_dcmi.c:1163:19:HAL_DCMI_UnRegisterCallback	24	static
stm32l4xx_hal_dcmi.c:1254:13:DCMI_DMAXferCplt	40	static
stm32l4xx_hal_dcmi.c:1370:13:DCMI_DMAHalfXferCplt	32	static
stm32l4xx_hal_dcmi.c:1431:13:DCMI_DMAError	24	static
stm32l4xx_hal_dcmi.c:1463:17:DCMI_TransferSize	96	static
