Archive member included to satisfy reference by file (symbol)

/Applications/STM32CubeIDE.app/Contents/Eclipse/plugins/com.st.stm32cube.ide.mcu.externaltools.gnu-tools-for-stm32.9-2020-q2-update.macos64_2.0.0.202105311346/tools/bin/../lib/gcc/arm-none-eabi/9.3.1/../../../../arm-none-eabi/lib/thumb/v7e-m+fp/hard/libc_nano.a(lib_a-errno.o)
                              ./Src/syscalls.o (__errno)
/Applications/STM32CubeIDE.app/Contents/Eclipse/plugins/com.st.stm32cube.ide.mcu.externaltools.gnu-tools-for-stm32.9-2020-q2-update.macos64_2.0.0.202105311346/tools/bin/../lib/gcc/arm-none-eabi/9.3.1/../../../../arm-none-eabi/lib/thumb/v7e-m+fp/hard/libc_nano.a(lib_a-exit.o)
                              /Applications/STM32CubeIDE.app/Contents/Eclipse/plugins/com.st.stm32cube.ide.mcu.externaltools.gnu-tools-for-stm32.9-2020-q2-update.macos64_2.0.0.202105311346/tools/bin/../lib/gcc/arm-none-eabi/9.3.1/../../../../arm-none-eabi/lib/thumb/v7e-m+fp/hard/crt0.o (exit)
/Applications/STM32CubeIDE.app/Contents/Eclipse/plugins/com.st.stm32cube.ide.mcu.externaltools.gnu-tools-for-stm32.9-2020-q2-update.macos64_2.0.0.202105311346/tools/bin/../lib/gcc/arm-none-eabi/9.3.1/../../../../arm-none-eabi/lib/thumb/v7e-m+fp/hard/libc_nano.a(lib_a-impure.o)
                              /Applications/STM32CubeIDE.app/Contents/Eclipse/plugins/com.st.stm32cube.ide.mcu.externaltools.gnu-tools-for-stm32.9-2020-q2-update.macos64_2.0.0.202105311346/tools/bin/../lib/gcc/arm-none-eabi/9.3.1/../../../../arm-none-eabi/lib/thumb/v7e-m+fp/hard/libc_nano.a(lib_a-exit.o) (_global_impure_ptr)
/Applications/STM32CubeIDE.app/Contents/Eclipse/plugins/com.st.stm32cube.ide.mcu.externaltools.gnu-tools-for-stm32.9-2020-q2-update.macos64_2.0.0.202105311346/tools/bin/../lib/gcc/arm-none-eabi/9.3.1/../../../../arm-none-eabi/lib/thumb/v7e-m+fp/hard/libc_nano.a(lib_a-init.o)
                              /Applications/STM32CubeIDE.app/Contents/Eclipse/plugins/com.st.stm32cube.ide.mcu.externaltools.gnu-tools-for-stm32.9-2020-q2-update.macos64_2.0.0.202105311346/tools/bin/../lib/gcc/arm-none-eabi/9.3.1/../../../../arm-none-eabi/lib/thumb/v7e-m+fp/hard/crt0.o (__libc_init_array)
/Applications/STM32CubeIDE.app/Contents/Eclipse/plugins/com.st.stm32cube.ide.mcu.externaltools.gnu-tools-for-stm32.9-2020-q2-update.macos64_2.0.0.202105311346/tools/bin/../lib/gcc/arm-none-eabi/9.3.1/../../../../arm-none-eabi/lib/thumb/v7e-m+fp/hard/libc_nano.a(lib_a-memset.o)
                              /Applications/STM32CubeIDE.app/Contents/Eclipse/plugins/com.st.stm32cube.ide.mcu.externaltools.gnu-tools-for-stm32.9-2020-q2-update.macos64_2.0.0.202105311346/tools/bin/../lib/gcc/arm-none-eabi/9.3.1/../../../../arm-none-eabi/lib/thumb/v7e-m+fp/hard/crt0.o (memset)

Discarded input sections

 .text          0x0000000000000000        0x0 /Applications/STM32CubeIDE.app/Contents/Eclipse/plugins/com.st.stm32cube.ide.mcu.externaltools.gnu-tools-for-stm32.9-2020-q2-update.macos64_2.0.0.202105311346/tools/bin/../lib/gcc/arm-none-eabi/9.3.1/thumb/v7e-m+fp/hard/crti.o
 .data          0x0000000000000000        0x0 /Applications/STM32CubeIDE.app/Contents/Eclipse/plugins/com.st.stm32cube.ide.mcu.externaltools.gnu-tools-for-stm32.9-2020-q2-update.macos64_2.0.0.202105311346/tools/bin/../lib/gcc/arm-none-eabi/9.3.1/thumb/v7e-m+fp/hard/crti.o
 .bss           0x0000000000000000        0x0 /Applications/STM32CubeIDE.app/Contents/Eclipse/plugins/com.st.stm32cube.ide.mcu.externaltools.gnu-tools-for-stm32.9-2020-q2-update.macos64_2.0.0.202105311346/tools/bin/../lib/gcc/arm-none-eabi/9.3.1/thumb/v7e-m+fp/hard/crti.o
 .data          0x0000000000000000        0x4 /Applications/STM32CubeIDE.app/Contents/Eclipse/plugins/com.st.stm32cube.ide.mcu.externaltools.gnu-tools-for-stm32.9-2020-q2-update.macos64_2.0.0.202105311346/tools/bin/../lib/gcc/arm-none-eabi/9.3.1/thumb/v7e-m+fp/hard/crtbegin.o
 .text          0x0000000000000000       0x7c /Applications/STM32CubeIDE.app/Contents/Eclipse/plugins/com.st.stm32cube.ide.mcu.externaltools.gnu-tools-for-stm32.9-2020-q2-update.macos64_2.0.0.202105311346/tools/bin/../lib/gcc/arm-none-eabi/9.3.1/../../../../arm-none-eabi/lib/thumb/v7e-m+fp/hard/crt0.o
 .data          0x0000000000000000        0x0 /Applications/STM32CubeIDE.app/Contents/Eclipse/plugins/com.st.stm32cube.ide.mcu.externaltools.gnu-tools-for-stm32.9-2020-q2-update.macos64_2.0.0.202105311346/tools/bin/../lib/gcc/arm-none-eabi/9.3.1/../../../../arm-none-eabi/lib/thumb/v7e-m+fp/hard/crt0.o
 .bss           0x0000000000000000        0x0 /Applications/STM32CubeIDE.app/Contents/Eclipse/plugins/com.st.stm32cube.ide.mcu.externaltools.gnu-tools-for-stm32.9-2020-q2-update.macos64_2.0.0.202105311346/tools/bin/../lib/gcc/arm-none-eabi/9.3.1/../../../../arm-none-eabi/lib/thumb/v7e-m+fp/hard/crt0.o
 .ARM.extab     0x0000000000000000        0x0 /Applications/STM32CubeIDE.app/Contents/Eclipse/plugins/com.st.stm32cube.ide.mcu.externaltools.gnu-tools-for-stm32.9-2020-q2-update.macos64_2.0.0.202105311346/tools/bin/../lib/gcc/arm-none-eabi/9.3.1/../../../../arm-none-eabi/lib/thumb/v7e-m+fp/hard/crt0.o
 .ARM.exidx     0x0000000000000000       0x10 /Applications/STM32CubeIDE.app/Contents/Eclipse/plugins/com.st.stm32cube.ide.mcu.externaltools.gnu-tools-for-stm32.9-2020-q2-update.macos64_2.0.0.202105311346/tools/bin/../lib/gcc/arm-none-eabi/9.3.1/../../../../arm-none-eabi/lib/thumb/v7e-m+fp/hard/crt0.o
 .ARM.attributes
                0x0000000000000000       0x1c /Applications/STM32CubeIDE.app/Contents/Eclipse/plugins/com.st.stm32cube.ide.mcu.externaltools.gnu-tools-for-stm32.9-2020-q2-update.macos64_2.0.0.202105311346/tools/bin/../lib/gcc/arm-none-eabi/9.3.1/../../../../arm-none-eabi/lib/thumb/v7e-m+fp/hard/crt0.o
 .group         0x0000000000000000        0xc ./Src/main.o
 .group         0x0000000000000000        0xc ./Src/main.o
 .group         0x0000000000000000        0xc ./Src/main.o
 .group         0x0000000000000000        0xc ./Src/main.o
 .group         0x0000000000000000        0xc ./Src/main.o
 .group         0x0000000000000000        0xc ./Src/main.o
 .group         0x0000000000000000        0xc ./Src/main.o
 .group         0x0000000000000000        0xc ./Src/main.o
 .group         0x0000000000000000        0xc ./Src/main.o
 .group         0x0000000000000000        0xc ./Src/main.o
 .group         0x0000000000000000        0xc ./Src/main.o
 .group         0x0000000000000000        0xc ./Src/main.o
 .group         0x0000000000000000        0xc ./Src/main.o
 .group         0x0000000000000000        0xc ./Src/main.o
 .group         0x0000000000000000        0xc ./Src/main.o
 .group         0x0000000000000000        0xc ./Src/main.o
 .group         0x0000000000000000        0xc ./Src/main.o
 .group         0x0000000000000000        0xc ./Src/main.o
 .group         0x0000000000000000        0xc ./Src/main.o
 .group         0x0000000000000000        0xc ./Src/main.o
 .group         0x0000000000000000        0xc ./Src/main.o
 .group         0x0000000000000000        0xc ./Src/main.o
 .group         0x0000000000000000        0xc ./Src/main.o
 .group         0x0000000000000000        0xc ./Src/main.o
 .group         0x0000000000000000        0xc ./Src/main.o
 .group         0x0000000000000000        0xc ./Src/main.o
 .group         0x0000000000000000        0xc ./Src/main.o
 .group         0x0000000000000000        0xc ./Src/main.o
 .group         0x0000000000000000        0xc ./Src/main.o
 .group         0x0000000000000000        0xc ./Src/main.o
 .group         0x0000000000000000        0xc ./Src/main.o
 .group         0x0000000000000000        0xc ./Src/main.o
 .group         0x0000000000000000        0xc ./Src/main.o
 .group         0x0000000000000000        0xc ./Src/main.o
 .group         0x0000000000000000        0xc ./Src/main.o
 .text          0x0000000000000000        0x0 ./Src/main.o
 .data          0x0000000000000000        0x0 ./Src/main.o
 .bss           0x0000000000000000        0x0 ./Src/main.o
 .group         0x0000000000000000        0xc ./Src/stm32l4xx_hal_msp.o
 .group         0x0000000000000000        0xc ./Src/stm32l4xx_hal_msp.o
 .group         0x0000000000000000        0xc ./Src/stm32l4xx_hal_msp.o
 .group         0x0000000000000000        0xc ./Src/stm32l4xx_hal_msp.o
 .group         0x0000000000000000        0xc ./Src/stm32l4xx_hal_msp.o
 .group         0x0000000000000000        0xc ./Src/stm32l4xx_hal_msp.o
 .group         0x0000000000000000        0xc ./Src/stm32l4xx_hal_msp.o
 .group         0x0000000000000000        0xc ./Src/stm32l4xx_hal_msp.o
 .group         0x0000000000000000        0xc ./Src/stm32l4xx_hal_msp.o
 .group         0x0000000000000000        0xc ./Src/stm32l4xx_hal_msp.o
 .group         0x0000000000000000        0xc ./Src/stm32l4xx_hal_msp.o
 .group         0x0000000000000000        0xc ./Src/stm32l4xx_hal_msp.o
 .group         0x0000000000000000        0xc ./Src/stm32l4xx_hal_msp.o
 .group         0x0000000000000000        0xc ./Src/stm32l4xx_hal_msp.o
 .group         0x0000000000000000        0xc ./Src/stm32l4xx_hal_msp.o
 .group         0x0000000000000000        0xc ./Src/stm32l4xx_hal_msp.o
 .group         0x0000000000000000        0xc ./Src/stm32l4xx_hal_msp.o
 .group         0x0000000000000000        0xc ./Src/stm32l4xx_hal_msp.o
 .group         0x0000000000000000        0xc ./Src/stm32l4xx_hal_msp.o
 .group         0x0000000000000000        0xc ./Src/stm32l4xx_hal_msp.o
 .group         0x0000000000000000        0xc ./Src/stm32l4xx_hal_msp.o
 .group         0x0000000000000000        0xc ./Src/stm32l4xx_hal_msp.o
 .group         0x0000000000000000        0xc ./Src/stm32l4xx_hal_msp.o
 .group         0x0000000000000000        0xc ./Src/stm32l4xx_hal_msp.o
 .group         0x0000000000000000        0xc ./Src/stm32l4xx_hal_msp.o
 .group         0x0000000000000000        0xc ./Src/stm32l4xx_hal_msp.o
 .group         0x0000000000000000        0xc ./Src/stm32l4xx_hal_msp.o
 .group         0x0000000000000000        0xc ./Src/stm32l4xx_hal_msp.o
 .group         0x0000000000000000        0xc ./Src/stm32l4xx_hal_msp.o
 .group         0x0000000000000000        0xc ./Src/stm32l4xx_hal_msp.o
 .group         0x0000000000000000        0xc ./Src/stm32l4xx_hal_msp.o
 .group         0x0000000000000000        0xc ./Src/stm32l4xx_hal_msp.o
 .group         0x0000000000000000        0xc ./Src/stm32l4xx_hal_msp.o
 .group         0x0000000000000000        0xc ./Src/stm32l4xx_hal_msp.o
 .group         0x0000000000000000        0xc ./Src/stm32l4xx_hal_msp.o
 .text          0x0000000000000000        0x0 ./Src/stm32l4xx_hal_msp.o
 .data          0x0000000000000000        0x0 ./Src/stm32l4xx_hal_msp.o
 .bss           0x0000000000000000        0x0 ./Src/stm32l4xx_hal_msp.o
 .text.HAL_MspInit
                0x0000000000000000       0x48 ./Src/stm32l4xx_hal_msp.o
 .debug_info    0x0000000000000000      0x561 ./Src/stm32l4xx_hal_msp.o
 .debug_abbrev  0x0000000000000000      0x13d ./Src/stm32l4xx_hal_msp.o
 .debug_aranges
                0x0000000000000000       0x20 ./Src/stm32l4xx_hal_msp.o
 .debug_ranges  0x0000000000000000       0x10 ./Src/stm32l4xx_hal_msp.o
 .debug_macro   0x0000000000000000      0x1bb ./Src/stm32l4xx_hal_msp.o
 .debug_macro   0x0000000000000000      0xaa8 ./Src/stm32l4xx_hal_msp.o
 .debug_macro   0x0000000000000000      0x1a1 ./Src/stm32l4xx_hal_msp.o
 .debug_macro   0x0000000000000000       0x2e ./Src/stm32l4xx_hal_msp.o
 .debug_macro   0x0000000000000000       0x28 ./Src/stm32l4xx_hal_msp.o
 .debug_macro   0x0000000000000000       0x22 ./Src/stm32l4xx_hal_msp.o
 .debug_macro   0x0000000000000000       0x8e ./Src/stm32l4xx_hal_msp.o
 .debug_macro   0x0000000000000000       0x51 ./Src/stm32l4xx_hal_msp.o
 .debug_macro   0x0000000000000000      0x103 ./Src/stm32l4xx_hal_msp.o
 .debug_macro   0x0000000000000000       0x6a ./Src/stm32l4xx_hal_msp.o
 .debug_macro   0x0000000000000000      0x1df ./Src/stm32l4xx_hal_msp.o
 .debug_macro   0x0000000000000000       0x1c ./Src/stm32l4xx_hal_msp.o
 .debug_macro   0x0000000000000000       0x22 ./Src/stm32l4xx_hal_msp.o
 .debug_macro   0x0000000000000000      0x101 ./Src/stm32l4xx_hal_msp.o
 .debug_macro   0x0000000000000000     0x1011 ./Src/stm32l4xx_hal_msp.o
 .debug_macro   0x0000000000000000      0x11f ./Src/stm32l4xx_hal_msp.o
 .debug_macro   0x0000000000000000    0x1c1e0 ./Src/stm32l4xx_hal_msp.o
 .debug_macro   0x0000000000000000       0x6d ./Src/stm32l4xx_hal_msp.o
 .debug_macro   0x0000000000000000     0x38e6 ./Src/stm32l4xx_hal_msp.o
 .debug_macro   0x0000000000000000      0x174 ./Src/stm32l4xx_hal_msp.o
 .debug_macro   0x0000000000000000       0x5c ./Src/stm32l4xx_hal_msp.o
 .debug_macro   0x0000000000000000     0x187d ./Src/stm32l4xx_hal_msp.o
 .debug_macro   0x0000000000000000      0x773 ./Src/stm32l4xx_hal_msp.o
 .debug_macro   0x0000000000000000      0x1b9 ./Src/stm32l4xx_hal_msp.o
 .debug_macro   0x0000000000000000      0x202 ./Src/stm32l4xx_hal_msp.o
 .debug_macro   0x0000000000000000      0x26b ./Src/stm32l4xx_hal_msp.o
 .debug_macro   0x0000000000000000      0x23d ./Src/stm32l4xx_hal_msp.o
 .debug_macro   0x0000000000000000      0x241 ./Src/stm32l4xx_hal_msp.o
 .debug_macro   0x0000000000000000      0x3ad ./Src/stm32l4xx_hal_msp.o
 .debug_macro   0x0000000000000000       0xe4 ./Src/stm32l4xx_hal_msp.o
 .debug_macro   0x0000000000000000      0x22c ./Src/stm32l4xx_hal_msp.o
 .debug_macro   0x0000000000000000       0x61 ./Src/stm32l4xx_hal_msp.o
 .debug_macro   0x0000000000000000       0xa5 ./Src/stm32l4xx_hal_msp.o
 .debug_macro   0x0000000000000000      0x122 ./Src/stm32l4xx_hal_msp.o
 .debug_macro   0x0000000000000000      0x3ef ./Src/stm32l4xx_hal_msp.o
 .debug_macro   0x0000000000000000      0x433 ./Src/stm32l4xx_hal_msp.o
 .debug_line    0x0000000000000000      0x7b2 ./Src/stm32l4xx_hal_msp.o
 .debug_str     0x0000000000000000    0xec860 ./Src/stm32l4xx_hal_msp.o
 .comment       0x0000000000000000       0x54 ./Src/stm32l4xx_hal_msp.o
 .debug_frame   0x0000000000000000       0x38 ./Src/stm32l4xx_hal_msp.o
 .ARM.attributes
                0x0000000000000000       0x34 ./Src/stm32l4xx_hal_msp.o
 .group         0x0000000000000000        0xc ./Src/stm32l4xx_it.o
 .group         0x0000000000000000        0xc ./Src/stm32l4xx_it.o
 .group         0x0000000000000000        0xc ./Src/stm32l4xx_it.o
 .group         0x0000000000000000        0xc ./Src/stm32l4xx_it.o
 .group         0x0000000000000000        0xc ./Src/stm32l4xx_it.o
 .group         0x0000000000000000        0xc ./Src/stm32l4xx_it.o
 .group         0x0000000000000000        0xc ./Src/stm32l4xx_it.o
 .group         0x0000000000000000        0xc ./Src/stm32l4xx_it.o
 .group         0x0000000000000000        0xc ./Src/stm32l4xx_it.o
 .group         0x0000000000000000        0xc ./Src/stm32l4xx_it.o
 .group         0x0000000000000000        0xc ./Src/stm32l4xx_it.o
 .group         0x0000000000000000        0xc ./Src/stm32l4xx_it.o
 .group         0x0000000000000000        0xc ./Src/stm32l4xx_it.o
 .group         0x0000000000000000        0xc ./Src/stm32l4xx_it.o
 .group         0x0000000000000000        0xc ./Src/stm32l4xx_it.o
 .group         0x0000000000000000        0xc ./Src/stm32l4xx_it.o
 .group         0x0000000000000000        0xc ./Src/stm32l4xx_it.o
 .group         0x0000000000000000        0xc ./Src/stm32l4xx_it.o
 .group         0x0000000000000000        0xc ./Src/stm32l4xx_it.o
 .group         0x0000000000000000        0xc ./Src/stm32l4xx_it.o
 .group         0x0000000000000000        0xc ./Src/stm32l4xx_it.o
 .group         0x0000000000000000        0xc ./Src/stm32l4xx_it.o
 .group         0x0000000000000000        0xc ./Src/stm32l4xx_it.o
 .group         0x0000000000000000        0xc ./Src/stm32l4xx_it.o
 .group         0x0000000000000000        0xc ./Src/stm32l4xx_it.o
 .group         0x0000000000000000        0xc ./Src/stm32l4xx_it.o
 .group         0x0000000000000000        0xc ./Src/stm32l4xx_it.o
 .group         0x0000000000000000        0xc ./Src/stm32l4xx_it.o
 .group         0x0000000000000000        0xc ./Src/stm32l4xx_it.o
 .group         0x0000000000000000        0xc ./Src/stm32l4xx_it.o
 .group         0x0000000000000000        0xc ./Src/stm32l4xx_it.o
 .group         0x0000000000000000        0xc ./Src/stm32l4xx_it.o
 .group         0x0000000000000000        0xc ./Src/stm32l4xx_it.o
 .group         0x0000000000000000        0xc ./Src/stm32l4xx_it.o
 .group         0x0000000000000000        0xc ./Src/stm32l4xx_it.o
 .text          0x0000000000000000        0x0 ./Src/stm32l4xx_it.o
 .data          0x0000000000000000        0x0 ./Src/stm32l4xx_it.o
 .bss           0x0000000000000000        0x0 ./Src/stm32l4xx_it.o
 .debug_macro   0x0000000000000000      0xaa8 ./Src/stm32l4xx_it.o
 .debug_macro   0x0000000000000000      0x1a1 ./Src/stm32l4xx_it.o
 .debug_macro   0x0000000000000000       0x2e ./Src/stm32l4xx_it.o
 .debug_macro   0x0000000000000000       0x28 ./Src/stm32l4xx_it.o
 .debug_macro   0x0000000000000000       0x22 ./Src/stm32l4xx_it.o
 .debug_macro   0x0000000000000000       0x8e ./Src/stm32l4xx_it.o
 .debug_macro   0x0000000000000000       0x51 ./Src/stm32l4xx_it.o
 .debug_macro   0x0000000000000000      0x103 ./Src/stm32l4xx_it.o
 .debug_macro   0x0000000000000000       0x6a ./Src/stm32l4xx_it.o
 .debug_macro   0x0000000000000000      0x1df ./Src/stm32l4xx_it.o
 .debug_macro   0x0000000000000000       0x1c ./Src/stm32l4xx_it.o
 .debug_macro   0x0000000000000000       0x22 ./Src/stm32l4xx_it.o
 .debug_macro   0x0000000000000000      0x101 ./Src/stm32l4xx_it.o
 .debug_macro   0x0000000000000000     0x1011 ./Src/stm32l4xx_it.o
 .debug_macro   0x0000000000000000      0x11f ./Src/stm32l4xx_it.o
 .debug_macro   0x0000000000000000    0x1c1e0 ./Src/stm32l4xx_it.o
 .debug_macro   0x0000000000000000       0x6d ./Src/stm32l4xx_it.o
 .debug_macro   0x0000000000000000     0x38e6 ./Src/stm32l4xx_it.o
 .debug_macro   0x0000000000000000      0x174 ./Src/stm32l4xx_it.o
 .debug_macro   0x0000000000000000       0x5c ./Src/stm32l4xx_it.o
 .debug_macro   0x0000000000000000     0x187d ./Src/stm32l4xx_it.o
 .debug_macro   0x0000000000000000      0x773 ./Src/stm32l4xx_it.o
 .debug_macro   0x0000000000000000      0x1b9 ./Src/stm32l4xx_it.o
 .debug_macro   0x0000000000000000      0x202 ./Src/stm32l4xx_it.o
 .debug_macro   0x0000000000000000      0x26b ./Src/stm32l4xx_it.o
 .debug_macro   0x0000000000000000      0x23d ./Src/stm32l4xx_it.o
 .debug_macro   0x0000000000000000      0x241 ./Src/stm32l4xx_it.o
 .debug_macro   0x0000000000000000      0x3ad ./Src/stm32l4xx_it.o
 .debug_macro   0x0000000000000000       0xe4 ./Src/stm32l4xx_it.o
 .debug_macro   0x0000000000000000      0x22c ./Src/stm32l4xx_it.o
 .debug_macro   0x0000000000000000       0x61 ./Src/stm32l4xx_it.o
 .debug_macro   0x0000000000000000       0xa5 ./Src/stm32l4xx_it.o
 .debug_macro   0x0000000000000000      0x122 ./Src/stm32l4xx_it.o
 .debug_macro   0x0000000000000000      0x3ef ./Src/stm32l4xx_it.o
 .debug_macro   0x0000000000000000      0x433 ./Src/stm32l4xx_it.o
 .group         0x0000000000000000        0xc ./Src/syscalls.o
 .group         0x0000000000000000        0xc ./Src/syscalls.o
 .group         0x0000000000000000        0xc ./Src/syscalls.o
 .group         0x0000000000000000        0xc ./Src/syscalls.o
 .group         0x0000000000000000        0xc ./Src/syscalls.o
 .group         0x0000000000000000        0xc ./Src/syscalls.o
 .group         0x0000000000000000        0xc ./Src/syscalls.o
 .group         0x0000000000000000        0xc ./Src/syscalls.o
 .group         0x0000000000000000        0xc ./Src/syscalls.o
 .group         0x0000000000000000        0xc ./Src/syscalls.o
 .group         0x0000000000000000        0xc ./Src/syscalls.o
 .group         0x0000000000000000        0xc ./Src/syscalls.o
 .group         0x0000000000000000        0xc ./Src/syscalls.o
 .group         0x0000000000000000        0xc ./Src/syscalls.o
 .group         0x0000000000000000        0xc ./Src/syscalls.o
 .group         0x0000000000000000        0xc ./Src/syscalls.o
 .group         0x0000000000000000        0xc ./Src/syscalls.o
 .group         0x0000000000000000        0xc ./Src/syscalls.o
 .group         0x0000000000000000        0xc ./Src/syscalls.o
 .group         0x0000000000000000        0xc ./Src/syscalls.o
 .group         0x0000000000000000        0xc ./Src/syscalls.o
 .group         0x0000000000000000        0xc ./Src/syscalls.o
 .group         0x0000000000000000        0xc ./Src/syscalls.o
 .group         0x0000000000000000        0xc ./Src/syscalls.o
 .group         0x0000000000000000        0xc ./Src/syscalls.o
 .group         0x0000000000000000        0xc ./Src/syscalls.o
 .group         0x0000000000000000        0xc ./Src/syscalls.o
 .group         0x0000000000000000        0xc ./Src/syscalls.o
 .group         0x0000000000000000        0xc ./Src/syscalls.o
 .group         0x0000000000000000        0xc ./Src/syscalls.o
 .group         0x0000000000000000        0xc ./Src/syscalls.o
 .group         0x0000000000000000        0xc ./Src/syscalls.o
 .group         0x0000000000000000        0xc ./Src/syscalls.o
 .group         0x0000000000000000        0xc ./Src/syscalls.o
 .group         0x0000000000000000        0xc ./Src/syscalls.o
 .group         0x0000000000000000        0xc ./Src/syscalls.o
 .group         0x0000000000000000        0xc ./Src/syscalls.o
 .group         0x0000000000000000        0xc ./Src/syscalls.o
 .group         0x0000000000000000        0xc ./Src/syscalls.o
 .group         0x0000000000000000        0xc ./Src/syscalls.o
 .group         0x0000000000000000        0xc ./Src/syscalls.o
 .group         0x0000000000000000        0xc ./Src/syscalls.o
 .group         0x0000000000000000        0xc ./Src/syscalls.o
 .group         0x0000000000000000        0xc ./Src/syscalls.o
 .group         0x0000000000000000        0xc ./Src/syscalls.o
 .group         0x0000000000000000        0xc ./Src/syscalls.o
 .group         0x0000000000000000        0xc ./Src/syscalls.o
 .text          0x0000000000000000        0x0 ./Src/syscalls.o
 .data          0x0000000000000000        0x0 ./Src/syscalls.o
 .bss           0x0000000000000000        0x0 ./Src/syscalls.o
 .bss.__env     0x0000000000000000        0x4 ./Src/syscalls.o
 .data.environ  0x0000000000000000        0x4 ./Src/syscalls.o
 .text.initialise_monitor_handles
                0x0000000000000000        0xe ./Src/syscalls.o
 .text._getpid  0x0000000000000000       0x10 ./Src/syscalls.o
 .text._kill    0x0000000000000000       0x20 ./Src/syscalls.o
 .text._exit    0x0000000000000000       0x14 ./Src/syscalls.o
 .text._read    0x0000000000000000       0x3a ./Src/syscalls.o
 .text._write   0x0000000000000000       0x38 ./Src/syscalls.o
 .text._close   0x0000000000000000       0x18 ./Src/syscalls.o
 .text._fstat   0x0000000000000000       0x20 ./Src/syscalls.o
 .text._isatty  0x0000000000000000       0x16 ./Src/syscalls.o
 .text._lseek   0x0000000000000000       0x1a ./Src/syscalls.o
 .text._open    0x0000000000000000       0x1c ./Src/syscalls.o
 .text._wait    0x0000000000000000       0x1e ./Src/syscalls.o
 .text._unlink  0x0000000000000000       0x1e ./Src/syscalls.o
 .text._times   0x0000000000000000       0x18 ./Src/syscalls.o
 .text._stat    0x0000000000000000       0x20 ./Src/syscalls.o
 .text._link    0x0000000000000000       0x20 ./Src/syscalls.o
 .text._fork    0x0000000000000000       0x16 ./Src/syscalls.o
 .text._execve  0x0000000000000000       0x22 ./Src/syscalls.o
 .debug_info    0x0000000000000000      0xfa8 ./Src/syscalls.o
 .debug_abbrev  0x0000000000000000      0x286 ./Src/syscalls.o
 .debug_aranges
                0x0000000000000000       0xa8 ./Src/syscalls.o
 .debug_ranges  0x0000000000000000       0x98 ./Src/syscalls.o
 .debug_macro   0x0000000000000000      0x24c ./Src/syscalls.o
 .debug_macro   0x0000000000000000      0xaa8 ./Src/syscalls.o
 .debug_macro   0x0000000000000000       0x22 ./Src/syscalls.o
 .debug_macro   0x0000000000000000       0x4c ./Src/syscalls.o
 .debug_macro   0x0000000000000000       0x18 ./Src/syscalls.o
 .debug_macro   0x0000000000000000       0x94 ./Src/syscalls.o
 .debug_macro   0x0000000000000000       0x3c ./Src/syscalls.o
 .debug_macro   0x0000000000000000       0x34 ./Src/syscalls.o
 .debug_macro   0x0000000000000000       0x57 ./Src/syscalls.o
 .debug_macro   0x0000000000000000      0x174 ./Src/syscalls.o
 .debug_macro   0x0000000000000000      0x339 ./Src/syscalls.o
 .debug_macro   0x0000000000000000       0x16 ./Src/syscalls.o
 .debug_macro   0x0000000000000000       0x43 ./Src/syscalls.o
 .debug_macro   0x0000000000000000       0x34 ./Src/syscalls.o
 .debug_macro   0x0000000000000000       0x10 ./Src/syscalls.o
 .debug_macro   0x0000000000000000       0x58 ./Src/syscalls.o
 .debug_macro   0x0000000000000000       0x71 ./Src/syscalls.o
 .debug_macro   0x0000000000000000       0x1c ./Src/syscalls.o
 .debug_macro   0x0000000000000000      0x12a ./Src/syscalls.o
 .debug_macro   0x0000000000000000       0x10 ./Src/syscalls.o
 .debug_macro   0x0000000000000000       0x35 ./Src/syscalls.o
 .debug_macro   0x0000000000000000       0x10 ./Src/syscalls.o
 .debug_macro   0x0000000000000000       0x10 ./Src/syscalls.o
 .debug_macro   0x0000000000000000       0x10 ./Src/syscalls.o
 .debug_macro   0x0000000000000000       0x6a ./Src/syscalls.o
 .debug_macro   0x0000000000000000       0x1c ./Src/syscalls.o
 .debug_macro   0x0000000000000000       0x52 ./Src/syscalls.o
 .debug_macro   0x0000000000000000       0x22 ./Src/syscalls.o
 .debug_macro   0x0000000000000000       0x10 ./Src/syscalls.o
 .debug_macro   0x0000000000000000       0x40 ./Src/syscalls.o
 .debug_macro   0x0000000000000000       0xd5 ./Src/syscalls.o
 .debug_macro   0x0000000000000000       0x1c ./Src/syscalls.o
 .debug_macro   0x0000000000000000       0x3d ./Src/syscalls.o
 .debug_macro   0x0000000000000000       0x35 ./Src/syscalls.o
 .debug_macro   0x0000000000000000      0x12c ./Src/syscalls.o
 .debug_macro   0x0000000000000000       0x16 ./Src/syscalls.o
 .debug_macro   0x0000000000000000       0x16 ./Src/syscalls.o
 .debug_macro   0x0000000000000000       0x29 ./Src/syscalls.o
 .debug_macro   0x0000000000000000       0x10 ./Src/syscalls.o
 .debug_macro   0x0000000000000000      0x241 ./Src/syscalls.o
 .debug_macro   0x0000000000000000       0x1c ./Src/syscalls.o
 .debug_macro   0x0000000000000000       0x10 ./Src/syscalls.o
 .debug_macro   0x0000000000000000       0x10 ./Src/syscalls.o
 .debug_macro   0x0000000000000000       0x16 ./Src/syscalls.o
 .debug_macro   0x0000000000000000      0x145 ./Src/syscalls.o
 .debug_macro   0x0000000000000000      0x189 ./Src/syscalls.o
 .debug_macro   0x0000000000000000       0x16 ./Src/syscalls.o
 .debug_macro   0x0000000000000000       0xce ./Src/syscalls.o
 .debug_line    0x0000000000000000      0x839 ./Src/syscalls.o
 .debug_str     0x0000000000000000     0x8ed4 ./Src/syscalls.o
 .comment       0x0000000000000000       0x54 ./Src/syscalls.o
 .debug_frame   0x0000000000000000      0x2ac ./Src/syscalls.o
 .ARM.attributes
                0x0000000000000000       0x34 ./Src/syscalls.o
 .group         0x0000000000000000        0xc ./Src/sysmem.o
 .group         0x0000000000000000        0xc ./Src/sysmem.o
 .group         0x0000000000000000        0xc ./Src/sysmem.o
 .group         0x0000000000000000        0xc ./Src/sysmem.o
 .group         0x0000000000000000        0xc ./Src/sysmem.o
 .group         0x0000000000000000        0xc ./Src/sysmem.o
 .group         0x0000000000000000        0xc ./Src/sysmem.o
 .group         0x0000000000000000        0xc ./Src/sysmem.o
 .group         0x0000000000000000        0xc ./Src/sysmem.o
 .group         0x0000000000000000        0xc ./Src/sysmem.o
 .group         0x0000000000000000        0xc ./Src/sysmem.o
 .group         0x0000000000000000        0xc ./Src/sysmem.o
 .group         0x0000000000000000        0xc ./Src/sysmem.o
 .group         0x0000000000000000        0xc ./Src/sysmem.o
 .group         0x0000000000000000        0xc ./Src/sysmem.o
 .group         0x0000000000000000        0xc ./Src/sysmem.o
 .group         0x0000000000000000        0xc ./Src/sysmem.o
 .group         0x0000000000000000        0xc ./Src/sysmem.o
 .group         0x0000000000000000        0xc ./Src/sysmem.o
 .group         0x0000000000000000        0xc ./Src/sysmem.o
 .group         0x0000000000000000        0xc ./Src/sysmem.o
 .group         0x0000000000000000        0xc ./Src/sysmem.o
 .text          0x0000000000000000        0x0 ./Src/sysmem.o
 .data          0x0000000000000000        0x0 ./Src/sysmem.o
 .bss           0x0000000000000000        0x0 ./Src/sysmem.o
 .bss.__sbrk_heap_end
                0x0000000000000000        0x4 ./Src/sysmem.o
 .text._sbrk    0x0000000000000000       0x6c ./Src/sysmem.o
 .debug_info    0x0000000000000000      0xa25 ./Src/sysmem.o
 .debug_abbrev  0x0000000000000000      0x1bf ./Src/sysmem.o
 .debug_aranges
                0x0000000000000000       0x20 ./Src/sysmem.o
 .debug_ranges  0x0000000000000000       0x10 ./Src/sysmem.o
 .debug_macro   0x0000000000000000       0xff ./Src/sysmem.o
 .debug_macro   0x0000000000000000      0xaa8 ./Src/sysmem.o
 .debug_macro   0x0000000000000000       0x10 ./Src/sysmem.o
 .debug_macro   0x0000000000000000       0x22 ./Src/sysmem.o
 .debug_macro   0x0000000000000000       0x4c ./Src/sysmem.o
 .debug_macro   0x0000000000000000       0x18 ./Src/sysmem.o
 .debug_macro   0x0000000000000000       0x94 ./Src/sysmem.o
 .debug_macro   0x0000000000000000       0x3c ./Src/sysmem.o
 .debug_macro   0x0000000000000000       0x34 ./Src/sysmem.o
 .debug_macro   0x0000000000000000      0x174 ./Src/sysmem.o
 .debug_macro   0x0000000000000000       0x16 ./Src/sysmem.o
 .debug_macro   0x0000000000000000       0x43 ./Src/sysmem.o
 .debug_macro   0x0000000000000000       0x57 ./Src/sysmem.o
 .debug_macro   0x0000000000000000       0x34 ./Src/sysmem.o
 .debug_macro   0x0000000000000000       0x10 ./Src/sysmem.o
 .debug_macro   0x0000000000000000       0x58 ./Src/sysmem.o
 .debug_macro   0x0000000000000000       0x71 ./Src/sysmem.o
 .debug_macro   0x0000000000000000       0x1c ./Src/sysmem.o
 .debug_macro   0x0000000000000000      0x12a ./Src/sysmem.o
 .debug_macro   0x0000000000000000      0x23b ./Src/sysmem.o
 .debug_macro   0x0000000000000000      0x103 ./Src/sysmem.o
 .debug_macro   0x0000000000000000       0x6a ./Src/sysmem.o
 .debug_macro   0x0000000000000000      0x1df ./Src/sysmem.o
 .debug_line    0x0000000000000000      0x52f ./Src/sysmem.o
 .debug_str     0x0000000000000000     0x62a7 ./Src/sysmem.o
 .comment       0x0000000000000000       0x54 ./Src/sysmem.o
 .debug_frame   0x0000000000000000       0x34 ./Src/sysmem.o
 .ARM.attributes
                0x0000000000000000       0x34 ./Src/sysmem.o
 .group         0x0000000000000000        0xc ./Src/system_stm32l4xx.o
 .group         0x0000000000000000        0xc ./Src/system_stm32l4xx.o
 .group         0x0000000000000000        0xc ./Src/system_stm32l4xx.o
 .group         0x0000000000000000        0xc ./Src/system_stm32l4xx.o
 .group         0x0000000000000000        0xc ./Src/system_stm32l4xx.o
 .group         0x0000000000000000        0xc ./Src/system_stm32l4xx.o
 .group         0x0000000000000000        0xc ./Src/system_stm32l4xx.o
 .group         0x0000000000000000        0xc ./Src/system_stm32l4xx.o
 .group         0x0000000000000000        0xc ./Src/system_stm32l4xx.o
 .group         0x0000000000000000        0xc ./Src/system_stm32l4xx.o
 .group         0x0000000000000000        0xc ./Src/system_stm32l4xx.o
 .group         0x0000000000000000        0xc ./Src/system_stm32l4xx.o
 .group         0x0000000000000000        0xc ./Src/system_stm32l4xx.o
 .group         0x0000000000000000        0xc ./Src/system_stm32l4xx.o
 .group         0x0000000000000000        0xc ./Src/system_stm32l4xx.o
 .group         0x0000000000000000        0xc ./Src/system_stm32l4xx.o
 .group         0x0000000000000000        0xc ./Src/system_stm32l4xx.o
 .group         0x0000000000000000        0xc ./Src/system_stm32l4xx.o
 .group         0x0000000000000000        0xc ./Src/system_stm32l4xx.o
 .group         0x0000000000000000        0xc ./Src/system_stm32l4xx.o
 .group         0x0000000000000000        0xc ./Src/system_stm32l4xx.o
 .group         0x0000000000000000        0xc ./Src/system_stm32l4xx.o
 .group         0x0000000000000000        0xc ./Src/system_stm32l4xx.o
 .group         0x0000000000000000        0xc ./Src/system_stm32l4xx.o
 .group         0x0000000000000000        0xc ./Src/system_stm32l4xx.o
 .group         0x0000000000000000        0xc ./Src/system_stm32l4xx.o
 .group         0x0000000000000000        0xc ./Src/system_stm32l4xx.o
 .group         0x0000000000000000        0xc ./Src/system_stm32l4xx.o
 .group         0x0000000000000000        0xc ./Src/system_stm32l4xx.o
 .group         0x0000000000000000        0xc ./Src/system_stm32l4xx.o
 .group         0x0000000000000000        0xc ./Src/system_stm32l4xx.o
 .group         0x0000000000000000        0xc ./Src/system_stm32l4xx.o
 .group         0x0000000000000000        0xc ./Src/system_stm32l4xx.o
 .group         0x0000000000000000        0xc ./Src/system_stm32l4xx.o
 .group         0x0000000000000000        0xc ./Src/system_stm32l4xx.o
 .text          0x0000000000000000        0x0 ./Src/system_stm32l4xx.o
 .data          0x0000000000000000        0x0 ./Src/system_stm32l4xx.o
 .bss           0x0000000000000000        0x0 ./Src/system_stm32l4xx.o
 .data.SystemCoreClock
                0x0000000000000000        0x4 ./Src/system_stm32l4xx.o
 .rodata.AHBPrescTable
                0x0000000000000000       0x10 ./Src/system_stm32l4xx.o
 .rodata.APBPrescTable
                0x0000000000000000        0x8 ./Src/system_stm32l4xx.o
 .rodata.MSIRangeTable
                0x0000000000000000       0x30 ./Src/system_stm32l4xx.o
 .text.SystemCoreClockUpdate
                0x0000000000000000      0x15c ./Src/system_stm32l4xx.o
 .debug_macro   0x0000000000000000      0xaa8 ./Src/system_stm32l4xx.o
 .debug_macro   0x0000000000000000       0x2e ./Src/system_stm32l4xx.o
 .debug_macro   0x0000000000000000       0x28 ./Src/system_stm32l4xx.o
 .debug_macro   0x0000000000000000       0x22 ./Src/system_stm32l4xx.o
 .debug_macro   0x0000000000000000       0x8e ./Src/system_stm32l4xx.o
 .debug_macro   0x0000000000000000       0x51 ./Src/system_stm32l4xx.o
 .debug_macro   0x0000000000000000      0x103 ./Src/system_stm32l4xx.o
 .debug_macro   0x0000000000000000       0x6a ./Src/system_stm32l4xx.o
 .debug_macro   0x0000000000000000      0x1df ./Src/system_stm32l4xx.o
 .debug_macro   0x0000000000000000       0x1c ./Src/system_stm32l4xx.o
 .debug_macro   0x0000000000000000       0x22 ./Src/system_stm32l4xx.o
 .debug_macro   0x0000000000000000      0x101 ./Src/system_stm32l4xx.o
 .debug_macro   0x0000000000000000     0x1011 ./Src/system_stm32l4xx.o
 .debug_macro   0x0000000000000000      0x11f ./Src/system_stm32l4xx.o
 .debug_macro   0x0000000000000000    0x1c1e0 ./Src/system_stm32l4xx.o
 .debug_macro   0x0000000000000000       0x6d ./Src/system_stm32l4xx.o
 .debug_macro   0x0000000000000000      0x1a1 ./Src/system_stm32l4xx.o
 .debug_macro   0x0000000000000000     0x38e6 ./Src/system_stm32l4xx.o
 .debug_macro   0x0000000000000000      0x174 ./Src/system_stm32l4xx.o
 .debug_macro   0x0000000000000000       0x5c ./Src/system_stm32l4xx.o
 .debug_macro   0x0000000000000000     0x187d ./Src/system_stm32l4xx.o
 .debug_macro   0x0000000000000000      0x773 ./Src/system_stm32l4xx.o
 .debug_macro   0x0000000000000000      0x1b9 ./Src/system_stm32l4xx.o
 .debug_macro   0x0000000000000000      0x202 ./Src/system_stm32l4xx.o
 .debug_macro   0x0000000000000000      0x26b ./Src/system_stm32l4xx.o
 .debug_macro   0x0000000000000000      0x23d ./Src/system_stm32l4xx.o
 .debug_macro   0x0000000000000000      0x241 ./Src/system_stm32l4xx.o
 .debug_macro   0x0000000000000000      0x3ad ./Src/system_stm32l4xx.o
 .debug_macro   0x0000000000000000       0xe4 ./Src/system_stm32l4xx.o
 .debug_macro   0x0000000000000000      0x22c ./Src/system_stm32l4xx.o
 .debug_macro   0x0000000000000000       0x61 ./Src/system_stm32l4xx.o
 .debug_macro   0x0000000000000000       0xa5 ./Src/system_stm32l4xx.o
 .debug_macro   0x0000000000000000      0x122 ./Src/system_stm32l4xx.o
 .debug_macro   0x0000000000000000      0x3ef ./Src/system_stm32l4xx.o
 .debug_macro   0x0000000000000000      0x433 ./Src/system_stm32l4xx.o
 .text          0x0000000000000000       0x14 ./Startup/startup_stm32l496agix.o
 .data          0x0000000000000000        0x0 ./Startup/startup_stm32l496agix.o
 .bss           0x0000000000000000        0x0 ./Startup/startup_stm32l496agix.o
 .text          0x0000000000000000        0x0 /Applications/STM32CubeIDE.app/Contents/Eclipse/plugins/com.st.stm32cube.ide.mcu.externaltools.gnu-tools-for-stm32.9-2020-q2-update.macos64_2.0.0.202105311346/tools/bin/../lib/gcc/arm-none-eabi/9.3.1/../../../../arm-none-eabi/lib/thumb/v7e-m+fp/hard/libc_nano.a(lib_a-errno.o)
 .data          0x0000000000000000        0x0 /Applications/STM32CubeIDE.app/Contents/Eclipse/plugins/com.st.stm32cube.ide.mcu.externaltools.gnu-tools-for-stm32.9-2020-q2-update.macos64_2.0.0.202105311346/tools/bin/../lib/gcc/arm-none-eabi/9.3.1/../../../../arm-none-eabi/lib/thumb/v7e-m+fp/hard/libc_nano.a(lib_a-errno.o)
 .bss           0x0000000000000000        0x0 /Applications/STM32CubeIDE.app/Contents/Eclipse/plugins/com.st.stm32cube.ide.mcu.externaltools.gnu-tools-for-stm32.9-2020-q2-update.macos64_2.0.0.202105311346/tools/bin/../lib/gcc/arm-none-eabi/9.3.1/../../../../arm-none-eabi/lib/thumb/v7e-m+fp/hard/libc_nano.a(lib_a-errno.o)
 .text.__errno  0x0000000000000000        0xc /Applications/STM32CubeIDE.app/Contents/Eclipse/plugins/com.st.stm32cube.ide.mcu.externaltools.gnu-tools-for-stm32.9-2020-q2-update.macos64_2.0.0.202105311346/tools/bin/../lib/gcc/arm-none-eabi/9.3.1/../../../../arm-none-eabi/lib/thumb/v7e-m+fp/hard/libc_nano.a(lib_a-errno.o)
 .debug_frame   0x0000000000000000       0x20 /Applications/STM32CubeIDE.app/Contents/Eclipse/plugins/com.st.stm32cube.ide.mcu.externaltools.gnu-tools-for-stm32.9-2020-q2-update.macos64_2.0.0.202105311346/tools/bin/../lib/gcc/arm-none-eabi/9.3.1/../../../../arm-none-eabi/lib/thumb/v7e-m+fp/hard/libc_nano.a(lib_a-errno.o)
 .ARM.attributes
                0x0000000000000000       0x34 /Applications/STM32CubeIDE.app/Contents/Eclipse/plugins/com.st.stm32cube.ide.mcu.externaltools.gnu-tools-for-stm32.9-2020-q2-update.macos64_2.0.0.202105311346/tools/bin/../lib/gcc/arm-none-eabi/9.3.1/../../../../arm-none-eabi/lib/thumb/v7e-m+fp/hard/libc_nano.a(lib_a-errno.o)
 .text          0x0000000000000000        0x0 /Applications/STM32CubeIDE.app/Contents/Eclipse/plugins/com.st.stm32cube.ide.mcu.externaltools.gnu-tools-for-stm32.9-2020-q2-update.macos64_2.0.0.202105311346/tools/bin/../lib/gcc/arm-none-eabi/9.3.1/../../../../arm-none-eabi/lib/thumb/v7e-m+fp/hard/libc_nano.a(lib_a-exit.o)
 .data          0x0000000000000000        0x0 /Applications/STM32CubeIDE.app/Contents/Eclipse/plugins/com.st.stm32cube.ide.mcu.externaltools.gnu-tools-for-stm32.9-2020-q2-update.macos64_2.0.0.202105311346/tools/bin/../lib/gcc/arm-none-eabi/9.3.1/../../../../arm-none-eabi/lib/thumb/v7e-m+fp/hard/libc_nano.a(lib_a-exit.o)
 .bss           0x0000000000000000        0x0 /Applications/STM32CubeIDE.app/Contents/Eclipse/plugins/com.st.stm32cube.ide.mcu.externaltools.gnu-tools-for-stm32.9-2020-q2-update.macos64_2.0.0.202105311346/tools/bin/../lib/gcc/arm-none-eabi/9.3.1/../../../../arm-none-eabi/lib/thumb/v7e-m+fp/hard/libc_nano.a(lib_a-exit.o)
 .text.exit     0x0000000000000000       0x28 /Applications/STM32CubeIDE.app/Contents/Eclipse/plugins/com.st.stm32cube.ide.mcu.externaltools.gnu-tools-for-stm32.9-2020-q2-update.macos64_2.0.0.202105311346/tools/bin/../lib/gcc/arm-none-eabi/9.3.1/../../../../arm-none-eabi/lib/thumb/v7e-m+fp/hard/libc_nano.a(lib_a-exit.o)
 .debug_frame   0x0000000000000000       0x28 /Applications/STM32CubeIDE.app/Contents/Eclipse/plugins/com.st.stm32cube.ide.mcu.externaltools.gnu-tools-for-stm32.9-2020-q2-update.macos64_2.0.0.202105311346/tools/bin/../lib/gcc/arm-none-eabi/9.3.1/../../../../arm-none-eabi/lib/thumb/v7e-m+fp/hard/libc_nano.a(lib_a-exit.o)
 .ARM.attributes
                0x0000000000000000       0x34 /Applications/STM32CubeIDE.app/Contents/Eclipse/plugins/com.st.stm32cube.ide.mcu.externaltools.gnu-tools-for-stm32.9-2020-q2-update.macos64_2.0.0.202105311346/tools/bin/../lib/gcc/arm-none-eabi/9.3.1/../../../../arm-none-eabi/lib/thumb/v7e-m+fp/hard/libc_nano.a(lib_a-exit.o)
 .text          0x0000000000000000        0x0 /Applications/STM32CubeIDE.app/Contents/Eclipse/plugins/com.st.stm32cube.ide.mcu.externaltools.gnu-tools-for-stm32.9-2020-q2-update.macos64_2.0.0.202105311346/tools/bin/../lib/gcc/arm-none-eabi/9.3.1/../../../../arm-none-eabi/lib/thumb/v7e-m+fp/hard/libc_nano.a(lib_a-impure.o)
 .data          0x0000000000000000        0x0 /Applications/STM32CubeIDE.app/Contents/Eclipse/plugins/com.st.stm32cube.ide.mcu.externaltools.gnu-tools-for-stm32.9-2020-q2-update.macos64_2.0.0.202105311346/tools/bin/../lib/gcc/arm-none-eabi/9.3.1/../../../../arm-none-eabi/lib/thumb/v7e-m+fp/hard/libc_nano.a(lib_a-impure.o)
 .bss           0x0000000000000000        0x0 /Applications/STM32CubeIDE.app/Contents/Eclipse/plugins/com.st.stm32cube.ide.mcu.externaltools.gnu-tools-for-stm32.9-2020-q2-update.macos64_2.0.0.202105311346/tools/bin/../lib/gcc/arm-none-eabi/9.3.1/../../../../arm-none-eabi/lib/thumb/v7e-m+fp/hard/libc_nano.a(lib_a-impure.o)
 .data._impure_ptr
                0x0000000000000000        0x4 /Applications/STM32CubeIDE.app/Contents/Eclipse/plugins/com.st.stm32cube.ide.mcu.externaltools.gnu-tools-for-stm32.9-2020-q2-update.macos64_2.0.0.202105311346/tools/bin/../lib/gcc/arm-none-eabi/9.3.1/../../../../arm-none-eabi/lib/thumb/v7e-m+fp/hard/libc_nano.a(lib_a-impure.o)
 .data.impure_data
                0x0000000000000000       0x60 /Applications/STM32CubeIDE.app/Contents/Eclipse/plugins/com.st.stm32cube.ide.mcu.externaltools.gnu-tools-for-stm32.9-2020-q2-update.macos64_2.0.0.202105311346/tools/bin/../lib/gcc/arm-none-eabi/9.3.1/../../../../arm-none-eabi/lib/thumb/v7e-m+fp/hard/libc_nano.a(lib_a-impure.o)
 .rodata._global_impure_ptr
                0x0000000000000000        0x4 /Applications/STM32CubeIDE.app/Contents/Eclipse/plugins/com.st.stm32cube.ide.mcu.externaltools.gnu-tools-for-stm32.9-2020-q2-update.macos64_2.0.0.202105311346/tools/bin/../lib/gcc/arm-none-eabi/9.3.1/../../../../arm-none-eabi/lib/thumb/v7e-m+fp/hard/libc_nano.a(lib_a-impure.o)
 .ARM.attributes
                0x0000000000000000       0x32 /Applications/STM32CubeIDE.app/Contents/Eclipse/plugins/com.st.stm32cube.ide.mcu.externaltools.gnu-tools-for-stm32.9-2020-q2-update.macos64_2.0.0.202105311346/tools/bin/../lib/gcc/arm-none-eabi/9.3.1/../../../../arm-none-eabi/lib/thumb/v7e-m+fp/hard/libc_nano.a(lib_a-impure.o)
 .text          0x0000000000000000        0x0 /Applications/STM32CubeIDE.app/Contents/Eclipse/plugins/com.st.stm32cube.ide.mcu.externaltools.gnu-tools-for-stm32.9-2020-q2-update.macos64_2.0.0.202105311346/tools/bin/../lib/gcc/arm-none-eabi/9.3.1/../../../../arm-none-eabi/lib/thumb/v7e-m+fp/hard/libc_nano.a(lib_a-init.o)
 .data          0x0000000000000000        0x0 /Applications/STM32CubeIDE.app/Contents/Eclipse/plugins/com.st.stm32cube.ide.mcu.externaltools.gnu-tools-for-stm32.9-2020-q2-update.macos64_2.0.0.202105311346/tools/bin/../lib/gcc/arm-none-eabi/9.3.1/../../../../arm-none-eabi/lib/thumb/v7e-m+fp/hard/libc_nano.a(lib_a-init.o)
 .bss           0x0000000000000000        0x0 /Applications/STM32CubeIDE.app/Contents/Eclipse/plugins/com.st.stm32cube.ide.mcu.externaltools.gnu-tools-for-stm32.9-2020-q2-update.macos64_2.0.0.202105311346/tools/bin/../lib/gcc/arm-none-eabi/9.3.1/../../../../arm-none-eabi/lib/thumb/v7e-m+fp/hard/libc_nano.a(lib_a-init.o)
 .text          0x0000000000000000        0x0 /Applications/STM32CubeIDE.app/Contents/Eclipse/plugins/com.st.stm32cube.ide.mcu.externaltools.gnu-tools-for-stm32.9-2020-q2-update.macos64_2.0.0.202105311346/tools/bin/../lib/gcc/arm-none-eabi/9.3.1/../../../../arm-none-eabi/lib/thumb/v7e-m+fp/hard/libc_nano.a(lib_a-memset.o)
 .data          0x0000000000000000        0x0 /Applications/STM32CubeIDE.app/Contents/Eclipse/plugins/com.st.stm32cube.ide.mcu.externaltools.gnu-tools-for-stm32.9-2020-q2-update.macos64_2.0.0.202105311346/tools/bin/../lib/gcc/arm-none-eabi/9.3.1/../../../../arm-none-eabi/lib/thumb/v7e-m+fp/hard/libc_nano.a(lib_a-memset.o)
 .bss           0x0000000000000000        0x0 /Applications/STM32CubeIDE.app/Contents/Eclipse/plugins/com.st.stm32cube.ide.mcu.externaltools.gnu-tools-for-stm32.9-2020-q2-update.macos64_2.0.0.202105311346/tools/bin/../lib/gcc/arm-none-eabi/9.3.1/../../../../arm-none-eabi/lib/thumb/v7e-m+fp/hard/libc_nano.a(lib_a-memset.o)
 .text          0x0000000000000000        0x0 /Applications/STM32CubeIDE.app/Contents/Eclipse/plugins/com.st.stm32cube.ide.mcu.externaltools.gnu-tools-for-stm32.9-2020-q2-update.macos64_2.0.0.202105311346/tools/bin/../lib/gcc/arm-none-eabi/9.3.1/thumb/v7e-m+fp/hard/crtend.o
 .data          0x0000000000000000        0x0 /Applications/STM32CubeIDE.app/Contents/Eclipse/plugins/com.st.stm32cube.ide.mcu.externaltools.gnu-tools-for-stm32.9-2020-q2-update.macos64_2.0.0.202105311346/tools/bin/../lib/gcc/arm-none-eabi/9.3.1/thumb/v7e-m+fp/hard/crtend.o
 .bss           0x0000000000000000        0x0 /Applications/STM32CubeIDE.app/Contents/Eclipse/plugins/com.st.stm32cube.ide.mcu.externaltools.gnu-tools-for-stm32.9-2020-q2-update.macos64_2.0.0.202105311346/tools/bin/../lib/gcc/arm-none-eabi/9.3.1/thumb/v7e-m+fp/hard/crtend.o
 .eh_frame      0x0000000000000000        0x4 /Applications/STM32CubeIDE.app/Contents/Eclipse/plugins/com.st.stm32cube.ide.mcu.externaltools.gnu-tools-for-stm32.9-2020-q2-update.macos64_2.0.0.202105311346/tools/bin/../lib/gcc/arm-none-eabi/9.3.1/thumb/v7e-m+fp/hard/crtend.o
 .ARM.attributes
                0x0000000000000000       0x32 /Applications/STM32CubeIDE.app/Contents/Eclipse/plugins/com.st.stm32cube.ide.mcu.externaltools.gnu-tools-for-stm32.9-2020-q2-update.macos64_2.0.0.202105311346/tools/bin/../lib/gcc/arm-none-eabi/9.3.1/thumb/v7e-m+fp/hard/crtend.o
 .text          0x0000000000000000        0x0 /Applications/STM32CubeIDE.app/Contents/Eclipse/plugins/com.st.stm32cube.ide.mcu.externaltools.gnu-tools-for-stm32.9-2020-q2-update.macos64_2.0.0.202105311346/tools/bin/../lib/gcc/arm-none-eabi/9.3.1/thumb/v7e-m+fp/hard/crtn.o
 .data          0x0000000000000000        0x0 /Applications/STM32CubeIDE.app/Contents/Eclipse/plugins/com.st.stm32cube.ide.mcu.externaltools.gnu-tools-for-stm32.9-2020-q2-update.macos64_2.0.0.202105311346/tools/bin/../lib/gcc/arm-none-eabi/9.3.1/thumb/v7e-m+fp/hard/crtn.o
 .bss           0x0000000000000000        0x0 /Applications/STM32CubeIDE.app/Contents/Eclipse/plugins/com.st.stm32cube.ide.mcu.externaltools.gnu-tools-for-stm32.9-2020-q2-update.macos64_2.0.0.202105311346/tools/bin/../lib/gcc/arm-none-eabi/9.3.1/thumb/v7e-m+fp/hard/crtn.o

Memory Configuration

Name             Origin             Length             Attributes
RAM              0x0000000020000000 0x0000000000050000 xrw
SRAM2            0x0000000010000000 0x0000000000010000 xrw
FLASH            0x0000000008000000 0x0000000000100000 xr
*default*        0x0000000000000000 0xffffffffffffffff

Linker script and memory map

LOAD /Applications/STM32CubeIDE.app/Contents/Eclipse/plugins/com.st.stm32cube.ide.mcu.externaltools.gnu-tools-for-stm32.9-2020-q2-update.macos64_2.0.0.202105311346/tools/bin/../lib/gcc/arm-none-eabi/9.3.1/thumb/v7e-m+fp/hard/crti.o
LOAD /Applications/STM32CubeIDE.app/Contents/Eclipse/plugins/com.st.stm32cube.ide.mcu.externaltools.gnu-tools-for-stm32.9-2020-q2-update.macos64_2.0.0.202105311346/tools/bin/../lib/gcc/arm-none-eabi/9.3.1/thumb/v7e-m+fp/hard/crtbegin.o
LOAD /Applications/STM32CubeIDE.app/Contents/Eclipse/plugins/com.st.stm32cube.ide.mcu.externaltools.gnu-tools-for-stm32.9-2020-q2-update.macos64_2.0.0.202105311346/tools/bin/../lib/gcc/arm-none-eabi/9.3.1/../../../../arm-none-eabi/lib/thumb/v7e-m+fp/hard/crt0.o
LOAD ./Src/main.o
LOAD ./Src/stm32l4xx_hal_msp.o
LOAD ./Src/stm32l4xx_it.o
LOAD ./Src/syscalls.o
LOAD ./Src/sysmem.o
LOAD ./Src/system_stm32l4xx.o
LOAD ./Startup/startup_stm32l496agix.o
START GROUP
LOAD /Applications/STM32CubeIDE.app/Contents/Eclipse/plugins/com.st.stm32cube.ide.mcu.externaltools.gnu-tools-for-stm32.9-2020-q2-update.macos64_2.0.0.202105311346/tools/bin/../lib/gcc/arm-none-eabi/9.3.1/../../../../arm-none-eabi/lib/thumb/v7e-m+fp/hard/libc_nano.a
LOAD /Applications/STM32CubeIDE.app/Contents/Eclipse/plugins/com.st.stm32cube.ide.mcu.externaltools.gnu-tools-for-stm32.9-2020-q2-update.macos64_2.0.0.202105311346/tools/bin/../lib/gcc/arm-none-eabi/9.3.1/../../../../arm-none-eabi/lib/thumb/v7e-m+fp/hard/libm.a
END GROUP
START GROUP
LOAD /Applications/STM32CubeIDE.app/Contents/Eclipse/plugins/com.st.stm32cube.ide.mcu.externaltools.gnu-tools-for-stm32.9-2020-q2-update.macos64_2.0.0.202105311346/tools/bin/../lib/gcc/arm-none-eabi/9.3.1/thumb/v7e-m+fp/hard/libgcc.a
LOAD /Applications/STM32CubeIDE.app/Contents/Eclipse/plugins/com.st.stm32cube.ide.mcu.externaltools.gnu-tools-for-stm32.9-2020-q2-update.macos64_2.0.0.202105311346/tools/bin/../lib/gcc/arm-none-eabi/9.3.1/../../../../arm-none-eabi/lib/thumb/v7e-m+fp/hard/libc_nano.a
END GROUP
START GROUP
LOAD /Applications/STM32CubeIDE.app/Contents/Eclipse/plugins/com.st.stm32cube.ide.mcu.externaltools.gnu-tools-for-stm32.9-2020-q2-update.macos64_2.0.0.202105311346/tools/bin/../lib/gcc/arm-none-eabi/9.3.1/thumb/v7e-m+fp/hard/libgcc.a
LOAD /Applications/STM32CubeIDE.app/Contents/Eclipse/plugins/com.st.stm32cube.ide.mcu.externaltools.gnu-tools-for-stm32.9-2020-q2-update.macos64_2.0.0.202105311346/tools/bin/../lib/gcc/arm-none-eabi/9.3.1/../../../../arm-none-eabi/lib/thumb/v7e-m+fp/hard/libc_nano.a
LOAD /Applications/STM32CubeIDE.app/Contents/Eclipse/plugins/com.st.stm32cube.ide.mcu.externaltools.gnu-tools-for-stm32.9-2020-q2-update.macos64_2.0.0.202105311346/tools/bin/../lib/gcc/arm-none-eabi/9.3.1/../../../../arm-none-eabi/lib/thumb/v7e-m+fp/hard/libnosys.a
END GROUP
START GROUP
LOAD /Applications/STM32CubeIDE.app/Contents/Eclipse/plugins/com.st.stm32cube.ide.mcu.externaltools.gnu-tools-for-stm32.9-2020-q2-update.macos64_2.0.0.202105311346/tools/bin/../lib/gcc/arm-none-eabi/9.3.1/thumb/v7e-m+fp/hard/libgcc.a
LOAD /Applications/STM32CubeIDE.app/Contents/Eclipse/plugins/com.st.stm32cube.ide.mcu.externaltools.gnu-tools-for-stm32.9-2020-q2-update.macos64_2.0.0.202105311346/tools/bin/../lib/gcc/arm-none-eabi/9.3.1/../../../../arm-none-eabi/lib/thumb/v7e-m+fp/hard/libc_nano.a
LOAD /Applications/STM32CubeIDE.app/Contents/Eclipse/plugins/com.st.stm32cube.ide.mcu.externaltools.gnu-tools-for-stm32.9-2020-q2-update.macos64_2.0.0.202105311346/tools/bin/../lib/gcc/arm-none-eabi/9.3.1/../../../../arm-none-eabi/lib/thumb/v7e-m+fp/hard/libnosys.a
END GROUP
LOAD /Applications/STM32CubeIDE.app/Contents/Eclipse/plugins/com.st.stm32cube.ide.mcu.externaltools.gnu-tools-for-stm32.9-2020-q2-update.macos64_2.0.0.202105311346/tools/bin/../lib/gcc/arm-none-eabi/9.3.1/thumb/v7e-m+fp/hard/crtend.o
LOAD /Applications/STM32CubeIDE.app/Contents/Eclipse/plugins/com.st.stm32cube.ide.mcu.externaltools.gnu-tools-for-stm32.9-2020-q2-update.macos64_2.0.0.202105311346/tools/bin/../lib/gcc/arm-none-eabi/9.3.1/thumb/v7e-m+fp/hard/crtn.o
                0x0000000020050000                _estack = (ORIGIN (RAM) + LENGTH (RAM))
                0x0000000000000200                _Min_Heap_Size = 0x200
                0x0000000000000400                _Min_Stack_Size = 0x400

.isr_vector     0x0000000008000000      0x1ac
                0x0000000008000000                . = ALIGN (0x4)
 *(.isr_vector)
 .isr_vector    0x0000000008000000      0x1ac ./Startup/startup_stm32l496agix.o
                0x0000000008000000                g_pfnVectors
                0x00000000080001ac                . = ALIGN (0x4)

.text           0x00000000080001ac      0x23c
                0x00000000080001ac                . = ALIGN (0x4)
 *(.text)
 .text          0x00000000080001ac       0x40 /Applications/STM32CubeIDE.app/Contents/Eclipse/plugins/com.st.stm32cube.ide.mcu.externaltools.gnu-tools-for-stm32.9-2020-q2-update.macos64_2.0.0.202105311346/tools/bin/../lib/gcc/arm-none-eabi/9.3.1/thumb/v7e-m+fp/hard/crtbegin.o
 *(.text*)
 .text.main     0x00000000080001ec        0xe ./Src/main.o
                0x00000000080001ec                main
 .text.SystemClock_Config
                0x00000000080001fa       0xa8 ./Src/main.o
                0x00000000080001fa                SystemClock_Config
 .text.Error_Handler
                0x00000000080002a2        0xa ./Src/main.o
                0x00000000080002a2                Error_Handler
 .text.NMI_Handler
                0x00000000080002ac        0x6 ./Src/stm32l4xx_it.o
                0x00000000080002ac                NMI_Handler
 .text.HardFault_Handler
                0x00000000080002b2        0x6 ./Src/stm32l4xx_it.o
                0x00000000080002b2                HardFault_Handler
 .text.MemManage_Handler
                0x00000000080002b8        0x6 ./Src/stm32l4xx_it.o
                0x00000000080002b8                MemManage_Handler
 .text.BusFault_Handler
                0x00000000080002be        0x6 ./Src/stm32l4xx_it.o
                0x00000000080002be                BusFault_Handler
 .text.UsageFault_Handler
                0x00000000080002c4        0x6 ./Src/stm32l4xx_it.o
                0x00000000080002c4                UsageFault_Handler
 .text.SVC_Handler
                0x00000000080002ca        0xe ./Src/stm32l4xx_it.o
                0x00000000080002ca                SVC_Handler
 .text.DebugMon_Handler
                0x00000000080002d8        0xe ./Src/stm32l4xx_it.o
                0x00000000080002d8                DebugMon_Handler
 .text.PendSV_Handler
                0x00000000080002e6        0xe ./Src/stm32l4xx_it.o
                0x00000000080002e6                PendSV_Handler
 .text.SysTick_Handler
                0x00000000080002f4        0xc ./Src/stm32l4xx_it.o
                0x00000000080002f4                SysTick_Handler
 .text.SystemInit
                0x0000000008000300       0x24 ./Src/system_stm32l4xx.o
                0x0000000008000300                SystemInit
 .text.Reset_Handler
                0x0000000008000324       0x50 ./Startup/startup_stm32l496agix.o
                0x0000000008000324                Reset_Handler
 .text.Default_Handler
                0x0000000008000374        0x2 ./Startup/startup_stm32l496agix.o
                0x0000000008000374                TIM1_BRK_TIM15_IRQHandler
                0x0000000008000374                TIM8_TRG_COM_IRQHandler
                0x0000000008000374                TIM8_CC_IRQHandler
                0x0000000008000374                DMA1_CH4_IRQHandler
                0x0000000008000374                TIM1_CC_IRQHandler
                0x0000000008000374                TSC_IRQHandler
                0x0000000008000374                TAMP_STAMP_IRQHandler
                0x0000000008000374                CAN2_RX1_IRQHandler
                0x0000000008000374                EXTI3_IRQHandler
                0x0000000008000374                LPTIM2_IRQHandler
                0x0000000008000374                DFSDM1_FLT1_IRQHandler
                0x0000000008000374                I2C3_ER_IRQHandler
                0x0000000008000374                DFSDM1_FLT2_IRQHandler
                0x0000000008000374                TIM6_DACUNDER_IRQHandler
                0x0000000008000374                EXTI0_IRQHandler
                0x0000000008000374                I2C2_EV_IRQHandler
                0x0000000008000374                DMA2_CH1_IRQHandler
                0x0000000008000374                CAN1_RX0_IRQHandler
                0x0000000008000374                FPU_IRQHandler
                0x0000000008000374                TIM1_UP_TIM16_IRQHandler
                0x0000000008000374                DMA2_CH7_IRQHandler
                0x0000000008000374                CAN2_SCE_IRQHandler
                0x0000000008000374                ADC1_2_IRQHandler
                0x0000000008000374                SPI1_IRQHandler
                0x0000000008000374                DMA1_CH7_IRQHandler
                0x0000000008000374                DCMI_IRQHandler
                0x0000000008000374                CAN2_RX0_IRQHandler
                0x0000000008000374                TIM8_UP_IRQHandler
                0x0000000008000374                RTC_ALARM_IRQHandler
                0x0000000008000374                SAI2_IRQHandler
                0x0000000008000374                DFSDM1_FLT3_IRQHandler
                0x0000000008000374                DMA1_CH6_IRQHandler
                0x0000000008000374                USART3_IRQHandler
                0x0000000008000374                CAN1_RX1_IRQHandler
                0x0000000008000374                LCD_IRQHandler
                0x0000000008000374                UART5_IRQHandler
                0x0000000008000374                ADC3_IRQHandler
                0x0000000008000374                TIM4_IRQHandler
                0x0000000008000374                QUADSPI_IRQHandler
                0x0000000008000374                I2C1_EV_IRQHandler
                0x0000000008000374                DMA2_CH5_IRQHandler
                0x0000000008000374                UART4_IRQHandler
                0x0000000008000374                DMA1_CH3_IRQHandler
                0x0000000008000374                TIM3_IRQHandler
                0x0000000008000374                RCC_IRQHandler
                0x0000000008000374                Default_Handler
                0x0000000008000374                EXTI15_10_IRQHandler
                0x0000000008000374                TIM7_IRQHandler
                0x0000000008000374                SDMMC1_IRQHandler
                0x0000000008000374                CAN2_TX_IRQHandler
                0x0000000008000374                TIM5_IRQHandler
                0x0000000008000374                I2C3_EV_IRQHandler
                0x0000000008000374                EXTI9_5_IRQHandler
                0x0000000008000374                DMA1_CH2_IRQHandler
                0x0000000008000374                RTC_WKUP_IRQHandler
                0x0000000008000374                RNG_HASH_IRQHandler
                0x0000000008000374                PVD_PVM_IRQHandler
                0x0000000008000374                SPI2_IRQHandler
                0x0000000008000374                DMA1_CH1_IRQHandler
                0x0000000008000374                CAN1_TX_IRQHandler
                0x0000000008000374                CRS_IRQHandler
                0x0000000008000374                EXTI4_IRQHandler
                0x0000000008000374                TIM1_TRG_COM_TIM17_IRQHandler
                0x0000000008000374                COMP_IRQHandler
                0x0000000008000374                WWDG_IRQHandler
                0x0000000008000374                I2C4_EV_IRQHandler
                0x0000000008000374                LPUART1_IRQHandler
                0x0000000008000374                TIM2_IRQHandler
                0x0000000008000374                DMA2D_IRQHandler
                0x0000000008000374                EXTI1_IRQHandler
                0x0000000008000374                AES_IRQHandler
                0x0000000008000374                USART2_IRQHandler
                0x0000000008000374                DFSDM1_FLT0_IRQHandler
                0x0000000008000374                I2C2_ER_IRQHandler
                0x0000000008000374                TIM8_BRK_IRQHandler
                0x0000000008000374                CAN1_SCE_IRQHandler
                0x0000000008000374                FLASH_IRQHandler
                0x0000000008000374                USART1_IRQHandler
                0x0000000008000374                OTG_FS_IRQHandler
                0x0000000008000374                SPI3_IRQHandler
                0x0000000008000374                DMA2_CH6_IRQHandler
                0x0000000008000374                DMA2_CH3_IRQHandler
                0x0000000008000374                DMA2_CH2_IRQHandler
                0x0000000008000374                I2C1_ER_IRQHandler
                0x0000000008000374                FMC_IRQHandler
                0x0000000008000374                DMA1_CH5_IRQHandler
                0x0000000008000374                DMA2_CH4_IRQHandler
                0x0000000008000374                SWPMI1_IRQHandler
                0x0000000008000374                LPTIM1_IRQHandler
                0x0000000008000374                I2C4_ER_IRQHandler
                0x0000000008000374                SAI1_IRQHandler
                0x0000000008000374                EXTI2_IRQHandler
 *fill*         0x0000000008000376        0x2 
 .text.__libc_init_array
                0x0000000008000378       0x48 /Applications/STM32CubeIDE.app/Contents/Eclipse/plugins/com.st.stm32cube.ide.mcu.externaltools.gnu-tools-for-stm32.9-2020-q2-update.macos64_2.0.0.202105311346/tools/bin/../lib/gcc/arm-none-eabi/9.3.1/../../../../arm-none-eabi/lib/thumb/v7e-m+fp/hard/libc_nano.a(lib_a-init.o)
                0x0000000008000378                __libc_init_array
 .text.memset   0x00000000080003c0       0x10 /Applications/STM32CubeIDE.app/Contents/Eclipse/plugins/com.st.stm32cube.ide.mcu.externaltools.gnu-tools-for-stm32.9-2020-q2-update.macos64_2.0.0.202105311346/tools/bin/../lib/gcc/arm-none-eabi/9.3.1/../../../../arm-none-eabi/lib/thumb/v7e-m+fp/hard/libc_nano.a(lib_a-memset.o)
                0x00000000080003c0                memset
 *(.glue_7)
 .glue_7        0x00000000080003d0        0x0 linker stubs
 *(.glue_7t)
 .glue_7t       0x00000000080003d0        0x0 linker stubs
 *(.eh_frame)
 .eh_frame      0x00000000080003d0        0x0 /Applications/STM32CubeIDE.app/Contents/Eclipse/plugins/com.st.stm32cube.ide.mcu.externaltools.gnu-tools-for-stm32.9-2020-q2-update.macos64_2.0.0.202105311346/tools/bin/../lib/gcc/arm-none-eabi/9.3.1/thumb/v7e-m+fp/hard/crtbegin.o
 *(.init)
 .init          0x00000000080003d0        0x4 /Applications/STM32CubeIDE.app/Contents/Eclipse/plugins/com.st.stm32cube.ide.mcu.externaltools.gnu-tools-for-stm32.9-2020-q2-update.macos64_2.0.0.202105311346/tools/bin/../lib/gcc/arm-none-eabi/9.3.1/thumb/v7e-m+fp/hard/crti.o
                0x00000000080003d0                _init
 .init          0x00000000080003d4        0x8 /Applications/STM32CubeIDE.app/Contents/Eclipse/plugins/com.st.stm32cube.ide.mcu.externaltools.gnu-tools-for-stm32.9-2020-q2-update.macos64_2.0.0.202105311346/tools/bin/../lib/gcc/arm-none-eabi/9.3.1/thumb/v7e-m+fp/hard/crtn.o
 *(.fini)
 .fini          0x00000000080003dc        0x4 /Applications/STM32CubeIDE.app/Contents/Eclipse/plugins/com.st.stm32cube.ide.mcu.externaltools.gnu-tools-for-stm32.9-2020-q2-update.macos64_2.0.0.202105311346/tools/bin/../lib/gcc/arm-none-eabi/9.3.1/thumb/v7e-m+fp/hard/crti.o
                0x00000000080003dc                _fini
 .fini          0x00000000080003e0        0x8 /Applications/STM32CubeIDE.app/Contents/Eclipse/plugins/com.st.stm32cube.ide.mcu.externaltools.gnu-tools-for-stm32.9-2020-q2-update.macos64_2.0.0.202105311346/tools/bin/../lib/gcc/arm-none-eabi/9.3.1/thumb/v7e-m+fp/hard/crtn.o
                0x00000000080003e8                . = ALIGN (0x4)
                0x00000000080003e8                _etext = .

.vfp11_veneer   0x00000000080003e8        0x0
 .vfp11_veneer  0x00000000080003e8        0x0 linker stubs

.v4_bx          0x00000000080003e8        0x0
 .v4_bx         0x00000000080003e8        0x0 linker stubs

.iplt           0x00000000080003e8        0x0
 .iplt          0x00000000080003e8        0x0 /Applications/STM32CubeIDE.app/Contents/Eclipse/plugins/com.st.stm32cube.ide.mcu.externaltools.gnu-tools-for-stm32.9-2020-q2-update.macos64_2.0.0.202105311346/tools/bin/../lib/gcc/arm-none-eabi/9.3.1/thumb/v7e-m+fp/hard/crtbegin.o

.rel.dyn        0x00000000080003e8        0x0
 .rel.iplt      0x00000000080003e8        0x0 /Applications/STM32CubeIDE.app/Contents/Eclipse/plugins/com.st.stm32cube.ide.mcu.externaltools.gnu-tools-for-stm32.9-2020-q2-update.macos64_2.0.0.202105311346/tools/bin/../lib/gcc/arm-none-eabi/9.3.1/thumb/v7e-m+fp/hard/crtbegin.o

.rodata         0x00000000080003e8        0x0
                0x00000000080003e8                . = ALIGN (0x4)
 *(.rodata)
 *(.rodata*)
                0x00000000080003e8                . = ALIGN (0x4)

.ARM.extab      0x00000000080003e8        0x0
                0x00000000080003e8                . = ALIGN (0x4)
 *(.ARM.extab* .gnu.linkonce.armextab.*)
                0x00000000080003e8                . = ALIGN (0x4)

.ARM            0x00000000080003e8        0x0
                0x00000000080003e8                . = ALIGN (0x4)
                0x00000000080003e8                __exidx_start = .
 *(.ARM.exidx*)
                0x00000000080003e8                __exidx_end = .
                0x00000000080003e8                . = ALIGN (0x4)

.preinit_array  0x00000000080003e8        0x0
                0x00000000080003e8                . = ALIGN (0x4)
                0x00000000080003e8                PROVIDE (__preinit_array_start = .)
 *(.preinit_array*)
                0x00000000080003e8                PROVIDE (__preinit_array_end = .)
                0x00000000080003e8                . = ALIGN (0x4)

.init_array     0x00000000080003e8        0x4
                0x00000000080003e8                . = ALIGN (0x4)
                0x00000000080003e8                PROVIDE (__init_array_start = .)
 *(SORT_BY_NAME(.init_array.*))
 *(.init_array*)
 .init_array    0x00000000080003e8        0x4 /Applications/STM32CubeIDE.app/Contents/Eclipse/plugins/com.st.stm32cube.ide.mcu.externaltools.gnu-tools-for-stm32.9-2020-q2-update.macos64_2.0.0.202105311346/tools/bin/../lib/gcc/arm-none-eabi/9.3.1/thumb/v7e-m+fp/hard/crtbegin.o
                0x00000000080003ec                PROVIDE (__init_array_end = .)
                0x00000000080003ec                . = ALIGN (0x4)

.fini_array     0x00000000080003ec        0x4
                0x00000000080003ec                . = ALIGN (0x4)
                [!provide]                        PROVIDE (__fini_array_start = .)
 *(SORT_BY_NAME(.fini_array.*))
 *(.fini_array*)
 .fini_array    0x00000000080003ec        0x4 /Applications/STM32CubeIDE.app/Contents/Eclipse/plugins/com.st.stm32cube.ide.mcu.externaltools.gnu-tools-for-stm32.9-2020-q2-update.macos64_2.0.0.202105311346/tools/bin/../lib/gcc/arm-none-eabi/9.3.1/thumb/v7e-m+fp/hard/crtbegin.o
                [!provide]                        PROVIDE (__fini_array_end = .)
                0x00000000080003f0                . = ALIGN (0x4)
                0x00000000080003f0                _sidata = LOADADDR (.data)

.data           0x0000000020000000        0x0 load address 0x00000000080003f0
                0x0000000020000000                . = ALIGN (0x4)
                0x0000000020000000                _sdata = .
 *(.data)
 *(.data*)
 *(.RamFunc)
 *(.RamFunc*)
                0x0000000020000000                . = ALIGN (0x4)
                0x0000000020000000                _edata = .
                0x00000000080003f0                _sisram2 = LOADADDR (.sram2)

.igot.plt       0x0000000020000000        0x0 load address 0x00000000080003f0
 .igot.plt      0x0000000020000000        0x0 /Applications/STM32CubeIDE.app/Contents/Eclipse/plugins/com.st.stm32cube.ide.mcu.externaltools.gnu-tools-for-stm32.9-2020-q2-update.macos64_2.0.0.202105311346/tools/bin/../lib/gcc/arm-none-eabi/9.3.1/thumb/v7e-m+fp/hard/crtbegin.o

.sram2          0x0000000010000000        0x0 load address 0x00000000080003f0
                0x0000000010000000                . = ALIGN (0x4)
                0x0000000010000000                _ssram2 = .
 *(.sram2)
 *(.sram2*)
                0x0000000010000000                . = ALIGN (0x4)
                0x0000000010000000                _esram2 = .
                0x0000000010000000                . = ALIGN (0x4)

.bss            0x0000000020000000       0x1c
                0x0000000020000000                _sbss = .
                0x0000000020000000                __bss_start__ = _sbss
 *(.bss)
 .bss           0x0000000020000000       0x1c /Applications/STM32CubeIDE.app/Contents/Eclipse/plugins/com.st.stm32cube.ide.mcu.externaltools.gnu-tools-for-stm32.9-2020-q2-update.macos64_2.0.0.202105311346/tools/bin/../lib/gcc/arm-none-eabi/9.3.1/thumb/v7e-m+fp/hard/crtbegin.o
 *(.bss*)
 *(COMMON)
                0x000000002000001c                . = ALIGN (0x4)
                0x000000002000001c                _ebss = .
                0x000000002000001c                __bss_end__ = _ebss

._user_heap_stack
                0x000000002000001c      0x604
                0x0000000020000020                . = ALIGN (0x8)
 *fill*         0x000000002000001c        0x4 
                [!provide]                        PROVIDE (end = .)
                0x0000000020000020                PROVIDE (_end = .)
                0x0000000020000220                . = (. + _Min_Heap_Size)
 *fill*         0x0000000020000020      0x200 
                0x0000000020000620                . = (. + _Min_Stack_Size)
 *fill*         0x0000000020000220      0x400 
                0x0000000020000620                . = ALIGN (0x8)

/DISCARD/
 libc.a(*)
 libm.a(*)
 libgcc.a(*)

.ARM.attributes
                0x0000000000000000       0x30
 *(.ARM.attributes)
 .ARM.attributes
                0x0000000000000000       0x1e /Applications/STM32CubeIDE.app/Contents/Eclipse/plugins/com.st.stm32cube.ide.mcu.externaltools.gnu-tools-for-stm32.9-2020-q2-update.macos64_2.0.0.202105311346/tools/bin/../lib/gcc/arm-none-eabi/9.3.1/thumb/v7e-m+fp/hard/crti.o
 .ARM.attributes
                0x000000000000001e       0x34 /Applications/STM32CubeIDE.app/Contents/Eclipse/plugins/com.st.stm32cube.ide.mcu.externaltools.gnu-tools-for-stm32.9-2020-q2-update.macos64_2.0.0.202105311346/tools/bin/../lib/gcc/arm-none-eabi/9.3.1/thumb/v7e-m+fp/hard/crtbegin.o
 .ARM.attributes
                0x0000000000000052       0x34 ./Src/main.o
 .ARM.attributes
                0x0000000000000086       0x34 ./Src/stm32l4xx_it.o
 .ARM.attributes
                0x00000000000000ba       0x34 ./Src/system_stm32l4xx.o
 .ARM.attributes
                0x00000000000000ee       0x21 ./Startup/startup_stm32l496agix.o
 .ARM.attributes
                0x000000000000010f       0x34 /Applications/STM32CubeIDE.app/Contents/Eclipse/plugins/com.st.stm32cube.ide.mcu.externaltools.gnu-tools-for-stm32.9-2020-q2-update.macos64_2.0.0.202105311346/tools/bin/../lib/gcc/arm-none-eabi/9.3.1/../../../../arm-none-eabi/lib/thumb/v7e-m+fp/hard/libc_nano.a(lib_a-init.o)
 .ARM.attributes
                0x0000000000000143       0x34 /Applications/STM32CubeIDE.app/Contents/Eclipse/plugins/com.st.stm32cube.ide.mcu.externaltools.gnu-tools-for-stm32.9-2020-q2-update.macos64_2.0.0.202105311346/tools/bin/../lib/gcc/arm-none-eabi/9.3.1/../../../../arm-none-eabi/lib/thumb/v7e-m+fp/hard/libc_nano.a(lib_a-memset.o)
 .ARM.attributes
                0x0000000000000177       0x1e /Applications/STM32CubeIDE.app/Contents/Eclipse/plugins/com.st.stm32cube.ide.mcu.externaltools.gnu-tools-for-stm32.9-2020-q2-update.macos64_2.0.0.202105311346/tools/bin/../lib/gcc/arm-none-eabi/9.3.1/thumb/v7e-m+fp/hard/crtn.o
OUTPUT(STM32-camera-test.elf elf32-littlearm)
LOAD linker stubs
LOAD /Applications/STM32CubeIDE.app/Contents/Eclipse/plugins/com.st.stm32cube.ide.mcu.externaltools.gnu-tools-for-stm32.9-2020-q2-update.macos64_2.0.0.202105311346/tools/bin/../lib/gcc/arm-none-eabi/9.3.1/../../../../arm-none-eabi/lib/thumb/v7e-m+fp/hard/libc.a
LOAD /Applications/STM32CubeIDE.app/Contents/Eclipse/plugins/com.st.stm32cube.ide.mcu.externaltools.gnu-tools-for-stm32.9-2020-q2-update.macos64_2.0.0.202105311346/tools/bin/../lib/gcc/arm-none-eabi/9.3.1/../../../../arm-none-eabi/lib/thumb/v7e-m+fp/hard/libm.a
LOAD /Applications/STM32CubeIDE.app/Contents/Eclipse/plugins/com.st.stm32cube.ide.mcu.externaltools.gnu-tools-for-stm32.9-2020-q2-update.macos64_2.0.0.202105311346/tools/bin/../lib/gcc/arm-none-eabi/9.3.1/thumb/v7e-m+fp/hard/libgcc.a

.debug_info     0x0000000000000000     0x1005
 .debug_info    0x0000000000000000      0x4e2 ./Src/main.o
 .debug_info    0x00000000000004e2      0x373 ./Src/stm32l4xx_it.o
 .debug_info    0x0000000000000855      0x78e ./Src/system_stm32l4xx.o
 .debug_info    0x0000000000000fe3       0x22 ./Startup/startup_stm32l496agix.o

.debug_abbrev   0x0000000000000000      0x3bf
 .debug_abbrev  0x0000000000000000      0x156 ./Src/main.o
 .debug_abbrev  0x0000000000000156       0xf2 ./Src/stm32l4xx_it.o
 .debug_abbrev  0x0000000000000248      0x165 ./Src/system_stm32l4xx.o
 .debug_abbrev  0x00000000000003ad       0x12 ./Startup/startup_stm32l496agix.o

.debug_aranges  0x0000000000000000       0xe0
 .debug_aranges
                0x0000000000000000       0x30 ./Src/main.o
 .debug_aranges
                0x0000000000000030       0x60 ./Src/stm32l4xx_it.o
 .debug_aranges
                0x0000000000000090       0x28 ./Src/system_stm32l4xx.o
 .debug_aranges
                0x00000000000000b8       0x28 ./Startup/startup_stm32l496agix.o

.debug_ranges   0x0000000000000000       0xa8
 .debug_ranges  0x0000000000000000       0x20 ./Src/main.o
 .debug_ranges  0x0000000000000020       0x50 ./Src/stm32l4xx_it.o
 .debug_ranges  0x0000000000000070       0x18 ./Src/system_stm32l4xx.o
 .debug_ranges  0x0000000000000088       0x20 ./Startup/startup_stm32l496agix.o

.debug_macro    0x0000000000000000    0x2612a
 .debug_macro   0x0000000000000000      0x1bb ./Src/main.o
 .debug_macro   0x00000000000001bb      0xaa8 ./Src/main.o
 .debug_macro   0x0000000000000c63      0x1a1 ./Src/main.o
 .debug_macro   0x0000000000000e04       0x2e ./Src/main.o
 .debug_macro   0x0000000000000e32       0x28 ./Src/main.o
 .debug_macro   0x0000000000000e5a       0x22 ./Src/main.o
 .debug_macro   0x0000000000000e7c       0x8e ./Src/main.o
 .debug_macro   0x0000000000000f0a       0x51 ./Src/main.o
 .debug_macro   0x0000000000000f5b      0x103 ./Src/main.o
 .debug_macro   0x000000000000105e       0x6a ./Src/main.o
 .debug_macro   0x00000000000010c8      0x1df ./Src/main.o
 .debug_macro   0x00000000000012a7       0x1c ./Src/main.o
 .debug_macro   0x00000000000012c3       0x22 ./Src/main.o
 .debug_macro   0x00000000000012e5      0x101 ./Src/main.o
 .debug_macro   0x00000000000013e6     0x1011 ./Src/main.o
 .debug_macro   0x00000000000023f7      0x11f ./Src/main.o
 .debug_macro   0x0000000000002516    0x1c1e0 ./Src/main.o
 .debug_macro   0x000000000001e6f6       0x6d ./Src/main.o
 .debug_macro   0x000000000001e763     0x38e6 ./Src/main.o
 .debug_macro   0x0000000000022049      0x174 ./Src/main.o
 .debug_macro   0x00000000000221bd       0x5c ./Src/main.o
 .debug_macro   0x0000000000022219     0x187d ./Src/main.o
 .debug_macro   0x0000000000023a96      0x773 ./Src/main.o
 .debug_macro   0x0000000000024209      0x1b9 ./Src/main.o
 .debug_macro   0x00000000000243c2      0x202 ./Src/main.o
 .debug_macro   0x00000000000245c4      0x26b ./Src/main.o
 .debug_macro   0x000000000002482f      0x23d ./Src/main.o
 .debug_macro   0x0000000000024a6c      0x241 ./Src/main.o
 .debug_macro   0x0000000000024cad      0x3ad ./Src/main.o
 .debug_macro   0x000000000002505a       0xe4 ./Src/main.o
 .debug_macro   0x000000000002513e      0x22c ./Src/main.o
 .debug_macro   0x000000000002536a       0x61 ./Src/main.o
 .debug_macro   0x00000000000253cb       0xa5 ./Src/main.o
 .debug_macro   0x0000000000025470      0x122 ./Src/main.o
 .debug_macro   0x0000000000025592      0x3ef ./Src/main.o
 .debug_macro   0x0000000000025981      0x433 ./Src/main.o
 .debug_macro   0x0000000000025db4      0x1c5 ./Src/stm32l4xx_it.o
 .debug_macro   0x0000000000025f79      0x1b1 ./Src/system_stm32l4xx.o

.debug_line     0x0000000000000000     0x196d
 .debug_line    0x0000000000000000      0x82c ./Src/main.o
 .debug_line    0x000000000000082c      0x875 ./Src/stm32l4xx_it.o
 .debug_line    0x00000000000010a1      0x848 ./Src/system_stm32l4xx.o
 .debug_line    0x00000000000018e9       0x84 ./Startup/startup_stm32l496agix.o

.debug_str      0x0000000000000000    0xec8d6
 .debug_str     0x0000000000000000    0xec5e9 ./Src/main.o
                                      0xec88d (size before relaxing)
 .debug_str     0x00000000000ec5e9       0xb8 ./Src/stm32l4xx_it.o
                                      0xec794 (size before relaxing)
 .debug_str     0x00000000000ec6a1      0x204 ./Src/system_stm32l4xx.o
                                      0xec8db (size before relaxing)
 .debug_str     0x00000000000ec8a5       0x31 ./Startup/startup_stm32l496agix.o
                                         0x78 (size before relaxing)

.comment        0x0000000000000000       0x53
 .comment       0x0000000000000000       0x53 ./Src/main.o
                                         0x54 (size before relaxing)
 .comment       0x0000000000000053       0x54 ./Src/stm32l4xx_it.o
 .comment       0x0000000000000053       0x54 ./Src/system_stm32l4xx.o

.debug_frame    0x0000000000000000      0x210
 .debug_frame   0x0000000000000000       0x68 ./Src/main.o
 .debug_frame   0x0000000000000068      0x104 ./Src/stm32l4xx_it.o
 .debug_frame   0x000000000000016c       0x58 ./Src/system_stm32l4xx.o
 .debug_frame   0x00000000000001c4       0x2c /Applications/STM32CubeIDE.app/Contents/Eclipse/plugins/com.st.stm32cube.ide.mcu.externaltools.gnu-tools-for-stm32.9-2020-q2-update.macos64_2.0.0.202105311346/tools/bin/../lib/gcc/arm-none-eabi/9.3.1/../../../../arm-none-eabi/lib/thumb/v7e-m+fp/hard/libc_nano.a(lib_a-init.o)
 .debug_frame   0x00000000000001f0       0x20 /Applications/STM32CubeIDE.app/Contents/Eclipse/plugins/com.st.stm32cube.ide.mcu.externaltools.gnu-tools-for-stm32.9-2020-q2-update.macos64_2.0.0.202105311346/tools/bin/../lib/gcc/arm-none-eabi/9.3.1/../../../../arm-none-eabi/lib/thumb/v7e-m+fp/hard/libc_nano.a(lib_a-memset.o)
