Archive member included to satisfy reference by file (symbol)

/Applications/STM32CubeIDE.app/Contents/Eclipse/plugins/com.st.stm32cube.ide.mcu.externaltools.gnu-tools-for-stm32.9-2020-q2-update.macos64_2.0.0.202105311346/tools/bin/../lib/gcc/arm-none-eabi/9.3.1/../../../../arm-none-eabi/lib/thumb/v7e-m+fp/hard/libc_nano.a(lib_a-errno.o)
                              ./Src/syscalls.o (__errno)
/Applications/STM32CubeIDE.app/Contents/Eclipse/plugins/com.st.stm32cube.ide.mcu.externaltools.gnu-tools-for-stm32.9-2020-q2-update.macos64_2.0.0.202105311346/tools/bin/../lib/gcc/arm-none-eabi/9.3.1/../../../../arm-none-eabi/lib/thumb/v7e-m+fp/hard/libc_nano.a(lib_a-exit.o)
                              /Applications/STM32CubeIDE.app/Contents/Eclipse/plugins/com.st.stm32cube.ide.mcu.externaltools.gnu-tools-for-stm32.9-2020-q2-update.macos64_2.0.0.202105311346/tools/bin/../lib/gcc/arm-none-eabi/9.3.1/../../../../arm-none-eabi/lib/thumb/v7e-m+fp/hard/crt0.o (exit)
/Applications/STM32CubeIDE.app/Contents/Eclipse/plugins/com.st.stm32cube.ide.mcu.externaltools.gnu-tools-for-stm32.9-2020-q2-update.macos64_2.0.0.202105311346/tools/bin/../lib/gcc/arm-none-eabi/9.3.1/../../../../arm-none-eabi/lib/thumb/v7e-m+fp/hard/libc_nano.a(lib_a-impure.o)
                              /Applications/STM32CubeIDE.app/Contents/Eclipse/plugins/com.st.stm32cube.ide.mcu.externaltools.gnu-tools-for-stm32.9-2020-q2-update.macos64_2.0.0.202105311346/tools/bin/../lib/gcc/arm-none-eabi/9.3.1/../../../../arm-none-eabi/lib/thumb/v7e-m+fp/hard/libc_nano.a(lib_a-exit.o) (_global_impure_ptr)
/Applications/STM32CubeIDE.app/Contents/Eclipse/plugins/com.st.stm32cube.ide.mcu.externaltools.gnu-tools-for-stm32.9-2020-q2-update.macos64_2.0.0.202105311346/tools/bin/../lib/gcc/arm-none-eabi/9.3.1/../../../../arm-none-eabi/lib/thumb/v7e-m+fp/hard/libc_nano.a(lib_a-init.o)
                              /Applications/STM32CubeIDE.app/Contents/Eclipse/plugins/com.st.stm32cube.ide.mcu.externaltools.gnu-tools-for-stm32.9-2020-q2-update.macos64_2.0.0.202105311346/tools/bin/../lib/gcc/arm-none-eabi/9.3.1/../../../../arm-none-eabi/lib/thumb/v7e-m+fp/hard/crt0.o (__libc_init_array)
/Applications/STM32CubeIDE.app/Contents/Eclipse/plugins/com.st.stm32cube.ide.mcu.externaltools.gnu-tools-for-stm32.9-2020-q2-update.macos64_2.0.0.202105311346/tools/bin/../lib/gcc/arm-none-eabi/9.3.1/../../../../arm-none-eabi/lib/thumb/v7e-m+fp/hard/libc_nano.a(lib_a-memset.o)
                              /Applications/STM32CubeIDE.app/Contents/Eclipse/plugins/com.st.stm32cube.ide.mcu.externaltools.gnu-tools-for-stm32.9-2020-q2-update.macos64_2.0.0.202105311346/tools/bin/../lib/gcc/arm-none-eabi/9.3.1/../../../../arm-none-eabi/lib/thumb/v7e-m+fp/hard/crt0.o (memset)
/Applications/STM32CubeIDE.app/Contents/Eclipse/plugins/com.st.stm32cube.ide.mcu.externaltools.gnu-tools-for-stm32.9-2020-q2-update.macos64_2.0.0.202105311346/tools/bin/../lib/gcc/arm-none-eabi/9.3.1/thumb/v7e-m+fp/hard/libgcc.a(_aeabi_uldivmod.o)
                              ./Drivers/STM32L4xx_HAL_Driver/Src/stm32l4xx_hal_uart.o (__aeabi_uldivmod)
/Applications/STM32CubeIDE.app/Contents/Eclipse/plugins/com.st.stm32cube.ide.mcu.externaltools.gnu-tools-for-stm32.9-2020-q2-update.macos64_2.0.0.202105311346/tools/bin/../lib/gcc/arm-none-eabi/9.3.1/thumb/v7e-m+fp/hard/libgcc.a(_udivmoddi4.o)
                              /Applications/STM32CubeIDE.app/Contents/Eclipse/plugins/com.st.stm32cube.ide.mcu.externaltools.gnu-tools-for-stm32.9-2020-q2-update.macos64_2.0.0.202105311346/tools/bin/../lib/gcc/arm-none-eabi/9.3.1/thumb/v7e-m+fp/hard/libgcc.a(_aeabi_uldivmod.o) (__udivmoddi4)
/Applications/STM32CubeIDE.app/Contents/Eclipse/plugins/com.st.stm32cube.ide.mcu.externaltools.gnu-tools-for-stm32.9-2020-q2-update.macos64_2.0.0.202105311346/tools/bin/../lib/gcc/arm-none-eabi/9.3.1/thumb/v7e-m+fp/hard/libgcc.a(_dvmd_tls.o)
                              /Applications/STM32CubeIDE.app/Contents/Eclipse/plugins/com.st.stm32cube.ide.mcu.externaltools.gnu-tools-for-stm32.9-2020-q2-update.macos64_2.0.0.202105311346/tools/bin/../lib/gcc/arm-none-eabi/9.3.1/thumb/v7e-m+fp/hard/libgcc.a(_aeabi_uldivmod.o) (__aeabi_ldiv0)

Allocating common symbols
Common symbol       size              file

hbus_i2c2           0x54              ./Drivers/BSP/stm32_ov5640_bus.o
Dma2dHandle         0x58              ./Src/main.o
hcamera_dcmi        0x7c              ./Drivers/BSP/stm32_ov5640_camera.o
uwTick              0x4               ./Drivers/STM32L4xx_HAL_Driver/Src/stm32l4xx_hal.o
huart2              0x84              ./Src/main.o
Camera_Ctx          0x34              ./Drivers/BSP/stm32_ov5640_camera.o

Discarded input sections

 .text          0x0000000000000000        0x0 /Applications/STM32CubeIDE.app/Contents/Eclipse/plugins/com.st.stm32cube.ide.mcu.externaltools.gnu-tools-for-stm32.9-2020-q2-update.macos64_2.0.0.202105311346/tools/bin/../lib/gcc/arm-none-eabi/9.3.1/thumb/v7e-m+fp/hard/crti.o
[...]
Memory Configuration

Name             Origin             Length             Attributes
RAM              0x0000000020000000 0x0000000000050000 xrw
SRAM2            0x0000000010000000 0x0000000000010000 xrw
FLASH            0x0000000008000000 0x0000000000100000 xr
*default*        0x0000000000000000 0xffffffffffffffff

Linker script and memory map

LOAD /Applications/STM32CubeIDE.app/Contents/Eclipse/plugins/com.st.stm32cube.ide.mcu.externaltools.gnu-tools-for-stm32.9-2020-q2-update.macos64_2.0.0.202105311346/tools/bin/../lib/gcc/arm-none-eabi/9.3.1/thumb/v7e-m+fp/hard/crti.o
LOAD /Applications/STM32CubeIDE.app/Contents/Eclipse/plugins/com.st.stm32cube.ide.mcu.externaltools.gnu-tools-for-stm32.9-2020-q2-update.macos64_2.0.0.202105311346/tools/bin/../lib/gcc/arm-none-eabi/9.3.1/thumb/v7e-m+fp/hard/crtbegin.o
LOAD /Applications/STM32CubeIDE.app/Contents/Eclipse/plugins/com.st.stm32cube.ide.mcu.externaltools.gnu-tools-for-stm32.9-2020-q2-update.macos64_2.0.0.202105311346/tools/bin/../lib/gcc/arm-none-eabi/9.3.1/../../../../arm-none-eabi/lib/thumb/v7e-m+fp/hard/crt0.o
LOAD ./Drivers/BSP/mfxstm32l152.o
LOAD ./Drivers/BSP/ov5640.o
LOAD ./Drivers/BSP/ov5640_reg.o
LOAD ./Drivers/BSP/ov9655.o
LOAD ./Drivers/BSP/ov9655_reg.o
LOAD ./Drivers/BSP/stm32_ov5640_bus.o
LOAD ./Drivers/BSP/stm32_ov5640_camera.o
LOAD ./Drivers/BSP/stm32l496g_discovery.o
LOAD ./Drivers/BSP/stm32l496g_discovery_io.o
LOAD ./Drivers/STM32L4xx_HAL_Driver/Src/stm32l4xx_hal.o
LOAD ./Drivers/STM32L4xx_HAL_Driver/Src/stm32l4xx_hal_cortex.o
LOAD ./Drivers/STM32L4xx_HAL_Driver/Src/stm32l4xx_hal_dcmi.o
LOAD ./Drivers/STM32L4xx_HAL_Driver/Src/stm32l4xx_hal_dma.o
LOAD ./Drivers/STM32L4xx_HAL_Driver/Src/stm32l4xx_hal_dma2d.o
LOAD ./Drivers/STM32L4xx_HAL_Driver/Src/stm32l4xx_hal_dma_ex.o
LOAD ./Drivers/STM32L4xx_HAL_Driver/Src/stm32l4xx_hal_exti.o
LOAD ./Drivers/STM32L4xx_HAL_Driver/Src/stm32l4xx_hal_flash.o
LOAD ./Drivers/STM32L4xx_HAL_Driver/Src/stm32l4xx_hal_flash_ex.o
LOAD ./Drivers/STM32L4xx_HAL_Driver/Src/stm32l4xx_hal_flash_ramfunc.o
LOAD ./Drivers/STM32L4xx_HAL_Driver/Src/stm32l4xx_hal_gpio.o
LOAD ./Drivers/STM32L4xx_HAL_Driver/Src/stm32l4xx_hal_i2c.o
LOAD ./Drivers/STM32L4xx_HAL_Driver/Src/stm32l4xx_hal_i2c_ex.o
LOAD ./Drivers/STM32L4xx_HAL_Driver/Src/stm32l4xx_hal_pwr.o
LOAD ./Drivers/STM32L4xx_HAL_Driver/Src/stm32l4xx_hal_pwr_ex.o
LOAD ./Drivers/STM32L4xx_HAL_Driver/Src/stm32l4xx_hal_rcc.o
LOAD ./Drivers/STM32L4xx_HAL_Driver/Src/stm32l4xx_hal_rcc_ex.o
LOAD ./Drivers/STM32L4xx_HAL_Driver/Src/stm32l4xx_hal_tim.o
LOAD ./Drivers/STM32L4xx_HAL_Driver/Src/stm32l4xx_hal_tim_ex.o
LOAD ./Drivers/STM32L4xx_HAL_Driver/Src/stm32l4xx_hal_uart.o
LOAD ./Drivers/STM32L4xx_HAL_Driver/Src/stm32l4xx_hal_uart_ex.o
LOAD ./Src/main.o
LOAD ./Src/stm32l4xx_hal_msp.o
LOAD ./Src/stm32l4xx_it.o
LOAD ./Src/syscalls.o
LOAD ./Src/sysmem.o
LOAD ./Src/system_stm32l4xx.o
LOAD ./Startup/startup_stm32l496agix.o
START GROUP
LOAD /Applications/STM32CubeIDE.app/Contents/Eclipse/plugins/com.st.stm32cube.ide.mcu.externaltools.gnu-tools-for-stm32.9-2020-q2-update.macos64_2.0.0.202105311346/tools/bin/../lib/gcc/arm-none-eabi/9.3.1/../../../../arm-none-eabi/lib/thumb/v7e-m+fp/hard/libc_nano.a
LOAD /Applications/STM32CubeIDE.app/Contents/Eclipse/plugins/com.st.stm32cube.ide.mcu.externaltools.gnu-tools-for-stm32.9-2020-q2-update.macos64_2.0.0.202105311346/tools/bin/../lib/gcc/arm-none-eabi/9.3.1/../../../../arm-none-eabi/lib/thumb/v7e-m+fp/hard/libm.a
END GROUP
START GROUP
LOAD /Applications/STM32CubeIDE.app/Contents/Eclipse/plugins/com.st.stm32cube.ide.mcu.externaltools.gnu-tools-for-stm32.9-2020-q2-update.macos64_2.0.0.202105311346/tools/bin/../lib/gcc/arm-none-eabi/9.3.1/thumb/v7e-m+fp/hard/libgcc.a
LOAD /Applications/STM32CubeIDE.app/Contents/Eclipse/plugins/com.st.stm32cube.ide.mcu.externaltools.gnu-tools-for-stm32.9-2020-q2-update.macos64_2.0.0.202105311346/tools/bin/../lib/gcc/arm-none-eabi/9.3.1/../../../../arm-none-eabi/lib/thumb/v7e-m+fp/hard/libc_nano.a
END GROUP
START GROUP
LOAD /Applications/STM32CubeIDE.app/Contents/Eclipse/plugins/com.st.stm32cube.ide.mcu.externaltools.gnu-tools-for-stm32.9-2020-q2-update.macos64_2.0.0.202105311346/tools/bin/../lib/gcc/arm-none-eabi/9.3.1/thumb/v7e-m+fp/hard/libgcc.a
LOAD /Applications/STM32CubeIDE.app/Contents/Eclipse/plugins/com.st.stm32cube.ide.mcu.externaltools.gnu-tools-for-stm32.9-2020-q2-update.macos64_2.0.0.202105311346/tools/bin/../lib/gcc/arm-none-eabi/9.3.1/../../../../arm-none-eabi/lib/thumb/v7e-m+fp/hard/libc_nano.a
LOAD /Applications/STM32CubeIDE.app/Contents/Eclipse/plugins/com.st.stm32cube.ide.mcu.externaltools.gnu-tools-for-stm32.9-2020-q2-update.macos64_2.0.0.202105311346/tools/bin/../lib/gcc/arm-none-eabi/9.3.1/../../../../arm-none-eabi/lib/thumb/v7e-m+fp/hard/libnosys.a
END GROUP
START GROUP
LOAD /Applications/STM32CubeIDE.app/Contents/Eclipse/plugins/com.st.stm32cube.ide.mcu.externaltools.gnu-tools-for-stm32.9-2020-q2-update.macos64_2.0.0.202105311346/tools/bin/../lib/gcc/arm-none-eabi/9.3.1/thumb/v7e-m+fp/hard/libgcc.a
LOAD /Applications/STM32CubeIDE.app/Contents/Eclipse/plugins/com.st.stm32cube.ide.mcu.externaltools.gnu-tools-for-stm32.9-2020-q2-update.macos64_2.0.0.202105311346/tools/bin/../lib/gcc/arm-none-eabi/9.3.1/../../../../arm-none-eabi/lib/thumb/v7e-m+fp/hard/libc_nano.a
LOAD /Applications/STM32CubeIDE.app/Contents/Eclipse/plugins/com.st.stm32cube.ide.mcu.externaltools.gnu-tools-for-stm32.9-2020-q2-update.macos64_2.0.0.202105311346/tools/bin/../lib/gcc/arm-none-eabi/9.3.1/../../../../arm-none-eabi/lib/thumb/v7e-m+fp/hard/libnosys.a
END GROUP
LOAD /Applications/STM32CubeIDE.app/Contents/Eclipse/plugins/com.st.stm32cube.ide.mcu.externaltools.gnu-tools-for-stm32.9-2020-q2-update.macos64_2.0.0.202105311346/tools/bin/../lib/gcc/arm-none-eabi/9.3.1/thumb/v7e-m+fp/hard/crtend.o
LOAD /Applications/STM32CubeIDE.app/Contents/Eclipse/plugins/com.st.stm32cube.ide.mcu.externaltools.gnu-tools-for-stm32.9-2020-q2-update.macos64_2.0.0.202105311346/tools/bin/../lib/gcc/arm-none-eabi/9.3.1/thumb/v7e-m+fp/hard/crtn.o
                0x0000000020050000                _estack = (ORIGIN (RAM) + LENGTH (RAM))
                0x0000000000000200                _Min_Heap_Size = 0x200
                0x0000000000000400                _Min_Stack_Size = 0x400

.isr_vector     0x0000000008000000      0x1ac
                0x0000000008000000                . = ALIGN (0x4)
 *(.isr_vector)
 .isr_vector    0x0000000008000000      0x1ac ./Startup/startup_stm32l496agix.o
                0x0000000008000000                g_pfnVectors
                0x00000000080001ac                . = ALIGN (0x4)

.text           0x00000000080001ac     0x90bc
                0x00000000080001ac                . = ALIGN (0x4)
 *(.text)
 .text          0x00000000080001ac       0x40 /Applications/STM32CubeIDE.app/Contents/Eclipse/plugins/com.st.stm32cube.ide.mcu.externaltools.gnu-tools-for-stm32.9-2020-q2-update.macos64_2.0.0.202105311346/tools/bin/../lib/gcc/arm-none-eabi/9.3.1/thumb/v7e-m+fp/hard/crtbegin.o
 .text          0x00000000080001ec       0x30 /Applications/STM32CubeIDE.app/Contents/Eclipse/plugins/com.st.stm32cube.ide.mcu.externaltools.gnu-tools-for-stm32.9-2020-q2-update.macos64_2.0.0.202105311346/tools/bin/../lib/gcc/arm-none-eabi/9.3.1/thumb/v7e-m+fp/hard/libgcc.a(_aeabi_uldivmod.o)
                0x00000000080001ec                __aeabi_uldivmod
 .text          0x000000000800021c      0x2c4 /Applications/STM32CubeIDE.app/Contents/Eclipse/plugins/com.st.stm32cube.ide.mcu.externaltools.gnu-tools-for-stm32.9-2020-q2-update.macos64_2.0.0.202105311346/tools/bin/../lib/gcc/arm-none-eabi/9.3.1/thumb/v7e-m+fp/hard/libgcc.a(_udivmoddi4.o)
                0x000000000800021c                __udivmoddi4
 .text          0x00000000080004e0        0x4 /Applications/STM32CubeIDE.app/Contents/Eclipse/plugins/com.st.stm32cube.ide.mcu.externaltools.gnu-tools-for-stm32.9-2020-q2-update.macos64_2.0.0.202105311346/tools/bin/../lib/gcc/arm-none-eabi/9.3.1/thumb/v7e-m+fp/hard/libgcc.a(_dvmd_tls.o)
                0x00000000080004e0                __aeabi_ldiv0
                0x00000000080004e0                __aeabi_idiv0
 *(.text*)
 .text.mfxstm32l152_Init
                0x00000000080004e4       0x5c ./Drivers/BSP/mfxstm32l152.o
                0x00000000080004e4                mfxstm32l152_Init
 .text.mfxstm32l152_DeInit
                0x0000000008000540       0x28 ./Drivers/BSP/mfxstm32l152.o
                0x0000000008000540                mfxstm32l152_DeInit
 .text.mfxstm32l152_Reset
                0x0000000008000568       0x24 ./Drivers/BSP/mfxstm32l152.o
                0x0000000008000568                mfxstm32l152_Reset
 .text.mfxstm32l152_LowPower
                0x000000000800058c       0x22 ./Drivers/BSP/mfxstm32l152.o
                0x000000000800058c                mfxstm32l152_LowPower
 .text.mfxstm32l152_WakeUp
                0x00000000080005ae       0x2c ./Drivers/BSP/mfxstm32l152.o
                0x00000000080005ae                mfxstm32l152_WakeUp
 .text.mfxstm32l152_ReadID
                0x00000000080005da       0x2e ./Drivers/BSP/mfxstm32l152.o
                0x00000000080005da                mfxstm32l152_ReadID
 .text.mfxstm32l152_EnableITSource
                0x0000000008000608       0x3e ./Drivers/BSP/mfxstm32l152.o
                0x0000000008000608                mfxstm32l152_EnableITSource
 .text.mfxstm32l152_DisableITSource
                0x0000000008000646       0x48 ./Drivers/BSP/mfxstm32l152.o
                0x0000000008000646                mfxstm32l152_DisableITSource
 .text.mfxstm32l152_GlobalITStatus
                0x000000000800068e       0x2c ./Drivers/BSP/mfxstm32l152.o
                0x000000000800068e                mfxstm32l152_GlobalITStatus
 .text.mfxstm32l152_ClearGlobalIT
                0x00000000080006ba       0x24 ./Drivers/BSP/mfxstm32l152.o
                0x00000000080006ba                mfxstm32l152_ClearGlobalIT
 .text.mfxstm32l152_SetIrqOutPinPolarity
                0x00000000080006de       0x4c ./Drivers/BSP/mfxstm32l152.o
                0x00000000080006de                mfxstm32l152_SetIrqOutPinPolarity
 .text.mfxstm32l152_SetIrqOutPinType
                0x000000000800072a       0x4c ./Drivers/BSP/mfxstm32l152.o
                0x000000000800072a                mfxstm32l152_SetIrqOutPinType
 .text.mfxstm32l152_IO_Start
                0x0000000008000776       0x56 ./Drivers/BSP/mfxstm32l152.o
                0x0000000008000776                mfxstm32l152_IO_Start
 .text.mfxstm32l152_IO_Config
                0x00000000080007cc      0x5d4 ./Drivers/BSP/mfxstm32l152.o
                0x00000000080007cc                mfxstm32l152_IO_Config
 .text.mfxstm32l152_IO_InitPin
                0x0000000008000da0       0x24 ./Drivers/BSP/mfxstm32l152.o
                0x0000000008000da0                mfxstm32l152_IO_InitPin
 .text.mfxstm32l152_IO_SetIrqEvtMode
                0x0000000008000dc4       0x2a ./Drivers/BSP/mfxstm32l152.o
                0x0000000008000dc4                mfxstm32l152_IO_SetIrqEvtMode
 .text.mfxstm32l152_IO_SetIrqTypeMode
                0x0000000008000dee       0x2a ./Drivers/BSP/mfxstm32l152.o
                0x0000000008000dee                mfxstm32l152_IO_SetIrqTypeMode
 .text.mfxstm32l152_IO_WritePin
                0x0000000008000e18       0x38 ./Drivers/BSP/mfxstm32l152.o
                0x0000000008000e18                mfxstm32l152_IO_WritePin
 .text.mfxstm32l152_IO_ReadPin
                0x0000000008000e50       0x7c ./Drivers/BSP/mfxstm32l152.o
                0x0000000008000e50                mfxstm32l152_IO_ReadPin
 .text.mfxstm32l152_IO_EnableIT
                0x0000000008000ecc       0x20 ./Drivers/BSP/mfxstm32l152.o
                0x0000000008000ecc                mfxstm32l152_IO_EnableIT
 .text.mfxstm32l152_IO_DisableIT
                0x0000000008000eec       0x1c ./Drivers/BSP/mfxstm32l152.o
                0x0000000008000eec                mfxstm32l152_IO_DisableIT
 .text.mfxstm32l152_IO_EnablePinIT
                0x0000000008000f08       0x20 ./Drivers/BSP/mfxstm32l152.o
                0x0000000008000f08                mfxstm32l152_IO_EnablePinIT
 .text.mfxstm32l152_IO_DisablePinIT
                0x0000000008000f28       0x20 ./Drivers/BSP/mfxstm32l152.o
                0x0000000008000f28                mfxstm32l152_IO_DisablePinIT
 .text.mfxstm32l152_IO_ITStatus
                0x0000000008000f48       0x82 ./Drivers/BSP/mfxstm32l152.o
                0x0000000008000f48                mfxstm32l152_IO_ITStatus
 .text.mfxstm32l152_IO_ClearIT
                0x0000000008000fca       0x5a ./Drivers/BSP/mfxstm32l152.o
                0x0000000008000fca                mfxstm32l152_IO_ClearIT
 .text.mfxstm32l152_IDD_Start
                0x0000000008001024       0x40 ./Drivers/BSP/mfxstm32l152.o
                0x0000000008001024                mfxstm32l152_IDD_Start
 .text.mfxstm32l152_IDD_Config
                0x0000000008001064      0x2ca ./Drivers/BSP/mfxstm32l152.o
                0x0000000008001064                mfxstm32l152_IDD_Config
 .text.mfxstm32l152_IDD_GetValue
                0x000000000800132e       0x3a ./Drivers/BSP/mfxstm32l152.o
                0x000000000800132e                mfxstm32l152_IDD_GetValue
 .text.mfxstm32l152_IDD_EnableIT
                0x0000000008001368       0x20 ./Drivers/BSP/mfxstm32l152.o
                0x0000000008001368                mfxstm32l152_IDD_EnableIT
 .text.mfxstm32l152_IDD_ClearIT
                0x0000000008001388       0x1c ./Drivers/BSP/mfxstm32l152.o
                0x0000000008001388                mfxstm32l152_IDD_ClearIT
 .text.mfxstm32l152_IDD_GetITStatus
                0x00000000080013a4       0x1e ./Drivers/BSP/mfxstm32l152.o
                0x00000000080013a4                mfxstm32l152_IDD_GetITStatus
 .text.mfxstm32l152_IDD_DisableIT
                0x00000000080013c2       0x1c ./Drivers/BSP/mfxstm32l152.o
                0x00000000080013c2                mfxstm32l152_IDD_DisableIT
 .text.mfxstm32l152_Error_ReadSrc
                0x00000000080013de       0x22 ./Drivers/BSP/mfxstm32l152.o
                0x00000000080013de                mfxstm32l152_Error_ReadSrc
 .text.mfxstm32l152_Error_ReadMsg
                0x0000000008001400       0x22 ./Drivers/BSP/mfxstm32l152.o
                0x0000000008001400                mfxstm32l152_Error_ReadMsg
 .text.mfxstm32l152_Error_EnableIT
                0x0000000008001422       0x20 ./Drivers/BSP/mfxstm32l152.o
                0x0000000008001422                mfxstm32l152_Error_EnableIT
 .text.mfxstm32l152_Error_ClearIT
                0x0000000008001442       0x1c ./Drivers/BSP/mfxstm32l152.o
                0x0000000008001442                mfxstm32l152_Error_ClearIT
 .text.mfxstm32l152_Error_GetITStatus
                0x000000000800145e       0x1e ./Drivers/BSP/mfxstm32l152.o
                0x000000000800145e                mfxstm32l152_Error_GetITStatus
 .text.mfxstm32l152_Error_DisableIT
                0x000000000800147c       0x1c ./Drivers/BSP/mfxstm32l152.o
                0x000000000800147c                mfxstm32l152_Error_DisableIT
 .text.mfxstm32l152_GetInstance
                0x0000000008001498       0x40 ./Drivers/BSP/mfxstm32l152.o
 .text.mfxstm32l152_ReleaseInstance
                0x00000000080014d8       0x48 ./Drivers/BSP/mfxstm32l152.o
 .text.mfxstm32l152_reg24_setPinValue
                0x0000000008001520      0x10e ./Drivers/BSP/mfxstm32l152.o
 *fill*         0x000000000800162e        0x2 
 .text.OV5640_RegisterBusIO
                0x0000000008001630       0x84 ./Drivers/BSP/ov5640.o
                0x0000000008001630                OV5640_RegisterBusIO
 .text.OV5640_Init
                0x00000000080016b4       0xf4 ./Drivers/BSP/ov5640.o
                0x00000000080016b4                OV5640_Init
 .text.OV5640_DeInit
                0x00000000080017a8       0x28 ./Drivers/BSP/ov5640.o
                0x00000000080017a8                OV5640_DeInit
 .text.OV5640_SetPixelFormat
                0x00000000080017d0      0x328 ./Drivers/BSP/ov5640.o
                0x00000000080017d0                OV5640_SetPixelFormat
 .text.OV5640_GetPixelFormat
                0x0000000008001af8       0x1a ./Drivers/BSP/ov5640.o
                0x0000000008001af8                OV5640_GetPixelFormat
 *fill*         0x0000000008001b12        0x2 
 .text.OV5640_SetResolution
                0x0000000008001b14      0x1ec ./Drivers/BSP/ov5640.o
                0x0000000008001b14                OV5640_SetResolution
 .text.OV5640_GetResolution
                0x0000000008001d00      0x14c ./Drivers/BSP/ov5640.o
                0x0000000008001d00                OV5640_GetResolution
 .text.OV5640_SetPolarities
                0x0000000008001e4c       0x8c ./Drivers/BSP/ov5640.o
                0x0000000008001e4c                OV5640_SetPolarities
 .text.OV5640_ReadID
                0x0000000008001ed8       0xa6 ./Drivers/BSP/ov5640.o
                0x0000000008001ed8                OV5640_ReadID
 .text.OV5640_GetCapabilities
                0x0000000008001f7e       0x66 ./Drivers/BSP/ov5640.o
                0x0000000008001f7e                OV5640_GetCapabilities
 .text.OV5640_SetLightMode
                0x0000000008001fe4      0x264 ./Drivers/BSP/ov5640.o
                0x0000000008001fe4                OV5640_SetLightMode
 .text.OV5640_SetColorEffect
                0x0000000008002248      0x400 ./Drivers/BSP/ov5640.o
                0x0000000008002248                OV5640_SetColorEffect
 .text.OV5640_SetBrightness
                0x0000000008002648       0xe0 ./Drivers/BSP/ov5640.o
                0x0000000008002648                OV5640_SetBrightness
 .text.OV5640_SetSaturation
                0x0000000008002728       0xd4 ./Drivers/BSP/ov5640.o
                0x0000000008002728                OV5640_SetSaturation
 .text.OV5640_SetContrast
                0x00000000080027fc       0xd4 ./Drivers/BSP/ov5640.o
                0x00000000080027fc                OV5640_SetContrast
 .text.OV5640_SetHueDegree
                0x00000000080028d0      0x110 ./Drivers/BSP/ov5640.o
                0x00000000080028d0                OV5640_SetHueDegree
 .text.OV5640_MirrorFlipConfig
                0x00000000080029e0      0x1d2 ./Drivers/BSP/ov5640.o
                0x00000000080029e0                OV5640_MirrorFlipConfig
 .text.OV5640_ZoomConfig
                0x0000000008002bb2       0xd0 ./Drivers/BSP/ov5640.o
                0x0000000008002bb2                OV5640_ZoomConfig
 .text.OV5640_NightModeConfig
                0x0000000008002c82      0x20c ./Drivers/BSP/ov5640.o
                0x0000000008002c82                OV5640_NightModeConfig
 .text.OV5640_Delay
                0x0000000008002e8e       0x34 ./Drivers/BSP/ov5640.o
 .text.OV5640_ReadRegWrap
                0x0000000008002ec2       0x32 ./Drivers/BSP/ov5640.o
 .text.OV5640_WriteRegWrap
                0x0000000008002ef4       0x32 ./Drivers/BSP/ov5640.o
 .text.ov5640_read_reg
                0x0000000008002f26       0x2e ./Drivers/BSP/ov5640_reg.o
                0x0000000008002f26                ov5640_read_reg
 .text.ov5640_write_reg
                0x0000000008002f54       0x2e ./Drivers/BSP/ov5640_reg.o
                0x0000000008002f54                ov5640_write_reg
 *fill*         0x0000000008002f82        0x2 
 .text.BSP_I2C2_Init
                0x0000000008002f84       0x74 ./Drivers/BSP/stm32_ov5640_bus.o
                0x0000000008002f84                BSP_I2C2_Init
 .text.BSP_I2C2_DeInit
                0x0000000008002ff8       0x48 ./Drivers/BSP/stm32_ov5640_bus.o
                0x0000000008002ff8                BSP_I2C2_DeInit
 .text.MX_I2C2_Init
                0x0000000008003040       0x84 ./Drivers/BSP/stm32_ov5640_bus.o
                0x0000000008003040                MX_I2C2_Init
 .text.BSP_I2C2_WriteReg16
                0x00000000080030c4       0x5c ./Drivers/BSP/stm32_ov5640_bus.o
                0x00000000080030c4                BSP_I2C2_WriteReg16
 .text.BSP_I2C2_ReadReg16
                0x0000000008003120       0x5c ./Drivers/BSP/stm32_ov5640_bus.o
                0x0000000008003120                BSP_I2C2_ReadReg16
 .text.BSP_GetTick
                0x000000000800317c        0xe ./Drivers/BSP/stm32_ov5640_bus.o
                0x000000000800317c                BSP_GetTick
 *fill*         0x000000000800318a        0x2 
 .text.I2C_GetTiming
                0x000000000800318c      0x100 ./Drivers/BSP/stm32_ov5640_bus.o
 .text.I2C_Compute_PRESC_SCLDEL_SDADEL
                0x000000000800328c      0x1dc ./Drivers/BSP/stm32_ov5640_bus.o
 .text.I2C_Compute_SCLL_SCLH
                0x0000000008003468      0x210 ./Drivers/BSP/stm32_ov5640_bus.o
 .text.I2C2_MspInit
                0x0000000008003678       0xbc ./Drivers/BSP/stm32_ov5640_bus.o
 .text.I2C2_MspDeInit
                0x0000000008003734       0x44 ./Drivers/BSP/stm32_ov5640_bus.o
 .text.I2C2_WriteReg
                0x0000000008003778       0x4c ./Drivers/BSP/stm32_ov5640_bus.o
 .text.I2C2_ReadReg
                0x00000000080037c4       0x4c ./Drivers/BSP/stm32_ov5640_bus.o
 .text.BSP_CAMERA_Init
                0x0000000008003810      0x1a0 ./Drivers/BSP/stm32_ov5640_camera.o
                0x0000000008003810                BSP_CAMERA_Init
 .text.MX_DCMI_Init
                0x00000000080039b0       0x58 ./Drivers/BSP/stm32_ov5640_camera.o
                0x00000000080039b0                MX_DCMI_Init
 .text.BSP_CAMERA_RegisterDefaultMspCallbacks
                0x0000000008003a08       0x8c ./Drivers/BSP/stm32_ov5640_camera.o
                0x0000000008003a08                BSP_CAMERA_RegisterDefaultMspCallbacks
 .text.BSP_CAMERA_Start
                0x0000000008003a94       0x74 ./Drivers/BSP/stm32_ov5640_camera.o
                0x0000000008003a94                BSP_CAMERA_Start
 .text.BSP_CAMERA_HwReset
                0x0000000008003b08       0x48 ./Drivers/BSP/stm32_ov5640_camera.o
                0x0000000008003b08                BSP_CAMERA_HwReset
 .text.DCMI_IRQHandler
                0x0000000008003b50       0x1c ./Drivers/BSP/stm32_ov5640_camera.o
                0x0000000008003b50                DCMI_IRQHandler
 .text.GetSize  0x0000000008003b6c       0xa4 ./Drivers/BSP/stm32_ov5640_camera.o
 .text.DCMI_MspInit
                0x0000000008003c10      0x1b0 ./Drivers/BSP/stm32_ov5640_camera.o
 .text.DCMI_MspDeInit
                0x0000000008003dc0       0x90 ./Drivers/BSP/stm32_ov5640_camera.o
 .text.DCMI_LineEventCallback
                0x0000000008003e50       0x16 ./Drivers/BSP/stm32_ov5640_camera.o
 .text.DCMI_FrameEventCallback
                0x0000000008003e66       0x16 ./Drivers/BSP/stm32_ov5640_camera.o
 .text.DCMI_VsyncEventCallback
                0x0000000008003e7c       0x16 ./Drivers/BSP/stm32_ov5640_camera.o
 .text.DCMI_ErrorCallback
                0x0000000008003e92       0x16 ./Drivers/BSP/stm32_ov5640_camera.o
 .text.BSP_CAMERA_LineEventCallback
                0x0000000008003ea8       0x14 ./Drivers/BSP/stm32_ov5640_camera.o
                0x0000000008003ea8                BSP_CAMERA_LineEventCallback
 .text.BSP_CAMERA_FrameEventCallback
                0x0000000008003ebc       0x14 ./Drivers/BSP/stm32_ov5640_camera.o
                0x0000000008003ebc                BSP_CAMERA_FrameEventCallback
 .text.BSP_CAMERA_VsyncEventCallback
                0x0000000008003ed0       0x14 ./Drivers/BSP/stm32_ov5640_camera.o
                0x0000000008003ed0                BSP_CAMERA_VsyncEventCallback
 .text.BSP_CAMERA_ErrorCallback
                0x0000000008003ee4       0x14 ./Drivers/BSP/stm32_ov5640_camera.o
                0x0000000008003ee4                BSP_CAMERA_ErrorCallback
 .text.OV5640_Probe
                0x0000000008003ef8       0xe8 ./Drivers/BSP/stm32_ov5640_camera.o
 .text.BSP_ErrorHandler
                0x0000000008003fe0        0x6 ./Drivers/BSP/stm32l496g_discovery.o
                0x0000000008003fe0                BSP_ErrorHandler
 *fill*         0x0000000008003fe6        0x2 
 .text.BSP_LED_Init
                0x0000000008003fe8       0x9c ./Drivers/BSP/stm32l496g_discovery.o
                0x0000000008003fe8                BSP_LED_Init
 .text.BSP_LED_On
                0x0000000008004084       0x44 ./Drivers/BSP/stm32l496g_discovery.o
                0x0000000008004084                BSP_LED_On
 .text.I2C2_Init
                0x00000000080040c8       0x5c ./Drivers/BSP/stm32l496g_discovery.o
                0x00000000080040c8                I2C2_Init
 .text.I2C2_MspInit
                0x0000000008004124       0xfc ./Drivers/BSP/stm32l496g_discovery.o
 .text.I2C2_DeInit
                0x0000000008004220       0x24 ./Drivers/BSP/stm32l496g_discovery.o
                0x0000000008004220                I2C2_DeInit
 .text.I2C2_MspDeInit
                0x0000000008004244       0x9c ./Drivers/BSP/stm32l496g_discovery.o
 .text.I2C2_WriteData
                0x00000000080042e0       0x64 ./Drivers/BSP/stm32l496g_discovery.o
 .text.I2C2_ReadData
                0x0000000008004344       0x68 ./Drivers/BSP/stm32l496g_discovery.o
 .text.I2C2_isDeviceReady
                0x00000000080043ac       0x4c ./Drivers/BSP/stm32l496g_discovery.o
 .text.I2C2_ReadBuffer
                0x00000000080043f8       0x5c ./Drivers/BSP/stm32l496g_discovery.o
 .text.I2C2_Error
                0x0000000008004454       0x1c ./Drivers/BSP/stm32l496g_discovery.o
 .text.MFX_IO_Init
                0x0000000008004470       0x1e ./Drivers/BSP/stm32l496g_discovery.o
                0x0000000008004470                MFX_IO_Init
 *fill*         0x000000000800448e        0x2 
 .text.MFX_IO_DeInit
                0x0000000008004490       0x78 ./Drivers/BSP/stm32l496g_discovery.o
                0x0000000008004490                MFX_IO_DeInit
 .text.MFX_IO_ITConfig
                0x0000000008004508       0x5c ./Drivers/BSP/stm32l496g_discovery.o
                0x0000000008004508                MFX_IO_ITConfig
 .text.MFX_IO_EnableWakeupPin
                0x0000000008004564       0x48 ./Drivers/BSP/stm32l496g_discovery.o
                0x0000000008004564                MFX_IO_EnableWakeupPin
 .text.MFX_IO_Wakeup
                0x00000000080045ac       0x28 ./Drivers/BSP/stm32l496g_discovery.o
                0x00000000080045ac                MFX_IO_Wakeup
 .text.MFX_IO_Write
                0x00000000080045d4       0x28 ./Drivers/BSP/stm32l496g_discovery.o
                0x00000000080045d4                MFX_IO_Write
 .text.MFX_IO_Read
                0x00000000080045fc       0x28 ./Drivers/BSP/stm32l496g_discovery.o
                0x00000000080045fc                MFX_IO_Read
 .text.MFX_IO_ReadMultiple
                0x0000000008004624       0x34 ./Drivers/BSP/stm32l496g_discovery.o
                0x0000000008004624                MFX_IO_ReadMultiple
 .text.MFX_IO_Delay
                0x0000000008004658       0x16 ./Drivers/BSP/stm32l496g_discovery.o
                0x0000000008004658                MFX_IO_Delay
 *fill*         0x000000000800466e        0x2 
 .text.BSP_IO_Init
                0x0000000008004670       0x88 ./Drivers/BSP/stm32l496g_discovery_io.o
                0x0000000008004670                BSP_IO_Init
 .text.BSP_IO_ConfigPin
                0x00000000080046f8       0x38 ./Drivers/BSP/stm32l496g_discovery_io.o
                0x00000000080046f8                BSP_IO_ConfigPin
 .text.BSP_IO_WritePin
                0x0000000008004730       0x38 ./Drivers/BSP/stm32l496g_discovery_io.o
                0x0000000008004730                BSP_IO_WritePin
 .text.HAL_Init
                0x0000000008004768       0x30 ./Drivers/STM32L4xx_HAL_Driver/Src/stm32l4xx_hal.o
                0x0000000008004768                HAL_Init
 .text.HAL_InitTick
                0x0000000008004798       0x78 ./Drivers/STM32L4xx_HAL_Driver/Src/stm32l4xx_hal.o
                0x0000000008004798                HAL_InitTick
 .text.HAL_IncTick
                0x0000000008004810       0x28 ./Drivers/STM32L4xx_HAL_Driver/Src/stm32l4xx_hal.o
                0x0000000008004810                HAL_IncTick
 .text.HAL_GetTick
                0x0000000008004838       0x18 ./Drivers/STM32L4xx_HAL_Driver/Src/stm32l4xx_hal.o
                0x0000000008004838                HAL_GetTick
 .text.HAL_Delay
                0x0000000008004850       0x48 ./Drivers/STM32L4xx_HAL_Driver/Src/stm32l4xx_hal.o
                0x0000000008004850                HAL_Delay
 .text.__NVIC_SetPriorityGrouping
                0x0000000008004898       0x48 ./Drivers/STM32L4xx_HAL_Driver/Src/stm32l4xx_hal_cortex.o
 .text.__NVIC_GetPriorityGrouping
                0x00000000080048e0       0x1c ./Drivers/STM32L4xx_HAL_Driver/Src/stm32l4xx_hal_cortex.o
 .text.__NVIC_EnableIRQ
                0x00000000080048fc       0x3c ./Drivers/STM32L4xx_HAL_Driver/Src/stm32l4xx_hal_cortex.o
 .text.__NVIC_DisableIRQ
                0x0000000008004938       0x48 ./Drivers/STM32L4xx_HAL_Driver/Src/stm32l4xx_hal_cortex.o
 .text.__NVIC_SetPriority
                0x0000000008004980       0x54 ./Drivers/STM32L4xx_HAL_Driver/Src/stm32l4xx_hal_cortex.o
 .text.NVIC_EncodePriority
                0x00000000080049d4       0x66 ./Drivers/STM32L4xx_HAL_Driver/Src/stm32l4xx_hal_cortex.o
 *fill*         0x0000000008004a3a        0x2 
 .text.SysTick_Config
                0x0000000008004a3c       0x44 ./Drivers/STM32L4xx_HAL_Driver/Src/stm32l4xx_hal_cortex.o
 .text.HAL_NVIC_SetPriorityGrouping
                0x0000000008004a80       0x16 ./Drivers/STM32L4xx_HAL_Driver/Src/stm32l4xx_hal_cortex.o
                0x0000000008004a80                HAL_NVIC_SetPriorityGrouping
 .text.HAL_NVIC_SetPriority
                0x0000000008004a96       0x38 ./Drivers/STM32L4xx_HAL_Driver/Src/stm32l4xx_hal_cortex.o
                0x0000000008004a96                HAL_NVIC_SetPriority
 .text.HAL_NVIC_EnableIRQ
                0x0000000008004ace       0x1c ./Drivers/STM32L4xx_HAL_Driver/Src/stm32l4xx_hal_cortex.o
                0x0000000008004ace                HAL_NVIC_EnableIRQ
 .text.HAL_NVIC_DisableIRQ
                0x0000000008004aea       0x1c ./Drivers/STM32L4xx_HAL_Driver/Src/stm32l4xx_hal_cortex.o
                0x0000000008004aea                HAL_NVIC_DisableIRQ
 .text.HAL_SYSTICK_Config
                0x0000000008004b06       0x18 ./Drivers/STM32L4xx_HAL_Driver/Src/stm32l4xx_hal_cortex.o
                0x0000000008004b06                HAL_SYSTICK_Config
 *fill*         0x0000000008004b1e        0x2 
 .text.HAL_DCMI_Init
                0x0000000008004b20      0x148 ./Drivers/STM32L4xx_HAL_Driver/Src/stm32l4xx_hal_dcmi.o
                0x0000000008004b20                HAL_DCMI_Init
 .text.HAL_DCMI_MspInit
                0x0000000008004c68       0x14 ./Drivers/STM32L4xx_HAL_Driver/Src/stm32l4xx_hal_dcmi.o
                0x0000000008004c68                HAL_DCMI_MspInit
 .text.HAL_DCMI_Start_DMA
                0x0000000008004c7c      0x1a4 ./Drivers/STM32L4xx_HAL_Driver/Src/stm32l4xx_hal_dcmi.o
                0x0000000008004c7c                HAL_DCMI_Start_DMA
 .text.HAL_DCMI_IRQHandler
                0x0000000008004e20      0x100 ./Drivers/STM32L4xx_HAL_Driver/Src/stm32l4xx_hal_dcmi.o
                0x0000000008004e20                HAL_DCMI_IRQHandler
 .text.HAL_DCMI_ErrorCallback
                0x0000000008004f20       0x14 ./Drivers/STM32L4xx_HAL_Driver/Src/stm32l4xx_hal_dcmi.o
                0x0000000008004f20                HAL_DCMI_ErrorCallback
 .text.HAL_DCMI_LineEventCallback
                0x0000000008004f34       0x14 ./Drivers/STM32L4xx_HAL_Driver/Src/stm32l4xx_hal_dcmi.o
                0x0000000008004f34                HAL_DCMI_LineEventCallback
 .text.HAL_DCMI_VsyncEventCallback
                0x0000000008004f48       0x14 ./Drivers/STM32L4xx_HAL_Driver/Src/stm32l4xx_hal_dcmi.o
                0x0000000008004f48                HAL_DCMI_VsyncEventCallback
 .text.HAL_DCMI_FrameEventCallback
                0x0000000008004f5c       0x14 ./Drivers/STM32L4xx_HAL_Driver/Src/stm32l4xx_hal_dcmi.o
                0x0000000008004f5c                HAL_DCMI_FrameEventCallback
 .text.HAL_DCMI_RegisterCallback
                0x0000000008004f70       0xec ./Drivers/STM32L4xx_HAL_Driver/Src/stm32l4xx_hal_dcmi.o
                0x0000000008004f70                HAL_DCMI_RegisterCallback
 .text.DCMI_DMAXferCplt
                0x000000000800505c      0x134 ./Drivers/STM32L4xx_HAL_Driver/Src/stm32l4xx_hal_dcmi.o
 .text.DCMI_DMAHalfXferCplt
                0x0000000008005190       0x9a ./Drivers/STM32L4xx_HAL_Driver/Src/stm32l4xx_hal_dcmi.o
 .text.DCMI_DMAError
                0x000000000800522a       0x32 ./Drivers/STM32L4xx_HAL_Driver/Src/stm32l4xx_hal_dcmi.o
 .text.DCMI_TransferSize
                0x000000000800525c      0x114 ./Drivers/STM32L4xx_HAL_Driver/Src/stm32l4xx_hal_dcmi.o
 .text.HAL_DMA_Init
                0x0000000008005370      0x170 ./Drivers/STM32L4xx_HAL_Driver/Src/stm32l4xx_hal_dma.o
                0x0000000008005370                HAL_DMA_Init
 .text.HAL_DMA_DeInit
                0x00000000080054e0      0x124 ./Drivers/STM32L4xx_HAL_Driver/Src/stm32l4xx_hal_dma.o
                0x00000000080054e0                HAL_DMA_DeInit
 .text.HAL_DMA_Start_IT
                0x0000000008005604       0xc0 ./Drivers/STM32L4xx_HAL_Driver/Src/stm32l4xx_hal_dma.o
                0x0000000008005604                HAL_DMA_Start_IT
 .text.HAL_DMA_Abort_IT
                0x00000000080056c4       0x82 ./Drivers/STM32L4xx_HAL_Driver/Src/stm32l4xx_hal_dma.o
                0x00000000080056c4                HAL_DMA_Abort_IT
 .text.DMA_SetConfig
                0x0000000008005746       0x60 ./Drivers/STM32L4xx_HAL_Driver/Src/stm32l4xx_hal_dma.o
 .text.HAL_DMA2D_Init
                0x00000000080057a6       0xb2 ./Drivers/STM32L4xx_HAL_Driver/Src/stm32l4xx_hal_dma2d.o
                0x00000000080057a6                HAL_DMA2D_Init
 .text.HAL_DMA2D_MspInit
                0x0000000008005858       0x14 ./Drivers/STM32L4xx_HAL_Driver/Src/stm32l4xx_hal_dma2d.o
                0x0000000008005858                HAL_DMA2D_MspInit
 .text.HAL_DMA2D_ConfigLayer
                0x000000000800586c      0x13c ./Drivers/STM32L4xx_HAL_Driver/Src/stm32l4xx_hal_dma2d.o
                0x000000000800586c                HAL_DMA2D_ConfigLayer
 .text.HAL_GPIO_Init
                0x00000000080059a8      0x324 ./Drivers/STM32L4xx_HAL_Driver/Src/stm32l4xx_hal_gpio.o
                0x00000000080059a8                HAL_GPIO_Init
 .text.HAL_GPIO_DeInit
                0x0000000008005ccc      0x1e4 ./Drivers/STM32L4xx_HAL_Driver/Src/stm32l4xx_hal_gpio.o
                0x0000000008005ccc                HAL_GPIO_DeInit
 .text.HAL_GPIO_WritePin
                0x0000000008005eb0       0x30 ./Drivers/STM32L4xx_HAL_Driver/Src/stm32l4xx_hal_gpio.o
                0x0000000008005eb0                HAL_GPIO_WritePin
 .text.HAL_I2C_Init
                0x0000000008005ee0      0x11e ./Drivers/STM32L4xx_HAL_Driver/Src/stm32l4xx_hal_i2c.o
                0x0000000008005ee0                HAL_I2C_Init
 .text.HAL_I2C_DeInit
                0x0000000008005ffe       0x5e ./Drivers/STM32L4xx_HAL_Driver/Src/stm32l4xx_hal_i2c.o
                0x0000000008005ffe                HAL_I2C_DeInit
 .text.HAL_I2C_MspInit
                0x000000000800605c       0x14 ./Drivers/STM32L4xx_HAL_Driver/Src/stm32l4xx_hal_i2c.o
                0x000000000800605c                HAL_I2C_MspInit
 .text.HAL_I2C_MspDeInit
                0x0000000008006070       0x14 ./Drivers/STM32L4xx_HAL_Driver/Src/stm32l4xx_hal_i2c.o
                0x0000000008006070                HAL_I2C_MspDeInit
 .text.HAL_I2C_Mem_Write
                0x0000000008006084      0x228 ./Drivers/STM32L4xx_HAL_Driver/Src/stm32l4xx_hal_i2c.o
                0x0000000008006084                HAL_I2C_Mem_Write
 .text.HAL_I2C_Mem_Read
                0x00000000080062ac      0x234 ./Drivers/STM32L4xx_HAL_Driver/Src/stm32l4xx_hal_i2c.o
                0x00000000080062ac                HAL_I2C_Mem_Read
 .text.HAL_I2C_IsDeviceReady
                0x00000000080064e0      0x20e ./Drivers/STM32L4xx_HAL_Driver/Src/stm32l4xx_hal_i2c.o
                0x00000000080064e0                HAL_I2C_IsDeviceReady
 .text.HAL_I2C_GetState
                0x00000000080066ee       0x1c ./Drivers/STM32L4xx_HAL_Driver/Src/stm32l4xx_hal_i2c.o
                0x00000000080066ee                HAL_I2C_GetState
 .text.HAL_I2C_GetError
                0x000000000800670a       0x18 ./Drivers/STM32L4xx_HAL_Driver/Src/stm32l4xx_hal_i2c.o
                0x000000000800670a                HAL_I2C_GetError
 *fill*         0x0000000008006722        0x2 
 .text.I2C_RequestMemoryWrite
                0x0000000008006724       0xa8 ./Drivers/STM32L4xx_HAL_Driver/Src/stm32l4xx_hal_i2c.o
 .text.I2C_RequestMemoryRead
                0x00000000080067cc       0xa8 ./Drivers/STM32L4xx_HAL_Driver/Src/stm32l4xx_hal_i2c.o
 .text.I2C_Flush_TXDR
                0x0000000008006874       0x48 ./Drivers/STM32L4xx_HAL_Driver/Src/stm32l4xx_hal_i2c.o
 .text.I2C_WaitOnFlagUntilTimeout
                0x00000000080068bc       0x80 ./Drivers/STM32L4xx_HAL_Driver/Src/stm32l4xx_hal_i2c.o
 .text.I2C_WaitOnTXISFlagUntilTimeout
                0x000000000800693c       0x80 ./Drivers/STM32L4xx_HAL_Driver/Src/stm32l4xx_hal_i2c.o
 .text.I2C_WaitOnSTOPFlagUntilTimeout
                0x00000000080069bc       0x78 ./Drivers/STM32L4xx_HAL_Driver/Src/stm32l4xx_hal_i2c.o
 .text.I2C_IsErrorOccurred
                0x0000000008006a34      0x1d8 ./Drivers/STM32L4xx_HAL_Driver/Src/stm32l4xx_hal_i2c.o
 .text.I2C_TransferConfig
                0x0000000008006c0c       0x64 ./Drivers/STM32L4xx_HAL_Driver/Src/stm32l4xx_hal_i2c.o
 .text.HAL_I2CEx_ConfigAnalogFilter
                0x0000000008006c70       0x96 ./Drivers/STM32L4xx_HAL_Driver/Src/stm32l4xx_hal_i2c_ex.o
                0x0000000008006c70                HAL_I2CEx_ConfigAnalogFilter
 .text.HAL_I2CEx_ConfigDigitalFilter
                0x0000000008006d06       0x98 ./Drivers/STM32L4xx_HAL_Driver/Src/stm32l4xx_hal_i2c_ex.o
                0x0000000008006d06                HAL_I2CEx_ConfigDigitalFilter
 *fill*         0x0000000008006d9e        0x2 
 .text.HAL_PWREx_GetVoltageRange
                0x0000000008006da0       0x1c ./Drivers/STM32L4xx_HAL_Driver/Src/stm32l4xx_hal_pwr_ex.o
                0x0000000008006da0                HAL_PWREx_GetVoltageRange
 .text.HAL_PWREx_ControlVoltageScaling
                0x0000000008006dbc       0xac ./Drivers/STM32L4xx_HAL_Driver/Src/stm32l4xx_hal_pwr_ex.o
                0x0000000008006dbc                HAL_PWREx_ControlVoltageScaling
 .text.HAL_RCC_OscConfig
                0x0000000008006e68      0x830 ./Drivers/STM32L4xx_HAL_Driver/Src/stm32l4xx_hal_rcc.o
                0x0000000008006e68                HAL_RCC_OscConfig
 .text.HAL_RCC_ClockConfig
                0x0000000008007698      0x200 ./Drivers/STM32L4xx_HAL_Driver/Src/stm32l4xx_hal_rcc.o
                0x0000000008007698                HAL_RCC_ClockConfig
 .text.HAL_RCC_MCOConfig
                0x0000000008007898       0x68 ./Drivers/STM32L4xx_HAL_Driver/Src/stm32l4xx_hal_rcc.o
                0x0000000008007898                HAL_RCC_MCOConfig
 .text.HAL_RCC_GetSysClockFreq
                0x0000000008007900      0x118 ./Drivers/STM32L4xx_HAL_Driver/Src/stm32l4xx_hal_rcc.o
                0x0000000008007900                HAL_RCC_GetSysClockFreq
 .text.HAL_RCC_GetHCLKFreq
                0x0000000008007a18       0x18 ./Drivers/STM32L4xx_HAL_Driver/Src/stm32l4xx_hal_rcc.o
                0x0000000008007a18                HAL_RCC_GetHCLKFreq
 .text.HAL_RCC_GetPCLK1Freq
                0x0000000008007a30       0x2c ./Drivers/STM32L4xx_HAL_Driver/Src/stm32l4xx_hal_rcc.o
                0x0000000008007a30                HAL_RCC_GetPCLK1Freq
 .text.HAL_RCC_GetPCLK2Freq
                0x0000000008007a5c       0x2c ./Drivers/STM32L4xx_HAL_Driver/Src/stm32l4xx_hal_rcc.o
                0x0000000008007a5c                HAL_RCC_GetPCLK2Freq
 .text.RCC_SetFlashLatencyFromMSIRange
                0x0000000008007a88       0xc0 ./Drivers/STM32L4xx_HAL_Driver/Src/stm32l4xx_hal_rcc.o
 .text.HAL_RCCEx_PeriphCLKConfig
                0x0000000008007b48      0x5f8 ./Drivers/STM32L4xx_HAL_Driver/Src/stm32l4xx_hal_rcc_ex.o
                0x0000000008007b48                HAL_RCCEx_PeriphCLKConfig
 .text.RCCEx_PLLSAI1_Config
                0x0000000008008140      0x1e4 ./Drivers/STM32L4xx_HAL_Driver/Src/stm32l4xx_hal_rcc_ex.o
 .text.RCCEx_PLLSAI2_Config
                0x0000000008008324      0x1b8 ./Drivers/STM32L4xx_HAL_Driver/Src/stm32l4xx_hal_rcc_ex.o
 .text.HAL_UART_Init
                0x00000000080084dc       0x9c ./Drivers/STM32L4xx_HAL_Driver/Src/stm32l4xx_hal_uart.o
                0x00000000080084dc                HAL_UART_Init
 .text.HAL_UART_MspInit
                0x0000000008008578       0x14 ./Drivers/STM32L4xx_HAL_Driver/Src/stm32l4xx_hal_uart.o
                0x0000000008008578                HAL_UART_MspInit
 .text.UART_SetConfig
                0x000000000800858c      0x514 ./Drivers/STM32L4xx_HAL_Driver/Src/stm32l4xx_hal_uart.o
                0x000000000800858c                UART_SetConfig
 .text.UART_AdvFeatureConfig
                0x0000000008008aa0      0x144 ./Drivers/STM32L4xx_HAL_Driver/Src/stm32l4xx_hal_uart.o
                0x0000000008008aa0                UART_AdvFeatureConfig
 .text.UART_CheckIdleState
                0x0000000008008be4       0x92 ./Drivers/STM32L4xx_HAL_Driver/Src/stm32l4xx_hal_uart.o
                0x0000000008008be4                UART_CheckIdleState
 .text.UART_WaitOnFlagUntilTimeout
                0x0000000008008c76      0x188 ./Drivers/STM32L4xx_HAL_Driver/Src/stm32l4xx_hal_uart.o
                0x0000000008008c76                UART_WaitOnFlagUntilTimeout
 *fill*         0x0000000008008dfe        0x2 
 .text.main     0x0000000008008e00       0x50 ./Src/main.o
                0x0000000008008e00                main
 .text.SystemClock_Config
                0x0000000008008e50       0xa8 ./Src/main.o
                0x0000000008008e50                SystemClock_Config
 .text.IO_Init  0x0000000008008ef8       0x5c ./Src/main.o
 .text.DMA2D_Config
                0x0000000008008f54       0xdc ./Src/main.o
 .text.TransferComplete
                0x0000000008009030       0x16 ./Src/main.o
 .text.TransferError
                0x0000000008009046       0x16 ./Src/main.o
 .text.MX_USART2_UART_Init
                0x000000000800905c       0x60 ./Src/main.o
 .text.Error_Handler
                0x00000000080090bc        0xa ./Src/main.o
                0x00000000080090bc                Error_Handler
 .text.OnError_Handler
                0x00000000080090c6       0x1e ./Src/main.o
 .text.HAL_MspInit
                0x00000000080090e4       0x48 ./Src/stm32l4xx_hal_msp.o
                0x00000000080090e4                HAL_MspInit
 .text.NMI_Handler
                0x000000000800912c        0x6 ./Src/stm32l4xx_it.o
                0x000000000800912c                NMI_Handler
 .text.HardFault_Handler
                0x0000000008009132        0x6 ./Src/stm32l4xx_it.o
                0x0000000008009132                HardFault_Handler
 .text.MemManage_Handler
                0x0000000008009138        0x6 ./Src/stm32l4xx_it.o
                0x0000000008009138                MemManage_Handler
 .text.BusFault_Handler
                0x000000000800913e        0x6 ./Src/stm32l4xx_it.o
                0x000000000800913e                BusFault_Handler
 .text.UsageFault_Handler
                0x0000000008009144        0x6 ./Src/stm32l4xx_it.o
                0x0000000008009144                UsageFault_Handler
 .text.SVC_Handler
                0x000000000800914a        0xe ./Src/stm32l4xx_it.o
                0x000000000800914a                SVC_Handler
 .text.DebugMon_Handler
                0x0000000008009158        0xe ./Src/stm32l4xx_it.o
                0x0000000008009158                DebugMon_Handler
 .text.PendSV_Handler
                0x0000000008009166        0xe ./Src/stm32l4xx_it.o
                0x0000000008009166                PendSV_Handler
 .text.SysTick_Handler
                0x0000000008009174        0xc ./Src/stm32l4xx_it.o
                0x0000000008009174                SysTick_Handler
 .text.SystemInit
                0x0000000008009180       0x24 ./Src/system_stm32l4xx.o
                0x0000000008009180                SystemInit
 .text.Reset_Handler
                0x00000000080091a4       0x50 ./Startup/startup_stm32l496agix.o
                0x00000000080091a4                Reset_Handler
 .text.Default_Handler
                0x00000000080091f4        0x2 ./Startup/startup_stm32l496agix.o
                0x00000000080091f4                TIM1_BRK_TIM15_IRQHandler
                0x00000000080091f4                TIM8_TRG_COM_IRQHandler
                0x00000000080091f4                TIM8_CC_IRQHandler
                0x00000000080091f4                DMA1_CH4_IRQHandler
                0x00000000080091f4                TIM1_CC_IRQHandler
                0x00000000080091f4                TSC_IRQHandler
                0x00000000080091f4                TAMP_STAMP_IRQHandler
                0x00000000080091f4                CAN2_RX1_IRQHandler
                0x00000000080091f4                EXTI3_IRQHandler
                0x00000000080091f4                LPTIM2_IRQHandler
                0x00000000080091f4                DFSDM1_FLT1_IRQHandler
                0x00000000080091f4                I2C3_ER_IRQHandler
                0x00000000080091f4                DFSDM1_FLT2_IRQHandler
                0x00000000080091f4                TIM6_DACUNDER_IRQHandler
                0x00000000080091f4                EXTI0_IRQHandler
                0x00000000080091f4                I2C2_EV_IRQHandler
                0x00000000080091f4                DMA2_CH1_IRQHandler
                0x00000000080091f4                CAN1_RX0_IRQHandler
                0x00000000080091f4                FPU_IRQHandler
                0x00000000080091f4                TIM1_UP_TIM16_IRQHandler
                0x00000000080091f4                DMA2_CH7_IRQHandler
                0x00000000080091f4                CAN2_SCE_IRQHandler
                0x00000000080091f4                ADC1_2_IRQHandler
                0x00000000080091f4                SPI1_IRQHandler
                0x00000000080091f4                DMA1_CH7_IRQHandler
                0x00000000080091f4                CAN2_RX0_IRQHandler
                0x00000000080091f4                TIM8_UP_IRQHandler
                0x00000000080091f4                RTC_ALARM_IRQHandler
                0x00000000080091f4                SAI2_IRQHandler
                0x00000000080091f4                DFSDM1_FLT3_IRQHandler
                0x00000000080091f4                DMA1_CH6_IRQHandler
                0x00000000080091f4                USART3_IRQHandler
                0x00000000080091f4                CAN1_RX1_IRQHandler
                0x00000000080091f4                LCD_IRQHandler
                0x00000000080091f4                UART5_IRQHandler
                0x00000000080091f4                ADC3_IRQHandler
                0x00000000080091f4                TIM4_IRQHandler
                0x00000000080091f4                QUADSPI_IRQHandler
                0x00000000080091f4                I2C1_EV_IRQHandler
                0x00000000080091f4                DMA2_CH5_IRQHandler
                0x00000000080091f4                UART4_IRQHandler
                0x00000000080091f4                DMA1_CH3_IRQHandler
                0x00000000080091f4                TIM3_IRQHandler
                0x00000000080091f4                RCC_IRQHandler
                0x00000000080091f4                Default_Handler
                0x00000000080091f4                EXTI15_10_IRQHandler
                0x00000000080091f4                TIM7_IRQHandler
                0x00000000080091f4                SDMMC1_IRQHandler
                0x00000000080091f4                CAN2_TX_IRQHandler
                0x00000000080091f4                TIM5_IRQHandler
                0x00000000080091f4                I2C3_EV_IRQHandler
                0x00000000080091f4                EXTI9_5_IRQHandler
                0x00000000080091f4                DMA1_CH2_IRQHandler
                0x00000000080091f4                RTC_WKUP_IRQHandler
                0x00000000080091f4                RNG_HASH_IRQHandler
                0x00000000080091f4                PVD_PVM_IRQHandler
                0x00000000080091f4                SPI2_IRQHandler
                0x00000000080091f4                DMA1_CH1_IRQHandler
                0x00000000080091f4                CAN1_TX_IRQHandler
                0x00000000080091f4                CRS_IRQHandler
                0x00000000080091f4                EXTI4_IRQHandler
                0x00000000080091f4                TIM1_TRG_COM_TIM17_IRQHandler
                0x00000000080091f4                COMP_IRQHandler
                0x00000000080091f4                WWDG_IRQHandler
                0x00000000080091f4                I2C4_EV_IRQHandler
                0x00000000080091f4                LPUART1_IRQHandler
                0x00000000080091f4                TIM2_IRQHandler
                0x00000000080091f4                DMA2D_IRQHandler
                0x00000000080091f4                EXTI1_IRQHandler
                0x00000000080091f4                AES_IRQHandler
                0x00000000080091f4                USART2_IRQHandler
                0x00000000080091f4                DFSDM1_FLT0_IRQHandler
                0x00000000080091f4                I2C2_ER_IRQHandler
                0x00000000080091f4                TIM8_BRK_IRQHandler
                0x00000000080091f4                CAN1_SCE_IRQHandler
                0x00000000080091f4                FLASH_IRQHandler
                0x00000000080091f4                USART1_IRQHandler
                0x00000000080091f4                OTG_FS_IRQHandler
                0x00000000080091f4                SPI3_IRQHandler
                0x00000000080091f4                DMA2_CH6_IRQHandler
                0x00000000080091f4                DMA2_CH3_IRQHandler
                0x00000000080091f4                DMA2_CH2_IRQHandler
                0x00000000080091f4                I2C1_ER_IRQHandler
                0x00000000080091f4                FMC_IRQHandler
                0x00000000080091f4                DMA1_CH5_IRQHandler
                0x00000000080091f4                DMA2_CH4_IRQHandler
                0x00000000080091f4                SWPMI1_IRQHandler
                0x00000000080091f4                LPTIM1_IRQHandler
                0x00000000080091f4                I2C4_ER_IRQHandler
                0x00000000080091f4                SAI1_IRQHandler
                0x00000000080091f4                EXTI2_IRQHandler
 *fill*         0x00000000080091f6        0x2 
 .text.__libc_init_array
                0x00000000080091f8       0x48 /Applications/STM32CubeIDE.app/Contents/Eclipse/plugins/com.st.stm32cube.ide.mcu.externaltools.gnu-tools-for-stm32.9-2020-q2-update.macos64_2.0.0.202105311346/tools/bin/../lib/gcc/arm-none-eabi/9.3.1/../../../../arm-none-eabi/lib/thumb/v7e-m+fp/hard/libc_nano.a(lib_a-init.o)
                0x00000000080091f8                __libc_init_array
 .text.memset   0x0000000008009240       0x10 /Applications/STM32CubeIDE.app/Contents/Eclipse/plugins/com.st.stm32cube.ide.mcu.externaltools.gnu-tools-for-stm32.9-2020-q2-update.macos64_2.0.0.202105311346/tools/bin/../lib/gcc/arm-none-eabi/9.3.1/../../../../arm-none-eabi/lib/thumb/v7e-m+fp/hard/libc_nano.a(lib_a-memset.o)
                0x0000000008009240                memset
 *(.glue_7)
 .glue_7        0x0000000008009250        0x0 linker stubs
 *(.glue_7t)
 .glue_7t       0x0000000008009250        0x0 linker stubs
 *(.eh_frame)
 .eh_frame      0x0000000008009250        0x0 /Applications/STM32CubeIDE.app/Contents/Eclipse/plugins/com.st.stm32cube.ide.mcu.externaltools.gnu-tools-for-stm32.9-2020-q2-update.macos64_2.0.0.202105311346/tools/bin/../lib/gcc/arm-none-eabi/9.3.1/thumb/v7e-m+fp/hard/crtbegin.o
 *(.init)
 .init          0x0000000008009250        0x4 /Applications/STM32CubeIDE.app/Contents/Eclipse/plugins/com.st.stm32cube.ide.mcu.externaltools.gnu-tools-for-stm32.9-2020-q2-update.macos64_2.0.0.202105311346/tools/bin/../lib/gcc/arm-none-eabi/9.3.1/thumb/v7e-m+fp/hard/crti.o
                0x0000000008009250                _init
 .init          0x0000000008009254        0x8 /Applications/STM32CubeIDE.app/Contents/Eclipse/plugins/com.st.stm32cube.ide.mcu.externaltools.gnu-tools-for-stm32.9-2020-q2-update.macos64_2.0.0.202105311346/tools/bin/../lib/gcc/arm-none-eabi/9.3.1/thumb/v7e-m+fp/hard/crtn.o
 *(.fini)
 .fini          0x000000000800925c        0x4 /Applications/STM32CubeIDE.app/Contents/Eclipse/plugins/com.st.stm32cube.ide.mcu.externaltools.gnu-tools-for-stm32.9-2020-q2-update.macos64_2.0.0.202105311346/tools/bin/../lib/gcc/arm-none-eabi/9.3.1/thumb/v7e-m+fp/hard/crti.o
                0x000000000800925c                _fini
 .fini          0x0000000008009260        0x8 /Applications/STM32CubeIDE.app/Contents/Eclipse/plugins/com.st.stm32cube.ide.mcu.externaltools.gnu-tools-for-stm32.9-2020-q2-update.macos64_2.0.0.202105311346/tools/bin/../lib/gcc/arm-none-eabi/9.3.1/thumb/v7e-m+fp/hard/crtn.o
                0x0000000008009268                . = ALIGN (0x4)
                0x0000000008009268                _etext = .

.vfp11_veneer   0x0000000008009268        0x0
 .vfp11_veneer  0x0000000008009268        0x0 linker stubs

.v4_bx          0x0000000008009268        0x0
 .v4_bx         0x0000000008009268        0x0 linker stubs

.iplt           0x0000000008009268        0x0
 .iplt          0x0000000008009268        0x0 /Applications/STM32CubeIDE.app/Contents/Eclipse/plugins/com.st.stm32cube.ide.mcu.externaltools.gnu-tools-for-stm32.9-2020-q2-update.macos64_2.0.0.202105311346/tools/bin/../lib/gcc/arm-none-eabi/9.3.1/thumb/v7e-m+fp/hard/crtbegin.o

.rodata         0x0000000008009268      0x654
                0x0000000008009268                . = ALIGN (0x4)
 *(.rodata)
 .rodata        0x0000000008009268       0x48 ./Drivers/BSP/ov5640.o
 *(.rodata*)
 .rodata.OV5640_Common.6315
                0x00000000080092b0      0x3f8 ./Drivers/BSP/ov5640.o
 .rodata.OV5640_PF_YUV422.6331
                0x00000000080096a8        0x8 ./Drivers/BSP/ov5640.o
 .rodata.OV5640_PF_RGB888.6332
                0x00000000080096b0        0x8 ./Drivers/BSP/ov5640.o
 .rodata.OV5640_PF_Y8.6333
                0x00000000080096b8        0x8 ./Drivers/BSP/ov5640.o
 .rodata.OV5640_PF_JPEG.6334
                0x00000000080096c0        0x8 ./Drivers/BSP/ov5640.o
 .rodata.OV5640_PF_RGB565.6330
                0x00000000080096c8        0x8 ./Drivers/BSP/ov5640.o
 .rodata.OV5640_QQVGA.6372
                0x00000000080096d0       0x10 ./Drivers/BSP/ov5640.o
 .rodata.OV5640_QVGA.6371
                0x00000000080096e0       0x10 ./Drivers/BSP/ov5640.o
 .rodata.OV5640_480x272.6370
                0x00000000080096f0       0x10 ./Drivers/BSP/ov5640.o
 .rodata.OV5640_VGA.6369
                0x0000000008009700       0x10 ./Drivers/BSP/ov5640.o
 .rodata.OV5640_WVGA.6368
                0x0000000008009710       0x10 ./Drivers/BSP/ov5640.o
 .rodata.OV5640_LightModeSunny.6441
                0x0000000008009720       0x1c ./Drivers/BSP/ov5640.o
 .rodata.OV5640_LightModeOffice.6439
                0x000000000800973c       0x1c ./Drivers/BSP/ov5640.o
 .rodata.OV5640_LightModeCloudy.6438
                0x0000000008009758       0x1c ./Drivers/BSP/ov5640.o
 .rodata.OV5640_LightModeHome.6440
                0x0000000008009774       0x1c ./Drivers/BSP/ov5640.o
 .rodata.OV5640_LightModeAuto.6437
                0x0000000008009790       0x1c ./Drivers/BSP/ov5640.o
 .rodata.I2C_Charac
                0x00000000080097ac       0x84 ./Drivers/BSP/stm32_ov5640_bus.o
 .rodata.LED_PIN
                0x0000000008009830        0x4 ./Drivers/BSP/stm32l496g_discovery.o
                0x0000000008009830                LED_PIN
 .rodata.PrimeArray.8812
                0x0000000008009834       0x40 ./Drivers/STM32L4xx_HAL_Driver/Src/stm32l4xx_hal_dcmi.o
 .rodata.AHBPrescTable
                0x0000000008009874       0x10 ./Src/system_stm32l4xx.o
                0x0000000008009874                AHBPrescTable
 .rodata.APBPrescTable
                0x0000000008009884        0x8 ./Src/system_stm32l4xx.o
                0x0000000008009884                APBPrescTable
 .rodata.MSIRangeTable
                0x000000000800988c       0x30 ./Src/system_stm32l4xx.o
                0x000000000800988c                MSIRangeTable
                0x00000000080098bc                . = ALIGN (0x4)

.ARM.extab      0x00000000080098bc        0x0
                0x00000000080098bc                . = ALIGN (0x4)
 *(.ARM.extab* .gnu.linkonce.armextab.*)
                0x00000000080098bc                . = ALIGN (0x4)

.ARM            0x00000000080098bc        0x8
                0x00000000080098bc                . = ALIGN (0x4)
                0x00000000080098bc                __exidx_start = .
 *(.ARM.exidx*)
 .ARM.exidx     0x00000000080098bc        0x8 /Applications/STM32CubeIDE.app/Contents/Eclipse/plugins/com.st.stm32cube.ide.mcu.externaltools.gnu-tools-for-stm32.9-2020-q2-update.macos64_2.0.0.202105311346/tools/bin/../lib/gcc/arm-none-eabi/9.3.1/thumb/v7e-m+fp/hard/libgcc.a(_udivmoddi4.o)
                0x00000000080098c4                __exidx_end = .
                0x00000000080098c4                . = ALIGN (0x4)

.rel.dyn        0x00000000080098c4        0x0
 .rel.iplt      0x00000000080098c4        0x0 /Applications/STM32CubeIDE.app/Contents/Eclipse/plugins/com.st.stm32cube.ide.mcu.externaltools.gnu-tools-for-stm32.9-2020-q2-update.macos64_2.0.0.202105311346/tools/bin/../lib/gcc/arm-none-eabi/9.3.1/thumb/v7e-m+fp/hard/crtbegin.o

.preinit_array  0x00000000080098c4        0x0
                0x00000000080098c4                . = ALIGN (0x4)
                0x00000000080098c4                PROVIDE (__preinit_array_start = .)
 *(.preinit_array*)
                0x00000000080098c4                PROVIDE (__preinit_array_end = .)
                0x00000000080098c4                . = ALIGN (0x4)

.init_array     0x00000000080098c4        0x4
                0x00000000080098c4                . = ALIGN (0x4)
                0x00000000080098c4                PROVIDE (__init_array_start = .)
 *(SORT_BY_NAME(.init_array.*))
 *(.init_array*)
 .init_array    0x00000000080098c4        0x4 /Applications/STM32CubeIDE.app/Contents/Eclipse/plugins/com.st.stm32cube.ide.mcu.externaltools.gnu-tools-for-stm32.9-2020-q2-update.macos64_2.0.0.202105311346/tools/bin/../lib/gcc/arm-none-eabi/9.3.1/thumb/v7e-m+fp/hard/crtbegin.o
                0x00000000080098c8                PROVIDE (__init_array_end = .)
                0x00000000080098c8                . = ALIGN (0x4)

.fini_array     0x00000000080098c8        0x4
                0x00000000080098c8                . = ALIGN (0x4)
                [!provide]                        PROVIDE (__fini_array_start = .)
 *(SORT_BY_NAME(.fini_array.*))
 *(.fini_array*)
 .fini_array    0x00000000080098c8        0x4 /Applications/STM32CubeIDE.app/Contents/Eclipse/plugins/com.st.stm32cube.ide.mcu.externaltools.gnu-tools-for-stm32.9-2020-q2-update.macos64_2.0.0.202105311346/tools/bin/../lib/gcc/arm-none-eabi/9.3.1/thumb/v7e-m+fp/hard/crtbegin.o
                [!provide]                        PROVIDE (__fini_array_end = .)
                0x00000000080098cc                . = ALIGN (0x4)
                0x00000000080098cc                _sidata = LOADADDR (.data)

.data           0x0000000020000000       0xcc load address 0x00000000080098cc
                0x0000000020000000                . = ALIGN (0x4)
                0x0000000020000000                _sdata = .
 *(.data)
 *(.data*)
 .data.mfxstm32l152_io_drv
                0x0000000020000000       0x2c ./Drivers/BSP/mfxstm32l152.o
                0x0000000020000000                mfxstm32l152_io_drv
 .data.mfxstm32l152_idd_drv
                0x000000002000002c       0x4c ./Drivers/BSP/mfxstm32l152.o
                0x000000002000002c                mfxstm32l152_idd_drv
 .data.OV5640_CAMERA_Driver
                0x0000000020000078       0x44 ./Drivers/BSP/ov5640.o
                0x0000000020000078                OV5640_CAMERA_Driver
 .data.I2c2Timeout
                0x00000000200000bc        0x4 ./Drivers/BSP/stm32l496g_discovery.o
                0x00000000200000bc                I2c2Timeout
 .data.uwTickPrio
                0x00000000200000c0        0x4 ./Drivers/STM32L4xx_HAL_Driver/Src/stm32l4xx_hal.o
                0x00000000200000c0                uwTickPrio
 .data.uwTickFreq
                0x00000000200000c4        0x1 ./Drivers/STM32L4xx_HAL_Driver/Src/stm32l4xx_hal.o
                0x00000000200000c4                uwTickFreq
 *fill*         0x00000000200000c5        0x3 
 .data.SystemCoreClock
                0x00000000200000c8        0x4 ./Src/system_stm32l4xx.o
                0x00000000200000c8                SystemCoreClock
 *(.RamFunc)
 *(.RamFunc*)
                0x00000000200000cc                . = ALIGN (0x4)
                0x00000000200000cc                _edata = .
                0x0000000008009998                _sisram2 = LOADADDR (.sram2)

.igot.plt       0x00000000200000cc        0x0 load address 0x0000000008009998
 .igot.plt      0x00000000200000cc        0x0 /Applications/STM32CubeIDE.app/Contents/Eclipse/plugins/com.st.stm32cube.ide.mcu.externaltools.gnu-tools-for-stm32.9-2020-q2-update.macos64_2.0.0.202105311346/tools/bin/../lib/gcc/arm-none-eabi/9.3.1/thumb/v7e-m+fp/hard/crtbegin.o

.sram2          0x0000000010000000        0x0 load address 0x0000000008009998
                0x0000000010000000                . = ALIGN (0x4)
                0x0000000010000000                _ssram2 = .
 *(.sram2)
 *(.sram2*)
                0x0000000010000000                . = ALIGN (0x4)
                0x0000000010000000                _esram2 = .
                0x0000000010000000                . = ALIGN (0x4)

.bss            0x00000000200000cc      0xd0c
                0x00000000200000cc                _sbss = .
                0x00000000200000cc                __bss_start__ = _sbss
 *(.bss)
 .bss           0x00000000200000cc       0x1c /Applications/STM32CubeIDE.app/Contents/Eclipse/plugins/com.st.stm32cube.ide.mcu.externaltools.gnu-tools-for-stm32.9-2020-q2-update.macos64_2.0.0.202105311346/tools/bin/../lib/gcc/arm-none-eabi/9.3.1/thumb/v7e-m+fp/hard/crtbegin.o
 *(.bss*)
 .bss.mfxstm32l152
                0x00000000200000e8        0x3 ./Drivers/BSP/mfxstm32l152.o
                0x00000000200000e8                mfxstm32l152
 *fill*         0x00000000200000eb        0x1 
 .bss.I2c2InitCounter
                0x00000000200000ec        0x4 ./Drivers/BSP/stm32_ov5640_bus.o
 .bss.I2c_valid_timing
                0x00000000200000f0      0xa00 ./Drivers/BSP/stm32_ov5640_bus.o
 .bss.I2c_valid_timing_nbr
                0x0000000020000af0        0x4 ./Drivers/BSP/stm32_ov5640_bus.o
 .bss.Camera_CompObj
                0x0000000020000af4        0x4 ./Drivers/BSP/stm32_ov5640_camera.o
                0x0000000020000af4                Camera_CompObj
 .bss.Camera_Drv
                0x0000000020000af8        0x4 ./Drivers/BSP/stm32_ov5640_camera.o
 .bss.Camera_Cap
                0x0000000020000afc       0x28 ./Drivers/BSP/stm32_ov5640_camera.o
 .bss.HSPolarity
                0x0000000020000b24        0x4 ./Drivers/BSP/stm32_ov5640_camera.o
 .bss.CameraId  0x0000000020000b28        0x4 ./Drivers/BSP/stm32_ov5640_camera.o
 .bss.hdma_handler.9746
                0x0000000020000b2c       0x48 ./Drivers/BSP/stm32_ov5640_camera.o
 .bss.OV5640Obj.9788
                0x0000000020000b74       0x28 ./Drivers/BSP/stm32_ov5640_camera.o
 .bss.I2c2Handle
                0x0000000020000b9c       0x54 ./Drivers/BSP/stm32l496g_discovery.o
 .bss.io1_driver
                0x0000000020000bf0        0x4 ./Drivers/BSP/stm32l496g_discovery_io.o
 *(COMMON)
 COMMON         0x0000000020000bf4       0x54 ./Drivers/BSP/stm32_ov5640_bus.o
                0x0000000020000bf4                hbus_i2c2
 COMMON         0x0000000020000c48       0xb0 ./Drivers/BSP/stm32_ov5640_camera.o
                0x0000000020000c48                hcamera_dcmi
                0x0000000020000cc4                Camera_Ctx
 COMMON         0x0000000020000cf8        0x4 ./Drivers/STM32L4xx_HAL_Driver/Src/stm32l4xx_hal.o
                0x0000000020000cf8                uwTick
 COMMON         0x0000000020000cfc       0xdc ./Src/main.o
                0x0000000020000cfc                Dma2dHandle
                0x0000000020000d54                huart2
                0x0000000020000dd8                . = ALIGN (0x4)
                0x0000000020000dd8                _ebss = .
                0x0000000020000dd8                __bss_end__ = _ebss

._user_heap_stack
                0x0000000020000dd8      0x600
                0x0000000020000dd8                . = ALIGN (0x8)
                [!provide]                        PROVIDE (end = .)
                0x0000000020000dd8                PROVIDE (_end = .)
                0x0000000020000fd8                . = (. + _Min_Heap_Size)
 *fill*         0x0000000020000dd8      0x200 
                0x00000000200013d8                . = (. + _Min_Stack_Size)
 *fill*         0x0000000020000fd8      0x400 
                0x00000000200013d8                . = ALIGN (0x8)

/DISCARD/
 libc.a(*)
 libm.a(*)
 libgcc.a(*)

.ARM.attributes
                0x0000000000000000       0x30
 *(.ARM.attributes)
 .ARM.attributes
                0x0000000000000000       0x1e /Applications/STM32CubeIDE.app/Contents/Eclipse/plugins/com.st.stm32cube.ide.mcu.externaltools.gnu-tools-for-stm32.9-2020-q2-update.macos64_2.0.0.202105311346/tools/bin/../lib/gcc/arm-none-eabi/9.3.1/thumb/v7e-m+fp/hard/crti.o
 .ARM.attributes
                0x000000000000001e       0x34 /Applications/STM32CubeIDE.app/Contents/Eclipse/plugins/com.st.stm32cube.ide.mcu.externaltools.gnu-tools-for-stm32.9-2020-q2-update.macos64_2.0.0.202105311346/tools/bin/../lib/gcc/arm-none-eabi/9.3.1/thumb/v7e-m+fp/hard/crtbegin.o
 .ARM.attributes
                0x0000000000000052       0x34 ./Drivers/BSP/mfxstm32l152.o
 .ARM.attributes
                0x0000000000000086       0x34 ./Drivers/BSP/ov5640.o
 .ARM.attributes
                0x00000000000000ba       0x34 ./Drivers/BSP/ov5640_reg.o
 .ARM.attributes
                0x00000000000000ee       0x34 ./Drivers/BSP/stm32_ov5640_bus.o
 .ARM.attributes
                0x0000000000000122       0x34 ./Drivers/BSP/stm32_ov5640_camera.o
 .ARM.attributes
                0x0000000000000156       0x34 ./Drivers/BSP/stm32l496g_discovery.o
 .ARM.attributes
                0x000000000000018a       0x34 ./Drivers/BSP/stm32l496g_discovery_io.o
 .ARM.attributes
                0x00000000000001be       0x34 ./Drivers/STM32L4xx_HAL_Driver/Src/stm32l4xx_hal.o
 .ARM.attributes
                0x00000000000001f2       0x34 ./Drivers/STM32L4xx_HAL_Driver/Src/stm32l4xx_hal_cortex.o
 .ARM.attributes
                0x0000000000000226       0x34 ./Drivers/STM32L4xx_HAL_Driver/Src/stm32l4xx_hal_dcmi.o
 .ARM.attributes
                0x000000000000025a       0x34 ./Drivers/STM32L4xx_HAL_Driver/Src/stm32l4xx_hal_dma.o
 .ARM.attributes
                0x000000000000028e       0x34 ./Drivers/STM32L4xx_HAL_Driver/Src/stm32l4xx_hal_dma2d.o
 .ARM.attributes
                0x00000000000002c2       0x34 ./Drivers/STM32L4xx_HAL_Driver/Src/stm32l4xx_hal_gpio.o
 .ARM.attributes
                0x00000000000002f6       0x34 ./Drivers/STM32L4xx_HAL_Driver/Src/stm32l4xx_hal_i2c.o
 .ARM.attributes
                0x000000000000032a       0x34 ./Drivers/STM32L4xx_HAL_Driver/Src/stm32l4xx_hal_i2c_ex.o
 .ARM.attributes
                0x000000000000035e       0x34 ./Drivers/STM32L4xx_HAL_Driver/Src/stm32l4xx_hal_pwr_ex.o
 .ARM.attributes
                0x0000000000000392       0x34 ./Drivers/STM32L4xx_HAL_Driver/Src/stm32l4xx_hal_rcc.o
 .ARM.attributes
                0x00000000000003c6       0x34 ./Drivers/STM32L4xx_HAL_Driver/Src/stm32l4xx_hal_rcc_ex.o
 .ARM.attributes
                0x00000000000003fa       0x34 ./Drivers/STM32L4xx_HAL_Driver/Src/stm32l4xx_hal_uart.o
 .ARM.attributes
                0x000000000000042e       0x34 ./Src/main.o
 .ARM.attributes
                0x0000000000000462       0x34 ./Src/stm32l4xx_hal_msp.o
 .ARM.attributes
                0x0000000000000496       0x34 ./Src/stm32l4xx_it.o
 .ARM.attributes
                0x00000000000004ca       0x34 ./Src/system_stm32l4xx.o
 .ARM.attributes
                0x00000000000004fe       0x21 ./Startup/startup_stm32l496agix.o
 .ARM.attributes
                0x000000000000051f       0x34 /Applications/STM32CubeIDE.app/Contents/Eclipse/plugins/com.st.stm32cube.ide.mcu.externaltools.gnu-tools-for-stm32.9-2020-q2-update.macos64_2.0.0.202105311346/tools/bin/../lib/gcc/arm-none-eabi/9.3.1/../../../../arm-none-eabi/lib/thumb/v7e-m+fp/hard/libc_nano.a(lib_a-init.o)
 .ARM.attributes
                0x0000000000000553       0x34 /Applications/STM32CubeIDE.app/Contents/Eclipse/plugins/com.st.stm32cube.ide.mcu.externaltools.gnu-tools-for-stm32.9-2020-q2-update.macos64_2.0.0.202105311346/tools/bin/../lib/gcc/arm-none-eabi/9.3.1/../../../../arm-none-eabi/lib/thumb/v7e-m+fp/hard/libc_nano.a(lib_a-memset.o)
 .ARM.attributes
                0x0000000000000587       0x1e /Applications/STM32CubeIDE.app/Contents/Eclipse/plugins/com.st.stm32cube.ide.mcu.externaltools.gnu-tools-for-stm32.9-2020-q2-update.macos64_2.0.0.202105311346/tools/bin/../lib/gcc/arm-none-eabi/9.3.1/thumb/v7e-m+fp/hard/libgcc.a(_aeabi_uldivmod.o)
 .ARM.attributes
                0x00000000000005a5       0x34 /Applications/STM32CubeIDE.app/Contents/Eclipse/plugins/com.st.stm32cube.ide.mcu.externaltools.gnu-tools-for-stm32.9-2020-q2-update.macos64_2.0.0.202105311346/tools/bin/../lib/gcc/arm-none-eabi/9.3.1/thumb/v7e-m+fp/hard/libgcc.a(_udivmoddi4.o)
 .ARM.attributes
                0x00000000000005d9       0x1e /Applications/STM32CubeIDE.app/Contents/Eclipse/plugins/com.st.stm32cube.ide.mcu.externaltools.gnu-tools-for-stm32.9-2020-q2-update.macos64_2.0.0.202105311346/tools/bin/../lib/gcc/arm-none-eabi/9.3.1/thumb/v7e-m+fp/hard/libgcc.a(_dvmd_tls.o)
 .ARM.attributes
                0x00000000000005f7       0x1e /Applications/STM32CubeIDE.app/Contents/Eclipse/plugins/com.st.stm32cube.ide.mcu.externaltools.gnu-tools-for-stm32.9-2020-q2-update.macos64_2.0.0.202105311346/tools/bin/../lib/gcc/arm-none-eabi/9.3.1/thumb/v7e-m+fp/hard/crtn.o
OUTPUT(STM32-camera-test.elf elf32-littlearm)
LOAD linker stubs
LOAD /Applications/STM32CubeIDE.app/Contents/Eclipse/plugins/com.st.stm32cube.ide.mcu.externaltools.gnu-tools-for-stm32.9-2020-q2-update.macos64_2.0.0.202105311346/tools/bin/../lib/gcc/arm-none-eabi/9.3.1/../../../../arm-none-eabi/lib/thumb/v7e-m+fp/hard/libc.a
LOAD /Applications/STM32CubeIDE.app/Contents/Eclipse/plugins/com.st.stm32cube.ide.mcu.externaltools.gnu-tools-for-stm32.9-2020-q2-update.macos64_2.0.0.202105311346/tools/bin/../lib/gcc/arm-none-eabi/9.3.1/../../../../arm-none-eabi/lib/thumb/v7e-m+fp/hard/libm.a
LOAD /Applications/STM32CubeIDE.app/Contents/Eclipse/plugins/com.st.stm32cube.ide.mcu.externaltools.gnu-tools-for-stm32.9-2020-q2-update.macos64_2.0.0.202105311346/tools/bin/../lib/gcc/arm-none-eabi/9.3.1/thumb/v7e-m+fp/hard/libgcc.a

.debug_info     0x0000000000000000    0x1dbb9
 .debug_info    0x0000000000000000     0x137e ./Drivers/BSP/mfxstm32l152.o
 .debug_info    0x000000000000137e     0x110f ./Drivers/BSP/ov5640.o
 .debug_info    0x000000000000248d      0x1f0 ./Drivers/BSP/ov5640_reg.o
 .debug_info    0x000000000000267d     0x145c ./Drivers/BSP/stm32_ov5640_bus.o
 .debug_info    0x0000000000003ad9     0x2c1d ./Drivers/BSP/stm32_ov5640_camera.o
 .debug_info    0x00000000000066f6     0x284d ./Drivers/BSP/stm32l496g_discovery.o
 .debug_info    0x0000000000008f43      0xa57 ./Drivers/BSP/stm32l496g_discovery_io.o
 .debug_info    0x000000000000999a      0xd19 ./Drivers/STM32L4xx_HAL_Driver/Src/stm32l4xx_hal.o
 .debug_info    0x000000000000a6b3     0x1064 ./Drivers/STM32L4xx_HAL_Driver/Src/stm32l4xx_hal_cortex.o
 .debug_info    0x000000000000b717     0x119c ./Drivers/STM32L4xx_HAL_Driver/Src/stm32l4xx_hal_dcmi.o
 .debug_info    0x000000000000c8b3      0x973 ./Drivers/STM32L4xx_HAL_Driver/Src/stm32l4xx_hal_dma.o
 .debug_info    0x000000000000d226     0x11fc ./Drivers/STM32L4xx_HAL_Driver/Src/stm32l4xx_hal_dma2d.o
 .debug_info    0x000000000000e422      0xa7a ./Drivers/STM32L4xx_HAL_Driver/Src/stm32l4xx_hal_gpio.o
 .debug_info    0x000000000000ee9c     0x23cf ./Drivers/STM32L4xx_HAL_Driver/Src/stm32l4xx_hal_i2c.o
 .debug_info    0x000000000001126b      0xc6d ./Drivers/STM32L4xx_HAL_Driver/Src/stm32l4xx_hal_i2c_ex.o
 .debug_info    0x0000000000011ed8      0xbf6 ./Drivers/STM32L4xx_HAL_Driver/Src/stm32l4xx_hal_pwr_ex.o
 .debug_info    0x0000000000012ace      0xe61 ./Drivers/STM32L4xx_HAL_Driver/Src/stm32l4xx_hal_rcc.o
 .debug_info    0x000000000001392f     0x12f5 ./Drivers/STM32L4xx_HAL_Driver/Src/stm32l4xx_hal_rcc_ex.o
 .debug_info    0x0000000000014c24     0x3e67 ./Drivers/STM32L4xx_HAL_Driver/Src/stm32l4xx_hal_uart.o
 .debug_info    0x0000000000018a8b     0x21fe ./Src/main.o
 .debug_info    0x000000000001ac89     0x14b7 ./Src/stm32l4xx_hal_msp.o
 .debug_info    0x000000000001c140     0x12c9 ./Src/stm32l4xx_it.o
 .debug_info    0x000000000001d409      0x78e ./Src/system_stm32l4xx.o
 .debug_info    0x000000000001db97       0x22 ./Startup/startup_stm32l496agix.o

.debug_abbrev   0x0000000000000000     0x3207
 .debug_abbrev  0x0000000000000000      0x20d ./Drivers/BSP/mfxstm32l152.o
 .debug_abbrev  0x000000000000020d      0x200 ./Drivers/BSP/ov5640.o
 .debug_abbrev  0x000000000000040d       0xe9 ./Drivers/BSP/ov5640_reg.o
 .debug_abbrev  0x00000000000004f6      0x2bb ./Drivers/BSP/stm32_ov5640_bus.o
 .debug_abbrev  0x00000000000007b1      0x2cd ./Drivers/BSP/stm32_ov5640_camera.o
 .debug_abbrev  0x0000000000000a7e      0x315 ./Drivers/BSP/stm32l496g_discovery.o
 .debug_abbrev  0x0000000000000d93      0x1b2 ./Drivers/BSP/stm32l496g_discovery_io.o
 .debug_abbrev  0x0000000000000f45      0x227 ./Drivers/STM32L4xx_HAL_Driver/Src/stm32l4xx_hal.o
 .debug_abbrev  0x000000000000116c      0x33c ./Drivers/STM32L4xx_HAL_Driver/Src/stm32l4xx_hal_cortex.o
 .debug_abbrev  0x00000000000014a8      0x25b ./Drivers/STM32L4xx_HAL_Driver/Src/stm32l4xx_hal_dcmi.o
 .debug_abbrev  0x0000000000001703      0x201 ./Drivers/STM32L4xx_HAL_Driver/Src/stm32l4xx_hal_dma.o
 .debug_abbrev  0x0000000000001904      0x236 ./Drivers/STM32L4xx_HAL_Driver/Src/stm32l4xx_hal_dma2d.o
 .debug_abbrev  0x0000000000001b3a      0x1e8 ./Drivers/STM32L4xx_HAL_Driver/Src/stm32l4xx_hal_gpio.o
 .debug_abbrev  0x0000000000001d22      0x256 ./Drivers/STM32L4xx_HAL_Driver/Src/stm32l4xx_hal_i2c.o
 .debug_abbrev  0x0000000000001f78      0x1dd ./Drivers/STM32L4xx_HAL_Driver/Src/stm32l4xx_hal_i2c_ex.o
 .debug_abbrev  0x0000000000002155      0x1f3 ./Drivers/STM32L4xx_HAL_Driver/Src/stm32l4xx_hal_pwr_ex.o
 .debug_abbrev  0x0000000000002348      0x275 ./Drivers/STM32L4xx_HAL_Driver/Src/stm32l4xx_hal_rcc.o
 .debug_abbrev  0x00000000000025bd      0x268 ./Drivers/STM32L4xx_HAL_Driver/Src/stm32l4xx_hal_rcc_ex.o
 .debug_abbrev  0x0000000000002825      0x2b3 ./Drivers/STM32L4xx_HAL_Driver/Src/stm32l4xx_hal_uart.o
 .debug_abbrev  0x0000000000002ad8      0x293 ./Src/main.o
 .debug_abbrev  0x0000000000002d6b      0x198 ./Src/stm32l4xx_hal_msp.o
 .debug_abbrev  0x0000000000002f03      0x18d ./Src/stm32l4xx_it.o
 .debug_abbrev  0x0000000000003090      0x165 ./Src/system_stm32l4xx.o
 .debug_abbrev  0x00000000000031f5       0x12 ./Startup/startup_stm32l496agix.o

.debug_aranges  0x0000000000000000     0x1508
 .debug_aranges
                0x0000000000000000      0x1d0 ./Drivers/BSP/mfxstm32l152.o
 .debug_aranges
                0x00000000000001d0       0xe8 ./Drivers/BSP/ov5640.o
 .debug_aranges
                0x00000000000002b8       0x28 ./Drivers/BSP/ov5640_reg.o
 .debug_aranges
                0x00000000000002e0       0x98 ./Drivers/BSP/stm32_ov5640_bus.o
 .debug_aranges
                0x0000000000000378      0x1a0 ./Drivers/BSP/stm32_ov5640_camera.o
 .debug_aranges
                0x0000000000000518      0x160 ./Drivers/BSP/stm32l496g_discovery.o
 .debug_aranges
                0x0000000000000678       0x50 ./Drivers/BSP/stm32l496g_discovery_io.o
 .debug_aranges
                0x00000000000006c8      0x130 ./Drivers/STM32L4xx_HAL_Driver/Src/stm32l4xx_hal.o
 .debug_aranges
                0x00000000000007f8      0x118 ./Drivers/STM32L4xx_HAL_Driver/Src/stm32l4xx_hal_cortex.o
 .debug_aranges
                0x0000000000000910       0xe0 ./Drivers/STM32L4xx_HAL_Driver/Src/stm32l4xx_hal_dcmi.o
 .debug_aranges
                0x00000000000009f0       0x80 ./Drivers/STM32L4xx_HAL_Driver/Src/stm32l4xx_hal_dma.o
 .debug_aranges
                0x0000000000000a70      0x118 ./Drivers/STM32L4xx_HAL_Driver/Src/stm32l4xx_hal_dma2d.o
 .debug_aranges
                0x0000000000000b88       0x58 ./Drivers/STM32L4xx_HAL_Driver/Src/stm32l4xx_hal_gpio.o
 .debug_aranges
                0x0000000000000be0      0x2a0 ./Drivers/STM32L4xx_HAL_Driver/Src/stm32l4xx_hal_i2c.o
 .debug_aranges
                0x0000000000000e80       0x48 ./Drivers/STM32L4xx_HAL_Driver/Src/stm32l4xx_hal_i2c_ex.o
 .debug_aranges
                0x0000000000000ec8      0x150 ./Drivers/STM32L4xx_HAL_Driver/Src/stm32l4xx_hal_pwr_ex.o
 .debug_aranges
                0x0000000000001018       0x90 ./Drivers/STM32L4xx_HAL_Driver/Src/stm32l4xx_hal_rcc.o
 .debug_aranges
                0x00000000000010a8      0x108 ./Drivers/STM32L4xx_HAL_Driver/Src/stm32l4xx_hal_rcc_ex.o
 .debug_aranges
                0x00000000000011b0      0x228 ./Drivers/STM32L4xx_HAL_Driver/Src/stm32l4xx_hal_uart.o
 .debug_aranges
                0x00000000000013d8       0x60 ./Src/main.o
 .debug_aranges
                0x0000000000001438       0x20 ./Src/stm32l4xx_hal_msp.o
 .debug_aranges
                0x0000000000001458       0x60 ./Src/stm32l4xx_it.o
 .debug_aranges
                0x00000000000014b8       0x28 ./Src/system_stm32l4xx.o
 .debug_aranges
                0x00000000000014e0       0x28 ./Startup/startup_stm32l496agix.o

.debug_ranges   0x0000000000000000     0x13f0
 .debug_ranges  0x0000000000000000      0x1c0 ./Drivers/BSP/mfxstm32l152.o
 .debug_ranges  0x00000000000001c0       0xd8 ./Drivers/BSP/ov5640.o
 .debug_ranges  0x0000000000000298       0x18 ./Drivers/BSP/ov5640_reg.o
 .debug_ranges  0x00000000000002b0       0xb8 ./Drivers/BSP/stm32_ov5640_bus.o
 .debug_ranges  0x0000000000000368      0x190 ./Drivers/BSP/stm32_ov5640_camera.o
 .debug_ranges  0x00000000000004f8      0x150 ./Drivers/BSP/stm32l496g_discovery.o
 .debug_ranges  0x0000000000000648       0x40 ./Drivers/BSP/stm32l496g_discovery_io.o
 .debug_ranges  0x0000000000000688      0x120 ./Drivers/STM32L4xx_HAL_Driver/Src/stm32l4xx_hal.o
 .debug_ranges  0x00000000000007a8      0x108 ./Drivers/STM32L4xx_HAL_Driver/Src/stm32l4xx_hal_cortex.o
 .debug_ranges  0x00000000000008b0       0xd0 ./Drivers/STM32L4xx_HAL_Driver/Src/stm32l4xx_hal_dcmi.o
 .debug_ranges  0x0000000000000980       0x70 ./Drivers/STM32L4xx_HAL_Driver/Src/stm32l4xx_hal_dma.o
 .debug_ranges  0x00000000000009f0      0x108 ./Drivers/STM32L4xx_HAL_Driver/Src/stm32l4xx_hal_dma2d.o
 .debug_ranges  0x0000000000000af8       0x48 ./Drivers/STM32L4xx_HAL_Driver/Src/stm32l4xx_hal_gpio.o
 .debug_ranges  0x0000000000000b40      0x290 ./Drivers/STM32L4xx_HAL_Driver/Src/stm32l4xx_hal_i2c.o
 .debug_ranges  0x0000000000000dd0       0x38 ./Drivers/STM32L4xx_HAL_Driver/Src/stm32l4xx_hal_i2c_ex.o
 .debug_ranges  0x0000000000000e08      0x140 ./Drivers/STM32L4xx_HAL_Driver/Src/stm32l4xx_hal_pwr_ex.o
 .debug_ranges  0x0000000000000f48       0x80 ./Drivers/STM32L4xx_HAL_Driver/Src/stm32l4xx_hal_rcc.o
 .debug_ranges  0x0000000000000fc8       0xf8 ./Drivers/STM32L4xx_HAL_Driver/Src/stm32l4xx_hal_rcc_ex.o
 .debug_ranges  0x00000000000010c0      0x248 ./Drivers/STM32L4xx_HAL_Driver/Src/stm32l4xx_hal_uart.o
 .debug_ranges  0x0000000000001308       0x50 ./Src/main.o
 .debug_ranges  0x0000000000001358       0x10 ./Src/stm32l4xx_hal_msp.o
 .debug_ranges  0x0000000000001368       0x50 ./Src/stm32l4xx_it.o
 .debug_ranges  0x00000000000013b8       0x18 ./Src/system_stm32l4xx.o
 .debug_ranges  0x00000000000013d0       0x20 ./Startup/startup_stm32l496agix.o

.debug_macro    0x0000000000000000    0x2b882
 .debug_macro   0x0000000000000000       0x96 ./Drivers/BSP/mfxstm32l152.o
 .debug_macro   0x0000000000000096      0xac0 ./Drivers/BSP/mfxstm32l152.o
 .debug_macro   0x0000000000000b56       0x22 ./Drivers/BSP/mfxstm32l152.o
 .debug_macro   0x0000000000000b78       0x8e ./Drivers/BSP/mfxstm32l152.o
 .debug_macro   0x0000000000000c06       0x51 ./Drivers/BSP/mfxstm32l152.o
 .debug_macro   0x0000000000000c57      0x103 ./Drivers/BSP/mfxstm32l152.o
 .debug_macro   0x0000000000000d5a       0x6a ./Drivers/BSP/mfxstm32l152.o
 .debug_macro   0x0000000000000dc4      0x1df ./Drivers/BSP/mfxstm32l152.o
 .debug_macro   0x0000000000000fa3      0x4cb ./Drivers/BSP/mfxstm32l152.o
 .debug_macro   0x000000000000146e       0x9d ./Drivers/BSP/ov5640.o
 .debug_macro   0x000000000000150b      0x101 ./Drivers/BSP/ov5640.o
 .debug_macro   0x000000000000160c      0xfed ./Drivers/BSP/ov5640.o
 .debug_macro   0x00000000000025f9      0x174 ./Drivers/BSP/ov5640.o
 .debug_macro   0x000000000000276d      0x152 ./Drivers/BSP/ov5640.o
 .debug_macro   0x00000000000028bf       0x85 ./Drivers/BSP/ov5640_reg.o
 .debug_macro   0x0000000000002944      0x254 ./Drivers/BSP/stm32_ov5640_bus.o
 .debug_macro   0x0000000000002b98      0x1b3 ./Drivers/BSP/stm32_ov5640_bus.o
 .debug_macro   0x0000000000002d4b       0x28 ./Drivers/BSP/stm32_ov5640_bus.o
 .debug_macro   0x0000000000002d73       0x28 ./Drivers/BSP/stm32_ov5640_bus.o
 .debug_macro   0x0000000000002d9b       0x1c ./Drivers/BSP/stm32_ov5640_bus.o
 .debug_macro   0x0000000000002db7       0x22 ./Drivers/BSP/stm32_ov5640_bus.o
 .debug_macro   0x0000000000002dd9     0x1011 ./Drivers/BSP/stm32_ov5640_bus.o
 .debug_macro   0x0000000000003dea      0x11f ./Drivers/BSP/stm32_ov5640_bus.o
 .debug_macro   0x0000000000003f09    0x1c1e0 ./Drivers/BSP/stm32_ov5640_bus.o
 .debug_macro   0x00000000000200e9       0x6d ./Drivers/BSP/stm32_ov5640_bus.o
 .debug_macro   0x0000000000020156     0x38e6 ./Drivers/BSP/stm32_ov5640_bus.o
 .debug_macro   0x0000000000023a3c       0x5c ./Drivers/BSP/stm32_ov5640_bus.o
 .debug_macro   0x0000000000023a98     0x187d ./Drivers/BSP/stm32_ov5640_bus.o
 .debug_macro   0x0000000000025315      0x773 ./Drivers/BSP/stm32_ov5640_bus.o
 .debug_macro   0x0000000000025a88      0x1b9 ./Drivers/BSP/stm32_ov5640_bus.o
 .debug_macro   0x0000000000025c41      0x202 ./Drivers/BSP/stm32_ov5640_bus.o
 .debug_macro   0x0000000000025e43      0x26b ./Drivers/BSP/stm32_ov5640_bus.o
 .debug_macro   0x00000000000260ae      0x23d ./Drivers/BSP/stm32_ov5640_bus.o
 .debug_macro   0x00000000000262eb      0x233 ./Drivers/BSP/stm32_ov5640_bus.o
 .debug_macro   0x000000000002651e      0x232 ./Drivers/BSP/stm32_ov5640_bus.o
 .debug_macro   0x0000000000026750      0x241 ./Drivers/BSP/stm32_ov5640_bus.o
 .debug_macro   0x0000000000026991      0x3ad ./Drivers/BSP/stm32_ov5640_bus.o
 .debug_macro   0x0000000000026d3e       0xe4 ./Drivers/BSP/stm32_ov5640_bus.o
 .debug_macro   0x0000000000026e22      0x22c ./Drivers/BSP/stm32_ov5640_bus.o
 .debug_macro   0x000000000002704e       0x61 ./Drivers/BSP/stm32_ov5640_bus.o
 .debug_macro   0x00000000000270af       0xa5 ./Drivers/BSP/stm32_ov5640_bus.o
 .debug_macro   0x0000000000027154      0x122 ./Drivers/BSP/stm32_ov5640_bus.o
 .debug_macro   0x0000000000027276      0x3ef ./Drivers/BSP/stm32_ov5640_bus.o
 .debug_macro   0x0000000000027665      0x5ba ./Drivers/BSP/stm32_ov5640_bus.o
 .debug_macro   0x0000000000027c1f       0x44 ./Drivers/BSP/stm32_ov5640_bus.o
 .debug_macro   0x0000000000027c63      0x433 ./Drivers/BSP/stm32_ov5640_bus.o
 .debug_macro   0x0000000000028096       0xac ./Drivers/BSP/stm32_ov5640_bus.o
 .debug_macro   0x0000000000028142       0x64 ./Drivers/BSP/stm32_ov5640_bus.o
 .debug_macro   0x00000000000281a6       0xa0 ./Drivers/BSP/stm32_ov5640_bus.o
 .debug_macro   0x0000000000028246      0x29c ./Drivers/BSP/stm32_ov5640_camera.o
 .debug_macro   0x00000000000284e2      0x56f ./Drivers/BSP/stm32_ov5640_camera.o
 .debug_macro   0x0000000000028a51       0x52 ./Drivers/BSP/stm32_ov5640_camera.o
 .debug_macro   0x0000000000028aa3      0x144 ./Drivers/BSP/stm32_ov5640_camera.o
 .debug_macro   0x0000000000028be7       0x6a ./Drivers/BSP/stm32_ov5640_camera.o
 .debug_macro   0x0000000000028c51      0x242 ./Drivers/BSP/stm32l496g_discovery.o
 .debug_macro   0x0000000000028e93      0x569 ./Drivers/BSP/stm32l496g_discovery.o
 .debug_macro   0x00000000000293fc      0x224 ./Drivers/BSP/stm32l496g_discovery_io.o
 .debug_macro   0x0000000000029620      0x227 ./Drivers/STM32L4xx_HAL_Driver/Src/stm32l4xx_hal.o
 .debug_macro   0x0000000000029847      0x1d9 ./Drivers/STM32L4xx_HAL_Driver/Src/stm32l4xx_hal_cortex.o
 .debug_macro   0x0000000000029a20      0x1e8 ./Drivers/STM32L4xx_HAL_Driver/Src/stm32l4xx_hal_dcmi.o
 .debug_macro   0x0000000000029c08      0x1d9 ./Drivers/STM32L4xx_HAL_Driver/Src/stm32l4xx_hal_dma.o
 .debug_macro   0x0000000000029de1      0x1e8 ./Drivers/STM32L4xx_HAL_Driver/Src/stm32l4xx_hal_dma2d.o
 .debug_macro   0x0000000000029fc9      0x1e0 ./Drivers/STM32L4xx_HAL_Driver/Src/stm32l4xx_hal_gpio.o
 .debug_macro   0x000000000002a1a9      0x2a5 ./Drivers/STM32L4xx_HAL_Driver/Src/stm32l4xx_hal_i2c.o
 .debug_macro   0x000000000002a44e      0x1d9 ./Drivers/STM32L4xx_HAL_Driver/Src/stm32l4xx_hal_i2c_ex.o
 .debug_macro   0x000000000002a627      0x203 ./Drivers/STM32L4xx_HAL_Driver/Src/stm32l4xx_hal_pwr_ex.o
 .debug_macro   0x000000000002a82a      0x21b ./Drivers/STM32L4xx_HAL_Driver/Src/stm32l4xx_hal_rcc.o
 .debug_macro   0x000000000002aa45      0x20f ./Drivers/STM32L4xx_HAL_Driver/Src/stm32l4xx_hal_rcc_ex.o
 .debug_macro   0x000000000002ac54      0x204 ./Drivers/STM32L4xx_HAL_Driver/Src/stm32l4xx_hal_uart.o
 .debug_macro   0x000000000002ae58      0x287 ./Src/main.o
 .debug_macro   0x000000000002b0df       0xb2 ./Src/main.o
 .debug_macro   0x000000000002b191      0x287 ./Src/stm32l4xx_hal_msp.o
 .debug_macro   0x000000000002b418      0x291 ./Src/stm32l4xx_it.o
 .debug_macro   0x000000000002b6a9      0x1d9 ./Src/system_stm32l4xx.o

.debug_line     0x0000000000000000    0x1867a
 .debug_line    0x0000000000000000      0xd43 ./Drivers/BSP/mfxstm32l152.o
 .debug_line    0x0000000000000d43     0x10a1 ./Drivers/BSP/ov5640.o
 .debug_line    0x0000000000001de4      0x469 ./Drivers/BSP/ov5640_reg.o
 .debug_line    0x000000000000224d      0xd44 ./Drivers/BSP/stm32_ov5640_bus.o
 .debug_line    0x0000000000002f91     0x12ae ./Drivers/BSP/stm32_ov5640_camera.o
 .debug_line    0x000000000000423f      0xf91 ./Drivers/BSP/stm32l496g_discovery.o
 .debug_line    0x00000000000051d0      0x99c ./Drivers/BSP/stm32l496g_discovery_io.o
 .debug_line    0x0000000000005b6c      0xc0b ./Drivers/STM32L4xx_HAL_Driver/Src/stm32l4xx_hal.o
 .debug_line    0x0000000000006777      0xdb2 ./Drivers/STM32L4xx_HAL_Driver/Src/stm32l4xx_hal_cortex.o
 .debug_line    0x0000000000007529     0x10b8 ./Drivers/STM32L4xx_HAL_Driver/Src/stm32l4xx_hal_dcmi.o
 .debug_line    0x00000000000085e1      0xdea ./Drivers/STM32L4xx_HAL_Driver/Src/stm32l4xx_hal_dma.o
 .debug_line    0x00000000000093cb     0x12ec ./Drivers/STM32L4xx_HAL_Driver/Src/stm32l4xx_hal_dma2d.o
 .debug_line    0x000000000000a6b7      0xc67 ./Drivers/STM32L4xx_HAL_Driver/Src/stm32l4xx_hal_gpio.o
 .debug_line    0x000000000000b31e     0x379d ./Drivers/STM32L4xx_HAL_Driver/Src/stm32l4xx_hal_i2c.o
 .debug_line    0x000000000000eabb      0xa39 ./Drivers/STM32L4xx_HAL_Driver/Src/stm32l4xx_hal_i2c_ex.o
 .debug_line    0x000000000000f4f4      0xdd1 ./Drivers/STM32L4xx_HAL_Driver/Src/stm32l4xx_hal_pwr_ex.o
 .debug_line    0x00000000000102c5     0x10cc ./Drivers/STM32L4xx_HAL_Driver/Src/stm32l4xx_hal_rcc.o
 .debug_line    0x0000000000011391     0x1813 ./Drivers/STM32L4xx_HAL_Driver/Src/stm32l4xx_hal_rcc_ex.o
 .debug_line    0x0000000000012ba4     0x3388 ./Drivers/STM32L4xx_HAL_Driver/Src/stm32l4xx_hal_uart.o
 .debug_line    0x0000000000015f2c      0xad1 ./Src/main.o
 .debug_line    0x00000000000169fd      0x945 ./Src/stm32l4xx_hal_msp.o
 .debug_line    0x0000000000017342      0xa08 ./Src/stm32l4xx_it.o
 .debug_line    0x0000000000017d4a      0x8ac ./Src/system_stm32l4xx.o
 .debug_line    0x00000000000185f6       0x84 ./Startup/startup_stm32l496agix.o

.debug_str      0x0000000000000000   0x104020
 .debug_str     0x0000000000000000     0x6737 ./Drivers/BSP/mfxstm32l152.o
                                       0x699f (size before relaxing)
 .debug_str     0x0000000000006737     0x578d ./Drivers/BSP/ov5640.o
                                       0x9699 (size before relaxing)
 .debug_str     0x000000000000bec4       0x43 ./Drivers/BSP/ov5640_reg.o
                                       0x87fd (size before relaxing)
 .debug_str     0x000000000000bf07    0xefbf1 ./Drivers/BSP/stm32_ov5640_bus.o
                                      0xf46dd (size before relaxing)
 .debug_str     0x00000000000fbaf8     0x3b23 ./Drivers/BSP/stm32_ov5640_camera.o
                                      0xfeeed (size before relaxing)
 .debug_str     0x00000000000ff61b      0xa75 ./Drivers/BSP/stm32l496g_discovery.o
                                      0xf99c3 (size before relaxing)
 .debug_str     0x0000000000100090       0xc5 ./Drivers/BSP/stm32l496g_discovery_io.o
                                      0xf840a (size before relaxing)
 .debug_str     0x0000000000100155      0x5b6 ./Drivers/STM32L4xx_HAL_Driver/Src/stm32l4xx_hal.o
                                      0xf40a8 (size before relaxing)
 .debug_str     0x000000000010070b      0x3d3 ./Drivers/STM32L4xx_HAL_Driver/Src/stm32l4xx_hal_cortex.o
                                      0xf3e05 (size before relaxing)
 .debug_str     0x0000000000100ade      0x33b ./Drivers/STM32L4xx_HAL_Driver/Src/stm32l4xx_hal_dcmi.o
                                      0xf3d72 (size before relaxing)
 .debug_str     0x0000000000100e19      0x248 ./Drivers/STM32L4xx_HAL_Driver/Src/stm32l4xx_hal_dma.o
                                      0xf379a (size before relaxing)
 .debug_str     0x0000000000101061      0x57e ./Drivers/STM32L4xx_HAL_Driver/Src/stm32l4xx_hal_dma2d.o
                                      0xf3b04 (size before relaxing)
 .debug_str     0x00000000001015df      0x161 ./Drivers/STM32L4xx_HAL_Driver/Src/stm32l4xx_hal_gpio.o
                                      0xf36fa (size before relaxing)
 .debug_str     0x0000000000101740      0xdaa ./Drivers/STM32L4xx_HAL_Driver/Src/stm32l4xx_hal_i2c.o
                                      0xf46ef (size before relaxing)
 .debug_str     0x00000000001024ea       0xb8 ./Drivers/STM32L4xx_HAL_Driver/Src/stm32l4xx_hal_i2c_ex.o
                                      0xf3a74 (size before relaxing)
 .debug_str     0x00000000001025a2      0x4eb ./Drivers/STM32L4xx_HAL_Driver/Src/stm32l4xx_hal_pwr_ex.o
                                      0xf3a99 (size before relaxing)
 .debug_str     0x0000000000102a8d      0x52f ./Drivers/STM32L4xx_HAL_Driver/Src/stm32l4xx_hal_rcc.o
                                      0xf3b35 (size before relaxing)
 .debug_str     0x0000000000102fbc      0x587 ./Drivers/STM32L4xx_HAL_Driver/Src/stm32l4xx_hal_rcc_ex.o
                                      0xf3ecb (size before relaxing)
 .debug_str     0x0000000000103543      0x8d7 ./Drivers/STM32L4xx_HAL_Driver/Src/stm32l4xx_hal_uart.o
                                      0xf41b6 (size before relaxing)
 .debug_str     0x0000000000103e1a       0xc7 ./Src/main.o
                                      0xfe99e (size before relaxing)
 .debug_str     0x0000000000103ee1       0x1b ./Src/stm32l4xx_hal_msp.o
                                      0xfddae (size before relaxing)
 .debug_str     0x0000000000103efc       0xb8 ./Src/stm32l4xx_it.o
                                      0xfdce2 (size before relaxing)
 .debug_str     0x0000000000103fb4       0x3b ./Src/system_stm32l4xx.o
                                      0xf352f (size before relaxing)
 .debug_str     0x0000000000103fef       0x31 ./Startup/startup_stm32l496agix.o
                                         0x78 (size before relaxing)

.comment        0x0000000000000000       0x53
 .comment       0x0000000000000000       0x53 ./Drivers/BSP/mfxstm32l152.o
                                         0x54 (size before relaxing)
 .comment       0x0000000000000053       0x54 ./Drivers/BSP/ov5640.o
 .comment       0x0000000000000053       0x54 ./Drivers/BSP/ov5640_reg.o
 .comment       0x0000000000000053       0x54 ./Drivers/BSP/stm32_ov5640_bus.o
 .comment       0x0000000000000053       0x54 ./Drivers/BSP/stm32_ov5640_camera.o
 .comment       0x0000000000000053       0x54 ./Drivers/BSP/stm32l496g_discovery.o
 .comment       0x0000000000000053       0x54 ./Drivers/BSP/stm32l496g_discovery_io.o
 .comment       0x0000000000000053       0x54 ./Drivers/STM32L4xx_HAL_Driver/Src/stm32l4xx_hal.o
 .comment       0x0000000000000053       0x54 ./Drivers/STM32L4xx_HAL_Driver/Src/stm32l4xx_hal_cortex.o
 .comment       0x0000000000000053       0x54 ./Drivers/STM32L4xx_HAL_Driver/Src/stm32l4xx_hal_dcmi.o
 .comment       0x0000000000000053       0x54 ./Drivers/STM32L4xx_HAL_Driver/Src/stm32l4xx_hal_dma.o
 .comment       0x0000000000000053       0x54 ./Drivers/STM32L4xx_HAL_Driver/Src/stm32l4xx_hal_dma2d.o
 .comment       0x0000000000000053       0x54 ./Drivers/STM32L4xx_HAL_Driver/Src/stm32l4xx_hal_gpio.o
 .comment       0x0000000000000053       0x54 ./Drivers/STM32L4xx_HAL_Driver/Src/stm32l4xx_hal_i2c.o
 .comment       0x0000000000000053       0x54 ./Drivers/STM32L4xx_HAL_Driver/Src/stm32l4xx_hal_i2c_ex.o
 .comment       0x0000000000000053       0x54 ./Drivers/STM32L4xx_HAL_Driver/Src/stm32l4xx_hal_pwr_ex.o
 .comment       0x0000000000000053       0x54 ./Drivers/STM32L4xx_HAL_Driver/Src/stm32l4xx_hal_rcc.o
 .comment       0x0000000000000053       0x54 ./Drivers/STM32L4xx_HAL_Driver/Src/stm32l4xx_hal_rcc_ex.o
 .comment       0x0000000000000053       0x54 ./Drivers/STM32L4xx_HAL_Driver/Src/stm32l4xx_hal_uart.o
 .comment       0x0000000000000053       0x54 ./Src/main.o
 .comment       0x0000000000000053       0x54 ./Src/stm32l4xx_hal_msp.o
 .comment       0x0000000000000053       0x54 ./Src/stm32l4xx_it.o
 .comment       0x0000000000000053       0x54 ./Src/system_stm32l4xx.o

.debug_frame    0x0000000000000000     0x57bc