stm32l496g_discovery.c:208:13:BSP_ErrorHandler	4	static
stm32l496g_discovery.c:221:10:BSP_GetVersion	4	static
stm32l496g_discovery.c:236:6:BSP_LED_Init	40	static
stm32l496g_discovery.c:280:6:BSP_LED_DeInit	24	static
stm32l496g_discovery.c:300:6:BSP_LED_On	16	static
stm32l496g_discovery.c:321:6:BSP_LED_Off	16	static
stm32l496g_discovery.c:342:6:BSP_LED_Toggle	16	static
stm32l496g_discovery.c:363:9:BSP_JOY_Init	64	static
stm32l496g_discovery.c:402:6:BSP_JOY_DeInit	32	static
stm32l496g_discovery.c:427:18:BSP_JOY_GetState	16	static
stm32l496g_discovery.c:453:6:BSP_COM_Init	48	static
stm32l496g_discovery.c:490:6:BSP_COM_DeInit	16	static
stm32l496g_discovery.c:525:6:I2C2_Init	8	static
stm32l496g_discovery.c:549:13:I2C2_MspInit	192	static
stm32l496g_discovery.c:598:6:I2C2_DeInit	8	static
stm32l496g_discovery.c:613:13:I2C2_MspDeInit	24	static
stm32l496g_discovery.c:648:13:I2C2_WriteData	48	static,ignoring_inline_asm
stm32l496g_discovery.c:676:26:I2C2_WriteBuffer	48	static,ignoring_inline_asm
stm32l496g_discovery.c:704:16:I2C2_ReadData	40	static,ignoring_inline_asm
stm32l496g_discovery.c:726:16:I2C2_isDeviceReady	24	static,ignoring_inline_asm
stm32l496g_discovery.c:757:26:I2C2_ReadBuffer	48	static,ignoring_inline_asm
stm32l496g_discovery.c:781:13:I2C2_Error	8	static
stm32l496g_discovery.c:800:13:I2Cx_Init	16	static
stm32l496g_discovery.c:855:26:I2Cx_ReadMultiple	48	static
stm32l496g_discovery.c:885:26:I2Cx_WriteMultiple	48	static
stm32l496g_discovery.c:911:13:I2Cx_Error	16	static
stm32l496g_discovery.c:941:6:MFX_IO_Init	8	static
stm32l496g_discovery.c:956:6:MFX_IO_DeInit	40	static
stm32l496g_discovery.c:983:6:MFX_IO_ITConfig	32	static
stm32l496g_discovery.c:1006:6:MFX_IO_EnableWakeupPin	32	static
stm32l496g_discovery.c:1025:6:MFX_IO_Wakeup	8	static
stm32l496g_discovery.c:1044:6:MFX_IO_Write	16	static
stm32l496g_discovery.c:1055:9:MFX_IO_Read	16	static
stm32l496g_discovery.c:1068:10:MFX_IO_ReadMultiple	32	static
stm32l496g_discovery.c:1081:6:MFX_IO_WriteMultiple	32	static
stm32l496g_discovery.c:1091:6:MFX_IO_Delay	16	static
stm32l496g_discovery.c:1103:6:CAMERA_IO_Init	8	static
stm32l496g_discovery.c:1115:6:CAMERA_IO_Write	24	static
stm32l496g_discovery.c:1126:9:CAMERA_IO_Read	32	static
stm32l496g_discovery.c:1140:6:CAMERA_Delay	16	static
stm32l496g_discovery.c:1148:16:BSP_LCD_Init	16	static
