stm32_ov5640_camera.c:207:9:BSP_CAMERA_Init	32	static
stm32_ov5640_camera.c:319:9:BSP_CAMERA_DeInit	24	static
stm32_ov5640_camera.c:381:26:MX_DCMI_Init	16	static
stm32_ov5640_camera.c:480:9:BSP_CAMERA_Start	40	static
stm32_ov5640_camera.c:506:9:BSP_CAMERA_Stop	24	static
stm32_ov5640_camera.c:531:9:BSP_CAMERA_Suspend	24	static
stm32_ov5640_camera.c:556:9:BSP_CAMERA_Resume	24	static
stm32_ov5640_camera.c:585:9:BSP_CAMERA_GetCapabilities	24	static
stm32_ov5640_camera.c:612:9:BSP_CAMERA_SetPixelFormat	24	static
stm32_ov5640_camera.c:640:9:BSP_CAMERA_GetPixelFormat	24	static
stm32_ov5640_camera.c:665:9:BSP_CAMERA_SetResolution	24	static
stm32_ov5640_camera.c:697:9:BSP_CAMERA_GetResolution	24	static
stm32_ov5640_camera.c:725:9:BSP_CAMERA_SetLightMode	24	static
stm32_ov5640_camera.c:757:9:BSP_CAMERA_GetLightMode	24	static
stm32_ov5640_camera.c:785:9:BSP_CAMERA_SetColorEffect	24	static
stm32_ov5640_camera.c:817:9:BSP_CAMERA_GetColorEffect	24	static
stm32_ov5640_camera.c:845:9:BSP_CAMERA_SetBrightness	24	static
stm32_ov5640_camera.c:877:9:BSP_CAMERA_GetBrightness	24	static
stm32_ov5640_camera.c:905:9:BSP_CAMERA_SetSaturation	24	static
stm32_ov5640_camera.c:937:9:BSP_CAMERA_GetSaturation	24	static
stm32_ov5640_camera.c:965:9:BSP_CAMERA_SetContrast	24	static
stm32_ov5640_camera.c:997:9:BSP_CAMERA_GetContrast	24	static
stm32_ov5640_camera.c:1025:9:BSP_CAMERA_SetHueDegree	24	static
stm32_ov5640_camera.c:1057:9:BSP_CAMERA_GetHueDegree	24	static
stm32_ov5640_camera.c:1086:9:BSP_CAMERA_SetMirrorFlip	24	static
stm32_ov5640_camera.c:1118:9:BSP_CAMERA_GetMirrorFlip	24	static
stm32_ov5640_camera.c:1146:9:BSP_CAMERA_SetZoom	24	static
stm32_ov5640_camera.c:1178:9:BSP_CAMERA_GetZoom	24	static
stm32_ov5640_camera.c:1205:9:BSP_CAMERA_EnableNightMode	24	static
stm32_ov5640_camera.c:1235:9:BSP_CAMERA_DisableNightMode	24	static
stm32_ov5640_camera.c:1265:9:BSP_CAMERA_HwReset	40	static
stm32_ov5640_camera.c:1296:9:BSP_CAMERA_PwrDown	48	static
stm32_ov5640_camera.c:1329:9:BSP_CAMERA_PwrUp	48	static
stm32_ov5640_camera.c:1361:6:DCMI_IRQHandler	16	static
stm32_ov5640_camera.c:1374:6:DMA2_Channel6_IRQHandler	16	static
stm32_ov5640_camera.c:1396:16:GetSize	24	static
stm32_ov5640_camera.c:1438:13:DCMI_MspInit	64	static
stm32_ov5640_camera.c:1520:13:DCMI_MspDeInit	40	static
stm32_ov5640_camera.c:1561:6:HAL_DCMI_LineEventCallback	16	static
stm32_ov5640_camera.c:1574:6:HAL_DCMI_FrameEventCallback	16	static
stm32_ov5640_camera.c:1587:6:HAL_DCMI_VsyncEventCallback	16	static
stm32_ov5640_camera.c:1600:6:HAL_DCMI_ErrorCallback	16	static
stm32_ov5640_camera.c:1666:13:BSP_CAMERA_LineEventCallback	16	static
stm32_ov5640_camera.c:1681:13:BSP_CAMERA_FrameEventCallback	16	static
stm32_ov5640_camera.c:1696:13:BSP_CAMERA_VsyncEventCallback	16	static
stm32_ov5640_camera.c:1711:13:BSP_CAMERA_ErrorCallback	16	static
stm32_ov5640_camera.c:1790:16:OV5640_Probe	48	static
