stm32_ov5640_camera.c:207:9:BSP_CAMERA_Init	40	static
stm32_ov5640_camera.c:341:9:BSP_CAMERA_DeInit	24	static
stm32_ov5640_camera.c:403:26:MX_DCMI_Init	16	static
stm32_ov5640_camera.c:502:9:BSP_CAMERA_Start	40	static
stm32_ov5640_camera.c:528:9:BSP_CAMERA_Stop	24	static
stm32_ov5640_camera.c:553:9:BSP_CAMERA_Suspend	24	static
stm32_ov5640_camera.c:578:9:BSP_CAMERA_Resume	24	static
stm32_ov5640_camera.c:607:9:BSP_CAMERA_GetCapabilities	24	static
stm32_ov5640_camera.c:634:9:BSP_CAMERA_SetPixelFormat	24	static
stm32_ov5640_camera.c:662:9:BSP_CAMERA_GetPixelFormat	24	static
stm32_ov5640_camera.c:687:9:BSP_CAMERA_SetResolution	24	static
stm32_ov5640_camera.c:719:9:BSP_CAMERA_GetResolution	24	static
stm32_ov5640_camera.c:747:9:BSP_CAMERA_SetLightMode	24	static
stm32_ov5640_camera.c:779:9:BSP_CAMERA_GetLightMode	24	static
stm32_ov5640_camera.c:807:9:BSP_CAMERA_SetColorEffect	24	static
stm32_ov5640_camera.c:839:9:BSP_CAMERA_GetColorEffect	24	static
stm32_ov5640_camera.c:867:9:BSP_CAMERA_SetBrightness	24	static
stm32_ov5640_camera.c:899:9:BSP_CAMERA_GetBrightness	24	static
stm32_ov5640_camera.c:927:9:BSP_CAMERA_SetSaturation	24	static
stm32_ov5640_camera.c:959:9:BSP_CAMERA_GetSaturation	24	static
stm32_ov5640_camera.c:987:9:BSP_CAMERA_SetContrast	24	static
stm32_ov5640_camera.c:1019:9:BSP_CAMERA_GetContrast	24	static
stm32_ov5640_camera.c:1047:9:BSP_CAMERA_SetHueDegree	24	static
stm32_ov5640_camera.c:1079:9:BSP_CAMERA_GetHueDegree	24	static
stm32_ov5640_camera.c:1108:9:BSP_CAMERA_SetMirrorFlip	24	static
stm32_ov5640_camera.c:1140:9:BSP_CAMERA_GetMirrorFlip	24	static
stm32_ov5640_camera.c:1168:9:BSP_CAMERA_SetZoom	24	static
stm32_ov5640_camera.c:1200:9:BSP_CAMERA_GetZoom	24	static
stm32_ov5640_camera.c:1227:9:BSP_CAMERA_EnableNightMode	24	static
stm32_ov5640_camera.c:1257:9:BSP_CAMERA_DisableNightMode	24	static
stm32_ov5640_camera.c:1287:9:BSP_CAMERA_HwReset	40	static
stm32_ov5640_camera.c:1318:9:BSP_CAMERA_PwrDown	48	static
stm32_ov5640_camera.c:1351:9:BSP_CAMERA_PwrUp	48	static
stm32_ov5640_camera.c:1383:6:DCMI_IRQHandler	16	static
stm32_ov5640_camera.c:1396:6:DMA2_Channel6_IRQHandler	16	static
stm32_ov5640_camera.c:1418:16:GetSize	24	static
stm32_ov5640_camera.c:1460:13:DCMI_MspInit	64	static
stm32_ov5640_camera.c:1546:13:DCMI_MspDeInit	40	static
stm32_ov5640_camera.c:1587:6:HAL_DCMI_LineEventCallback	16	static
stm32_ov5640_camera.c:1600:6:HAL_DCMI_FrameEventCallback	16	static
stm32_ov5640_camera.c:1613:6:HAL_DCMI_VsyncEventCallback	16	static
stm32_ov5640_camera.c:1626:6:HAL_DCMI_ErrorCallback	16	static
stm32_ov5640_camera.c:1692:13:BSP_CAMERA_LineEventCallback	16	static
stm32_ov5640_camera.c:1707:13:BSP_CAMERA_FrameEventCallback	16	static
stm32_ov5640_camera.c:1722:13:BSP_CAMERA_VsyncEventCallback	16	static
stm32_ov5640_camera.c:1737:13:BSP_CAMERA_ErrorCallback	16	static
stm32_ov5640_camera.c:1760:16:OV9655_Probe	48	static
stm32_ov5640_camera.c:1816:16:OV5640_Probe	48	static
