stm32_ov5640_bus.c:189:9:BSP_I2C2_Init	16	static
stm32_ov5640_bus.c:240:9:BSP_I2C2_DeInit	16	static
stm32_ov5640_bus.c:267:26:MX_I2C2_Init	24	static
stm32_ov5640_bus.c:313:9:BSP_I2C2_WriteReg	40	static
stm32_ov5640_bus.c:350:9:BSP_I2C2_ReadReg	40	static
stm32_ov5640_bus.c:387:9:BSP_I2C2_WriteReg16	40	static
stm32_ov5640_bus.c:424:9:BSP_I2C2_ReadReg16	40	static
stm32_ov5640_bus.c:460:9:BSP_I2C2_IsReady	24	static
stm32_ov5640_bus.c:482:9:BSP_GetTick	8	static
stm32_ov5640_bus.c:571:17:I2C_GetTiming	32	static
stm32_ov5640_bus.c:609:13:I2C_Compute_PRESC_SCLDEL_SDADEL	64	static
stm32_ov5640_bus.c:690:17:I2C_Compute_SCLL_SCLH	80	static
stm32_ov5640_bus.c:768:13:I2C2_MspInit	48	static
stm32_ov5640_bus.c:813:13:I2C2_MspDeInit	40	static
stm32_ov5640_bus.c:839:16:I2C2_WriteReg	40	static
stm32_ov5640_bus.c:858:16:I2C2_ReadReg	40	static
